Archive member included because of file (symbol)

c:/winavr-20100110/bin/../lib/gcc/avr/4.3.3/avr25\libgcc.a(_udivmodhi4.o)
                              timer.o (__udivmodhi4)
c:/winavr-20100110/bin/../lib/gcc/avr/4.3.3/avr25\libgcc.a(_exit.o)
                              c:/winavr-20100110/bin/../lib/gcc/avr/4.3.3/../../../../avr/lib/avr25/crttn85.o (exit)
c:/winavr-20100110/bin/../lib/gcc/avr/4.3.3/avr25\libgcc.a(_copy_data.o)
                              timer.o (__do_copy_data)
c:/winavr-20100110/bin/../lib/gcc/avr/4.3.3/avr25\libgcc.a(_clear_bss.o)
                              timer.o (__do_clear_bss)

Discarded input sections

 .data          0x00000000        0x0 c:/winavr-20100110/bin/../lib/gcc/avr/4.3.3/../../../../avr/lib/avr25/crttn85.o
 .bss           0x00000000        0x0 c:/winavr-20100110/bin/../lib/gcc/avr/4.3.3/../../../../avr/lib/avr25/crttn85.o
 .text          0x00000000        0x0 adc.o
 .data          0x00000000        0x0 adc.o
 .bss           0x00000000        0x0 adc.o
 .text.adc_init
                0x00000000        0x0 adc.o
 .text.adc_get_value
                0x00000000        0x0 adc.o
 .text.adc_get_value_ref
                0x00000000        0x0 adc.o
 .text          0x00000000        0x0 main.o
 .data          0x00000000        0x0 main.o
 .bss           0x00000000        0x0 main.o
 .text          0x00000000        0x0 portHardware.o
 .data          0x00000000        0x0 portHardware.o
 .bss           0x00000000        0x0 portHardware.o
 .text          0x00000000        0x0 timer.o
 .data          0x00000000        0x0 timer.o
 .bss           0x00000000        0x0 timer.o
 .text.Timer1_Init
                0x00000000        0x0 timer.o
 .data.toggleMsTime
                0x00000000        0x0 timer.o
 .bss.adcValue  0x00000000        0x0 timer.o
 .text          0x00000000        0x0 c:/winavr-20100110/bin/../lib/gcc/avr/4.3.3/avr25\libgcc.a(_udivmodhi4.o)
 .data          0x00000000        0x0 c:/winavr-20100110/bin/../lib/gcc/avr/4.3.3/avr25\libgcc.a(_udivmodhi4.o)
 .bss           0x00000000        0x0 c:/winavr-20100110/bin/../lib/gcc/avr/4.3.3/avr25\libgcc.a(_udivmodhi4.o)
 .text          0x00000000        0x0 c:/winavr-20100110/bin/../lib/gcc/avr/4.3.3/avr25\libgcc.a(_exit.o)
 .data          0x00000000        0x0 c:/winavr-20100110/bin/../lib/gcc/avr/4.3.3/avr25\libgcc.a(_exit.o)
 .bss           0x00000000        0x0 c:/winavr-20100110/bin/../lib/gcc/avr/4.3.3/avr25\libgcc.a(_exit.o)
 .text.libgcc   0x00000000        0x0 c:/winavr-20100110/bin/../lib/gcc/avr/4.3.3/avr25\libgcc.a(_exit.o)
 .text          0x00000000        0x0 c:/winavr-20100110/bin/../lib/gcc/avr/4.3.3/avr25\libgcc.a(_copy_data.o)
 .data          0x00000000        0x0 c:/winavr-20100110/bin/../lib/gcc/avr/4.3.3/avr25\libgcc.a(_copy_data.o)
 .bss           0x00000000        0x0 c:/winavr-20100110/bin/../lib/gcc/avr/4.3.3/avr25\libgcc.a(_copy_data.o)
 .text.libgcc   0x00000000        0x0 c:/winavr-20100110/bin/../lib/gcc/avr/4.3.3/avr25\libgcc.a(_copy_data.o)
 .text          0x00000000        0x0 c:/winavr-20100110/bin/../lib/gcc/avr/4.3.3/avr25\libgcc.a(_clear_bss.o)
 .data          0x00000000        0x0 c:/winavr-20100110/bin/../lib/gcc/avr/4.3.3/avr25\libgcc.a(_clear_bss.o)
 .bss           0x00000000        0x0 c:/winavr-20100110/bin/../lib/gcc/avr/4.3.3/avr25\libgcc.a(_clear_bss.o)
 .text.libgcc   0x00000000        0x0 c:/winavr-20100110/bin/../lib/gcc/avr/4.3.3/avr25\libgcc.a(_clear_bss.o)

Memory Configuration

Name             Origin             Length             Attributes
text             0x00000000         0x00002000         xr
data             0x00800060         0x0000ffa0         rw !x
eeprom           0x00810000         0x00010000         rw !x
fuse             0x00820000         0x00000400         rw !x
lock             0x00830000         0x00000400         rw !x
signature        0x00840000         0x00000400         rw !x
*default*        0x00000000         0xffffffff

Linker script and memory map

LOAD c:/winavr-20100110/bin/../lib/gcc/avr/4.3.3/../../../../avr/lib/avr25/crttn85.o
LOAD adc.o
LOAD main.o
LOAD portHardware.o
LOAD timer.o
START GROUP
LOAD c:/winavr-20100110/bin/../lib/gcc/avr/4.3.3/../../../../avr/lib/avr25\libm.a
END GROUP
LOAD c:/winavr-20100110/bin/../lib/gcc/avr/4.3.3/avr25\libgcc.a
LOAD c:/winavr-20100110/bin/../lib/gcc/avr/4.3.3/../../../../avr/lib/avr25\libc.a
LOAD c:/winavr-20100110/bin/../lib/gcc/avr/4.3.3/avr25\libgcc.a

.hash
 *(.hash)

.dynsym
 *(.dynsym)

.dynstr
 *(.dynstr)

.gnu.version
 *(.gnu.version)

.gnu.version_d
 *(.gnu.version_d)

.gnu.version_r
 *(.gnu.version_r)

.rel.init
 *(.rel.init)

.rela.init
 *(.rela.init)

.rel.text
 *(.rel.text)
 *(.rel.text.*)
 *(.rel.gnu.linkonce.t*)

.rela.text
 *(.rela.text)
 *(.rela.text.*)
 *(.rela.gnu.linkonce.t*)

.rel.fini
 *(.rel.fini)

.rela.fini
 *(.rela.fini)

.rel.rodata
 *(.rel.rodata)
 *(.rel.rodata.*)
 *(.rel.gnu.linkonce.r*)

.rela.rodata
 *(.rela.rodata)
 *(.rela.rodata.*)
 *(.rela.gnu.linkonce.r*)

.rel.data
 *(.rel.data)
 *(.rel.data.*)
 *(.rel.gnu.linkonce.d*)

.rela.data
 *(.rela.data)
 *(.rela.data.*)
 *(.rela.gnu.linkonce.d*)

.rel.ctors
 *(.rel.ctors)

.rela.ctors
 *(.rela.ctors)

.rel.dtors
 *(.rel.dtors)

.rela.dtors
 *(.rela.dtors)

.rel.got
 *(.rel.got)

.rela.got
 *(.rela.got)

.rel.bss
 *(.rel.bss)

.rela.bss
 *(.rela.bss)

.rel.plt
 *(.rel.plt)

.rela.plt
 *(.rela.plt)

.text           0x00000000      0x340
 *(.vectors)
 .vectors       0x00000000       0x1e c:/winavr-20100110/bin/../lib/gcc/avr/4.3.3/../../../../avr/lib/avr25/crttn85.o
                0x00000000                __vectors
                0x00000000                __vector_default
 *(.vectors)
 *(.progmem.gcc*)
 *(.progmem*)
                0x0000001e                . = ALIGN (0x2)
                0x0000001e                __trampolines_start = .
 *(.trampolines)
 .trampolines   0x0000001e        0x0 linker stubs
 *(.trampolines*)
                0x0000001e                __trampolines_end = .
 *(.jumptables)
 *(.jumptables*)
 *(.lowtext)
 *(.lowtext*)
                0x0000001e                __ctors_start = .
 *(.ctors)
                0x0000001e                __ctors_end = .
                0x0000001e                __dtors_start = .
 *(.dtors)
                0x0000001e                __dtors_end = .
 SORT(*)(.ctors)
 SORT(*)(.dtors)
 *(.init0)
 .init0         0x0000001e        0x0 c:/winavr-20100110/bin/../lib/gcc/avr/4.3.3/../../../../avr/lib/avr25/crttn85.o
                0x0000001e                __init
 *(.init0)
 *(.init1)
 *(.init1)
 *(.init2)
 .init2         0x0000001e        0xc c:/winavr-20100110/bin/../lib/gcc/avr/4.3.3/../../../../avr/lib/avr25/crttn85.o
 *(.init2)
 *(.init3)
 *(.init3)
 *(.init4)
 .init4         0x0000002a       0x16 c:/winavr-20100110/bin/../lib/gcc/avr/4.3.3/avr25\libgcc.a(_copy_data.o)
                0x0000002a                __do_copy_data
 .init4         0x00000040       0x10 c:/winavr-20100110/bin/../lib/gcc/avr/4.3.3/avr25\libgcc.a(_clear_bss.o)
                0x00000040                __do_clear_bss
 *(.init4)
 *(.init5)
 *(.init5)
 *(.init6)
 *(.init6)
 *(.init7)
 *(.init7)
 *(.init8)
 *(.init8)
 *(.init9)
 .init9         0x00000050        0x4 c:/winavr-20100110/bin/../lib/gcc/avr/4.3.3/../../../../avr/lib/avr25/crttn85.o
 *(.init9)
 *(.text)
 .text          0x00000054        0x2 c:/winavr-20100110/bin/../lib/gcc/avr/4.3.3/../../../../avr/lib/avr25/crttn85.o
                0x00000054                __vector_1
                0x00000054                __vector_12
                0x00000054                __bad_interrupt
                0x00000054                __vector_6
                0x00000054                __vector_13
                0x00000054                __vector_2
                0x00000054                __vector_14
                0x00000056                . = ALIGN (0x2)
 *(.text.*)
 .text.Analog_Comparator_init
                0x00000056       0x32 adc.o
                0x00000056                Analog_Comparator_init
 .text.__vector_7
                0x00000088       0x2a adc.o
                0x00000088                __vector_7
 .text.__vector_8
                0x000000b2       0x14 adc.o
                0x000000b2                __vector_8
 .text.init     0x000000c6       0x40 main.o
                0x000000c6                init
 .text.main     0x00000106        0x6 main.o
                0x00000106                main
 .text.initLEDs
                0x0000010c       0x12 portHardware.o
                0x0000010c                initLEDs
 .text.initButtons
                0x0000011e        0xc portHardware.o
                0x0000011e                initButtons
 .text.toggleLED
                0x0000012a       0x26 portHardware.o
                0x0000012a                toggleLED
 .text.buttonIsPressed
                0x00000150       0x1e portHardware.o
                0x00000150                buttonIsPressed
 .text.Timer0_Init
                0x0000016e       0x22 timer.o
                0x0000016e                Timer0_Init
 .text.__vector_10
                0x00000190       0x14 timer.o
                0x00000190                __vector_10
 .text.__vector_11
                0x000001a4       0x14 timer.o
                0x000001a4                __vector_11
 .text.__vector_4
                0x000001b8       0x72 timer.o
                0x000001b8                __vector_4
 .text.__vector_3
                0x0000022a       0x14 timer.o
                0x0000022a                __vector_3
 .text.__vector_9
                0x0000023e       0x14 timer.o
                0x0000023e                __vector_9
 .text.__vector_5
                0x00000252       0xc2 timer.o
                0x00000252                __vector_5
 .text.libgcc   0x00000314       0x28 c:/winavr-20100110/bin/../lib/gcc/avr/4.3.3/avr25\libgcc.a(_udivmodhi4.o)
                0x00000314                __udivmodhi4
                0x0000033c                . = ALIGN (0x2)
 *(.fini9)
 .fini9         0x0000033c        0x0 c:/winavr-20100110/bin/../lib/gcc/avr/4.3.3/avr25\libgcc.a(_exit.o)
                0x0000033c                exit
                0x0000033c                _exit
 *(.fini9)
 *(.fini8)
 *(.fini8)
 *(.fini7)
 *(.fini7)
 *(.fini6)
 *(.fini6)
 *(.fini5)
 *(.fini5)
 *(.fini4)
 *(.fini4)
 *(.fini3)
 *(.fini3)
 *(.fini2)
 *(.fini2)
 *(.fini1)
 *(.fini1)
 *(.fini0)
 .fini0         0x0000033c        0x4 c:/winavr-20100110/bin/../lib/gcc/avr/4.3.3/avr25\libgcc.a(_exit.o)
 *(.fini0)
                0x00000340                _etext = .

.data           0x00800060        0x0 load address 0x00000340
                0x00800060                PROVIDE (__data_start, .)
 *(.data)
 *(.data*)
 *(.rodata)
 *(.rodata*)
 *(.gnu.linkonce.d*)
                0x00800060                . = ALIGN (0x2)
                0x00800060                _edata = .
                0x00800060                PROVIDE (__data_end, .)

.bss            0x00800060        0x8
                0x00800060                PROVIDE (__bss_start, .)
 *(.bss)
 *(.bss*)
 .bss.repeat_cnt0
                0x00800060        0x2 timer.o
                0x00800060                repeat_cnt0
 .bss.repeat_cnt1
                0x00800062        0x2 timer.o
                0x00800062                repeat_cnt1
 .bss.msCountedTimer0
                0x00800064        0x2 timer.o
                0x00800064                msCountedTimer0
 .bss.msCountedTimer1
                0x00800066        0x2 timer.o
                0x00800066                msCountedTimer1
 *(COMMON)
                0x00800068                PROVIDE (__bss_end, .)
                0x00000340                __data_load_start = LOADADDR (.data)
                0x00000340                __data_load_end = (__data_load_start + SIZEOF (.data))

.noinit         0x00800068        0x0
                0x00800068                PROVIDE (__noinit_start, .)
 *(.noinit*)
                0x00800068                PROVIDE (__noinit_end, .)
                0x00800068                _end = .
                0x00800068                PROVIDE (__heap_start, .)

.eeprom         0x00810000        0x0
 *(.eeprom*)
                0x00810000                __eeprom_end = .

.fuse
 *(.fuse)
 *(.lfuse)
 *(.hfuse)
 *(.efuse)

.lock
 *(.lock*)

.signature
 *(.signature*)

.stab
 *(.stab)

.stabstr
 *(.stabstr)

.stab.excl
 *(.stab.excl)

.stab.exclstr
 *(.stab.exclstr)

.stab.index
 *(.stab.index)

.stab.indexstr
 *(.stab.indexstr)

.comment
 *(.comment)

.debug
 *(.debug)

.line
 *(.line)

.debug_srcinfo
 *(.debug_srcinfo)

.debug_sfnames
 *(.debug_sfnames)

.debug_aranges  0x00000000      0x100
 *(.debug_aranges)
 .debug_aranges
                0x00000000       0x48 adc.o
 .debug_aranges
                0x00000048       0x28 main.o
 .debug_aranges
                0x00000070       0x38 portHardware.o
 .debug_aranges
                0x000000a8       0x58 timer.o

.debug_pubnames
                0x00000000      0x1e9
 *(.debug_pubnames)
 .debug_pubnames
                0x00000000       0x80 adc.o
 .debug_pubnames
                0x00000080       0x24 main.o
 .debug_pubnames
                0x000000a4       0x51 portHardware.o
 .debug_pubnames
                0x000000f5       0xf4 timer.o

.debug_info     0x00000000      0x56d
 *(.debug_info)
 .debug_info    0x00000000      0x1df adc.o
 .debug_info    0x000001df      0x135 main.o
 .debug_info    0x00000314       0xe1 portHardware.o
 .debug_info    0x000003f5      0x178 timer.o
 *(.gnu.linkonce.wi.*)

.debug_abbrev   0x00000000      0x28c
 *(.debug_abbrev)
 .debug_abbrev  0x00000000       0xda adc.o
 .debug_abbrev  0x000000da       0xc8 main.o
 .debug_abbrev  0x000001a2       0x7e portHardware.o
 .debug_abbrev  0x00000220       0x6c timer.o

.debug_line     0x00000000      0x66a
 *(.debug_line)
 .debug_line    0x00000000      0x21f adc.o
 .debug_line    0x0000021f      0x170 main.o
 .debug_line    0x0000038f       0xfd portHardware.o
 .debug_line    0x0000048c      0x1de timer.o

.debug_frame    0x00000000      0x180
 *(.debug_frame)
 .debug_frame   0x00000000       0x70 adc.o
 .debug_frame   0x00000070       0x30 main.o
 .debug_frame   0x000000a0       0x50 portHardware.o
 .debug_frame   0x000000f0       0x90 timer.o

.debug_str      0x00000000      0x253
 *(.debug_str)
 .debug_str     0x00000000      0x13a adc.o
                                0x173 (size before relaxing)
 .debug_str     0x0000013a       0x11 main.o
                                0x128 (size before relaxing)
 .debug_str     0x0000014b       0x51 portHardware.o
                                0x120 (size before relaxing)
 .debug_str     0x0000019c       0xb7 timer.o
                                0x186 (size before relaxing)

.debug_loc      0x00000000       0xe1
 *(.debug_loc)
 .debug_loc     0x00000000       0x69 adc.o
 .debug_loc     0x00000069       0x18 main.o
 .debug_loc     0x00000081       0x60 portHardware.o

.debug_macinfo
 *(.debug_macinfo)
OUTPUT(RetrolitTxV2.1.elf elf32-avr)
LOAD linker stubs

.debug_ranges   0x00000000      0x128
 .debug_ranges  0x00000000       0x40 adc.o
 .debug_ranges  0x00000040       0x68 main.o
 .debug_ranges  0x000000a8       0x30 portHardware.o
 .debug_ranges  0x000000d8       0x50 timer.o
