Archive member included because of file (symbol)

C:\Users\gregory.byrne\Desktop\Projects\Electrical Engineering\AVR\Avr\AVR Working\Webot\libWebbot-ATMega168.a(LB1836M.o)
                              TheBoatRx.o (sanyoLB1836M_Init)
C:\Users\gregory.byrne\Desktop\Projects\Electrical Engineering\AVR\Avr\AVR Working\Webot\libWebbot-ATMega168.a(_uart_common.o)
                              TheBoatRx.o (_uartInit)
C:\Users\gregory.byrne\Desktop\Projects\Electrical Engineering\AVR\Avr\AVR Working\Webot\libWebbot-ATMega168.a(actuators.o)
                              TheBoatRx.o (__act_setSpeed)
C:\Users\gregory.byrne\Desktop\Projects\Electrical Engineering\AVR\Avr\AVR Working\Webot\libWebbot-ATMega168.a(buffer.o)
                              C:\Users\gregory.byrne\Desktop\Projects\Electrical Engineering\AVR\Avr\AVR Working\Webot\libWebbot-ATMega168.a(_uart_common.o) (bufferGet)
C:\Users\gregory.byrne\Desktop\Projects\Electrical Engineering\AVR\Avr\AVR Working\Webot\libWebbot-ATMega168.a(core.o)
                              C:\Users\gregory.byrne\Desktop\Projects\Electrical Engineering\AVR\Avr\AVR Working\Webot\libWebbot-ATMega168.a(_uart_common.o) (breathe)
C:\Users\gregory.byrne\Desktop\Projects\Electrical Engineering\AVR\Avr\AVR Working\Webot\libWebbot-ATMega168.a(core_interp.o)
                              TheBoatRx.o (interpolate)
C:\Users\gregory.byrne\Desktop\Projects\Electrical Engineering\AVR\Avr\AVR Working\Webot\libWebbot-ATMega168.a(core_interpU.o)
                              C:\Users\gregory.byrne\Desktop\Projects\Electrical Engineering\AVR\Avr\AVR Working\Webot\libWebbot-ATMega168.a(LB1836M.o) (interpolateU)
C:\Users\gregory.byrne\Desktop\Projects\Electrical Engineering\AVR\Avr\AVR Working\Webot\libWebbot-ATMega168.a(iopin.o)
                              C:\Users\gregory.byrne\Desktop\Projects\Electrical Engineering\AVR\Avr\AVR Working\Webot\libWebbot-ATMega168.a(_uart_common.o) (pin_make_input)
C:\Users\gregory.byrne\Desktop\Projects\Electrical Engineering\AVR\Avr\AVR Working\Webot\libWebbot-ATMega168.a(led.o)
                              TheBoatRx.o (LED_set)
C:\Users\gregory.byrne\Desktop\Projects\Electrical Engineering\AVR\Avr\AVR Working\Webot\libWebbot-ATMega168.a(rprintf.o)
                              TheBoatRx.o (rprintfInit)
C:\Users\gregory.byrne\Desktop\Projects\Electrical Engineering\AVR\Avr\AVR Working\Webot\libWebbot-ATMega168.a(servos.o)
                              TheBoatRx.o (servosInit)
C:\Users\gregory.byrne\Desktop\Projects\Electrical Engineering\AVR\Avr\AVR Working\Webot\libWebbot-ATMega168.a(servosConfig.o)
                              C:\Users\gregory.byrne\Desktop\Projects\Electrical Engineering\AVR\Avr\AVR Working\Webot\libWebbot-ATMega168.a(servos.o) (servoSetConfig)
C:\Users\gregory.byrne\Desktop\Projects\Electrical Engineering\AVR\Avr\AVR Working\Webot\libWebbot-ATMega168.a(timer.o)
                              C:\Users\gregory.byrne\Desktop\Projects\Electrical Engineering\AVR\Avr\AVR Working\Webot\libWebbot-ATMega168.a(servos.o) (ticks_per_ms)
C:\Users\gregory.byrne\Desktop\Projects\Electrical Engineering\AVR\Avr\AVR Working\Webot\libWebbot-ATMega168.a(timerCapture.o)
                              C:\Users\gregory.byrne\Desktop\Projects\Electrical Engineering\AVR\Avr\AVR Working\Webot\libWebbot-ATMega168.a(timer.o) (timerCaptureDetach)
C:\Users\gregory.byrne\Desktop\Projects\Electrical Engineering\AVR\Avr\AVR Working\Webot\libWebbot-ATMega168.a(timerCompare.o)
                              C:\Users\gregory.byrne\Desktop\Projects\Electrical Engineering\AVR\Avr\AVR Working\Webot\libWebbot-ATMega168.a(LB1836M.o) (compareIsInUse)
C:\Users\gregory.byrne\Desktop\Projects\Electrical Engineering\AVR\Avr\AVR Working\Webot\libWebbot-ATMega168.a(timerOverflow.o)
                              C:\Users\gregory.byrne\Desktop\Projects\Electrical Engineering\AVR\Avr\AVR Working\Webot\libWebbot-ATMega168.a(timer.o) (timerOverflowAttach)
C:\Users\gregory.byrne\Desktop\Projects\Electrical Engineering\AVR\Avr\AVR Working\Webot\libWebbot-ATMega168.a(timerPWM.o)
                              C:\Users\gregory.byrne\Desktop\Projects\Electrical Engineering\AVR\Avr\AVR Working\Webot\libWebbot-ATMega168.a(LB1836M.o) (timerCalcPwm)
C:\Users\gregory.byrne\Desktop\Projects\Electrical Engineering\AVR\Avr\AVR Working\Webot\libWebbot-ATMega168.a(uart.o)
                              TheBoatRx.o (c_hw_uart)
C:\Users\gregory.byrne\Desktop\Projects\Electrical Engineering\AVR\Avr\AVR Working\Webot\libWebbot-ATMega168.a(rprintfs.o)
                              C:\Users\gregory.byrne\Desktop\Projects\Electrical Engineering\AVR\Avr\AVR Working\Webot\libWebbot-ATMega168.a(timer.o) (rprintf1RamRom)
C:\Users\gregory.byrne\Desktop\Projects\Electrical Engineering\AVR\Avr\AVR Working\Webot\libWebbot-ATMega168.a(scheduler.o)
                              C:\Users\gregory.byrne\Desktop\Projects\Electrical Engineering\AVR\Avr\AVR Working\Webot\libWebbot-ATMega168.a(timer.o) (scheduleJob)
c:/winavr-20100110/bin/../lib/gcc/avr/4.3.3/../../../../avr/lib/avr5\libc.a(exit.o)
                              c:/winavr-20100110/bin/../lib/gcc/avr/4.3.3/../../../../avr/lib/avr5/crtm168.o (exit)
c:/winavr-20100110/bin/../lib/gcc/avr/4.3.3/avr5\libgcc.a(_mulsi3.o)
                              C:\Users\gregory.byrne\Desktop\Projects\Electrical Engineering\AVR\Avr\AVR Working\Webot\libWebbot-ATMega168.a(core_interp.o) (__mulsi3)
c:/winavr-20100110/bin/../lib/gcc/avr/4.3.3/avr5\libgcc.a(_udivmodhi4.o)
                              C:\Users\gregory.byrne\Desktop\Projects\Electrical Engineering\AVR\Avr\AVR Working\Webot\libWebbot-ATMega168.a(buffer.o) (__udivmodhi4)
c:/winavr-20100110/bin/../lib/gcc/avr/4.3.3/avr5\libgcc.a(_udivmodsi4.o)
                              C:\Users\gregory.byrne\Desktop\Projects\Electrical Engineering\AVR\Avr\AVR Working\Webot\libWebbot-ATMega168.a(servosConfig.o) (__udivmodsi4)
c:/winavr-20100110/bin/../lib/gcc/avr/4.3.3/avr5\libgcc.a(_divmodsi4.o)
                              C:\Users\gregory.byrne\Desktop\Projects\Electrical Engineering\AVR\Avr\AVR Working\Webot\libWebbot-ATMega168.a(core_interp.o) (__divmodsi4)
c:/winavr-20100110/bin/../lib/gcc/avr/4.3.3/avr5\libgcc.a(_exit.o)
                              c:/winavr-20100110/bin/../lib/gcc/avr/4.3.3/../../../../avr/lib/avr5\libc.a(exit.o) (_exit)
c:/winavr-20100110/bin/../lib/gcc/avr/4.3.3/avr5\libgcc.a(_copy_data.o)
                              TheBoatRx.o (__do_copy_data)
c:/winavr-20100110/bin/../lib/gcc/avr/4.3.3/avr5\libgcc.a(_clear_bss.o)
                              TheBoatRx.o (__do_clear_bss)

Allocating common symbols
Common symbol       size              file

buttonReleased      0xff              TheBoatRx.o
__queue             0x34              TheBoatRx.o
__numJobs           0x2               C:\Users\gregory.byrne\Desktop\Projects\Electrical Engineering\AVR\Avr\AVR Working\Webot\libWebbot-ATMega168.a(scheduler.o)
rx0Buf              0x28              TheBoatRx.o
__error             0x5               C:\Users\gregory.byrne\Desktop\Projects\Electrical Engineering\AVR\Avr\AVR Working\Webot\libWebbot-ATMega168.a(timer.o)
__recheck           0x1               C:\Users\gregory.byrne\Desktop\Projects\Electrical Engineering\AVR\Avr\AVR Working\Webot\libWebbot-ATMega168.a(scheduler.o)
tx0Buf              0x28              TheBoatRx.o
buttonPressed       0xff              TheBoatRx.o
g_heartbeat         0x2               C:\Users\gregory.byrne\Desktop\Projects\Electrical Engineering\AVR\Avr\AVR Working\Webot\libWebbot-ATMega168.a(timer.o)
__running           0x1               C:\Users\gregory.byrne\Desktop\Projects\Electrical Engineering\AVR\Avr\AVR Working\Webot\libWebbot-ATMega168.a(scheduler.o)

Memory Configuration

Name             Origin             Length             Attributes
text             0x00000000         0x00020000         xr
data             0x00800060         0x0000ffa0         rw !x
eeprom           0x00810000         0x00010000         rw !x
fuse             0x00820000         0x00000400         rw !x
lock             0x00830000         0x00000400         rw !x
signature        0x00840000         0x00000400         rw !x
*default*        0x00000000         0xffffffff

Linker script and memory map

Address of section .data set to 0x800100
LOAD c:/winavr-20100110/bin/../lib/gcc/avr/4.3.3/../../../../avr/lib/avr5/crtm168.o
LOAD TheBoatRx.o
LOAD C:\Users\gregory.byrne\Desktop\Projects\Electrical Engineering\AVR\Avr\AVR Working\Webot\libWebbot-ATMega168.a
LOAD c:/winavr-20100110/bin/../lib/gcc/avr/4.3.3/../../../../avr/lib/avr5\libm.a
LOAD c:/winavr-20100110/bin/../lib/gcc/avr/4.3.3/../../../../avr/lib/avr5\libc.a
LOAD c:/winavr-20100110/bin/../lib/gcc/avr/4.3.3/avr5\libgcc.a
LOAD c:/winavr-20100110/bin/../lib/gcc/avr/4.3.3/../../../../avr/lib/avr5\libc.a
LOAD c:/winavr-20100110/bin/../lib/gcc/avr/4.3.3/avr5\libgcc.a

.hash
 *(.hash)

.dynsym
 *(.dynsym)

.dynstr
 *(.dynstr)

.gnu.version
 *(.gnu.version)

.gnu.version_d
 *(.gnu.version_d)

.gnu.version_r
 *(.gnu.version_r)

.rel.init
 *(.rel.init)

.rela.init
 *(.rela.init)

.rel.text
 *(.rel.text)
 *(.rel.text.*)
 *(.rel.gnu.linkonce.t*)

.rela.text
 *(.rela.text)
 *(.rela.text.*)
 *(.rela.gnu.linkonce.t*)

.rel.fini
 *(.rel.fini)

.rela.fini
 *(.rela.fini)

.rel.rodata
 *(.rel.rodata)
 *(.rel.rodata.*)
 *(.rel.gnu.linkonce.r*)

.rela.rodata
 *(.rela.rodata)
 *(.rela.rodata.*)
 *(.rela.gnu.linkonce.r*)

.rel.data
 *(.rel.data)
 *(.rel.data.*)
 *(.rel.gnu.linkonce.d*)

.rela.data
 *(.rela.data)
 *(.rela.data.*)
 *(.rela.gnu.linkonce.d*)

.rel.ctors
 *(.rel.ctors)

.rela.ctors
 *(.rela.ctors)

.rel.dtors
 *(.rel.dtors)

.rela.dtors
 *(.rela.dtors)

.rel.got
 *(.rel.got)

.rela.got
 *(.rela.got)

.rel.bss
 *(.rel.bss)

.rela.bss
 *(.rela.bss)

.rel.plt
 *(.rel.plt)

.rela.plt
 *(.rela.plt)

.text           0x00000000     0x3b48
 *(.vectors)
 .vectors       0x00000000       0x68 c:/winavr-20100110/bin/../lib/gcc/avr/4.3.3/../../../../avr/lib/avr5/crtm168.o
                0x00000000                __vectors
                0x00000000                __vector_default
 *(.vectors)
 *(.progmem.gcc*)
 *(.progmem*)
 .progmem.data  0x00000068      0x175 TheBoatRx.o
                0x000001d5                onboard_motors
                0x0000009d                _C5
                0x000000b8                _D5
                0x0000007f                _B5
                0x000000a3                _PORTD
                0x000000c1                __timer0Compare
                0x000000b2                _D3
                0x00000094                _C2
                0x00000101                __timer2Compare
                0x000000ac                _D1
                0x00000085                _B7
                0x00000076                _B2
                0x00000068                AVcc_MV
                0x00000121                pgm_Timers
                0x00000073                _B1
                0x00000097                _C3
                0x000000e1                __timer1Compare
                0x000000a9                _D0
                0x0000009a                _C4
                0x000000bb                _D6
                0x00000079                _B3
                0x00000082                _B6
                0x000001a5                PCINT_PINS
                0x000000af                _D2
                0x000000a0                _C6
                0x000000be                _D7
                0x00000088                _PORTC
                0x00000070                _B0
                0x0000006a                _PORTB
                0x00000091                _C1
                0x000000b5                _D4
                0x0000008e                _C0
                0x0000007c                _B4
 .progmem.data  0x000001dd        0x4 C:\Users\gregory.byrne\Desktop\Projects\Electrical Engineering\AVR\Avr\AVR Working\Webot\libWebbot-ATMega168.a(LB1836M.o)
 .progmem.data  0x000001e1       0x11 C:\Users\gregory.byrne\Desktop\Projects\Electrical Engineering\AVR\Avr\AVR Working\Webot\libWebbot-ATMega168.a(rprintf.o)
                0x000001e1                HexChars
 .progmem.data  0x000001f2        0x4 C:\Users\gregory.byrne\Desktop\Projects\Electrical Engineering\AVR\Avr\AVR Working\Webot\libWebbot-ATMega168.a(servos.o)
 .progmem.data  0x000001f6       0x55 C:\Users\gregory.byrne\Desktop\Projects\Electrical Engineering\AVR\Avr\AVR Working\Webot\libWebbot-ATMega168.a(timer.o)
                0x00000212                __3bit_modes
                0x00000202                TimerRTCPrescaleFactor
                0x000001f6                TimerPrescaleFactor
                0x00000222                __2bit_modes
 .progmem.data  0x0000024b        0xc C:\Users\gregory.byrne\Desktop\Projects\Electrical Engineering\AVR\Avr\AVR Working\Webot\libWebbot-ATMega168.a(uart.o)
                0x0000024b                c_hw_uart
                0x00000258                . = ALIGN (0x2)
 *fill*         0x00000257        0x1 00
                0x00000258                __trampolines_start = .
 *(.trampolines)
 .trampolines   0x00000258        0x0 linker stubs
 *(.trampolines*)
                0x00000258                __trampolines_end = .
 *(.jumptables)
 *(.jumptables*)
 *(.lowtext)
 *(.lowtext*)
                0x00000258                __ctors_start = .
 *(.ctors)
                0x00000258                __ctors_end = .
                0x00000258                __dtors_start = .
 *(.dtors)
                0x00000258                __dtors_end = .
 SORT(*)(.ctors)
 SORT(*)(.dtors)
 *(.init0)
 .init0         0x00000258        0x0 c:/winavr-20100110/bin/../lib/gcc/avr/4.3.3/../../../../avr/lib/avr5/crtm168.o
                0x00000258                __init
 *(.init0)
 *(.init1)
 *(.init1)
 *(.init2)
 .init2         0x00000258        0xc c:/winavr-20100110/bin/../lib/gcc/avr/4.3.3/../../../../avr/lib/avr5/crtm168.o
 *(.init2)
 *(.init3)
 *(.init3)
 *(.init4)
 .init4         0x00000264       0x16 c:/winavr-20100110/bin/../lib/gcc/avr/4.3.3/avr5\libgcc.a(_copy_data.o)
                0x00000264                __do_copy_data
 .init4         0x0000027a       0x10 c:/winavr-20100110/bin/../lib/gcc/avr/4.3.3/avr5\libgcc.a(_clear_bss.o)
                0x0000027a                __do_clear_bss
 *(.init4)
 *(.init5)
 *(.init5)
 *(.init6)
 *(.init6)
 *(.init7)
 *(.init7)
 *(.init8)
 *(.init8)
 *(.init9)
 .init9         0x0000028a        0x8 c:/winavr-20100110/bin/../lib/gcc/avr/4.3.3/../../../../avr/lib/avr5/crtm168.o
 *(.init9)
 *(.text)
 .text          0x00000292        0x4 c:/winavr-20100110/bin/../lib/gcc/avr/4.3.3/../../../../avr/lib/avr5/crtm168.o
                0x00000292                __vector_22
                0x00000292                __vector_1
                0x00000292                __vector_24
                0x00000292                __bad_interrupt
                0x00000292                __vector_6
                0x00000292                __vector_3
                0x00000292                __vector_23
                0x00000292                __vector_25
                0x00000292                __vector_17
                0x00000292                __vector_19
                0x00000292                __vector_5
                0x00000292                __vector_4
                0x00000292                __vector_2
                0x00000292                __vector_21
 .text          0x00000296      0x672 TheBoatRx.o
                0x00000502                appInitSoftware
                0x000006a8                __vector_12
                0x0000029c                uart0GetByte
                0x000006f4                __vector_11
                0x00000298                registerLED
                0x00000824                __vector_13
                0x0000065c                __vector_7
                0x00000604                uart0SendByte
                0x00000534                appInitHardware
                0x00000296                configure_ports
                0x000007d8                __vector_9
                0x00000740                __vector_15
                0x00000610                __vector_8
                0x0000078c                __vector_14
                0x0000029a                sysInitHardware
                0x000008bc                __vector_10
                0x00000870                __vector_16
                0x00000562                __vector_18
                0x000002a6                appControl
                0x000005b8                __vector_20
 .text          0x00000908      0x388 C:\Users\gregory.byrne\Desktop\Projects\Electrical Engineering\AVR\Avr\AVR Working\Webot\libWebbot-ATMega168.a(LB1836M.o)
                0x00000bf8                sanyoLB1836M_Init
 .text          0x00000c90      0x33e C:\Users\gregory.byrne\Desktop\Projects\Electrical Engineering\AVR\Avr\AVR Working\Webot\libWebbot-ATMega168.a(_uart_common.o)
                0x00000e2a                _uartSendByte
                0x00000d98                __uartFlushReceiveBuffer
                0x00000ecc                __uartGetByte
                0x00000d1a                _uartSetBaudRate
                0x00000e98                _uartSendBuffer
                0x00000f18                __uartTransmitService
                0x00000f7e                __uartReceiveService
                0x00000d5a                __uartReceiveBufferIsEmpty
                0x00000c90                _uartStartXmit
                0x00000db8                _uartInit
                0x00000d32                _uartOff
 .text          0x00000fce       0x76 C:\Users\gregory.byrne\Desktop\Projects\Electrical Engineering\AVR\Avr\AVR Working\Webot\libWebbot-ATMega168.a(actuators.o)
                0x00000fce                __act_setSpeed
                0x0000100e                __act_setConnected
 .text          0x00001044      0x11e C:\Users\gregory.byrne\Desktop\Projects\Electrical Engineering\AVR\Avr\AVR Working\Webot\libWebbot-ATMega168.a(buffer.o)
                0x000010b8                bufferPut
                0x00001104                bufferFreeSpace
                0x0000105e                bufferGet
                0x00001126                bufferBytesUsed
                0x00001140                bufferIsFull
                0x00001044                bufferInit
                0x00001150                bufferFlush
 .text          0x00001162       0xf0 C:\Users\gregory.byrne\Desktop\Projects\Electrical Engineering\AVR\Avr\AVR Working\Webot\libWebbot-ATMega168.a(core.o)
                0x00001190                __portMaskGet
                0x000011c4                main
                0x000011aa                __portMaskClear
                0x00001162                breathe
                0x00001178                __portMaskSet
 .text          0x00001252       0x8e C:\Users\gregory.byrne\Desktop\Projects\Electrical Engineering\AVR\Avr\AVR Working\Webot\libWebbot-ATMega168.a(core_interp.o)
                0x00001252                interpolate
 .text          0x000012e0       0x82 C:\Users\gregory.byrne\Desktop\Projects\Electrical Engineering\AVR\Avr\AVR Working\Webot\libWebbot-ATMega168.a(core_interpU.o)
                0x000012e0                interpolateU
 .text          0x00001362      0x1da C:\Users\gregory.byrne\Desktop\Projects\Electrical Engineering\AVR\Avr\AVR Working\Webot\libWebbot-ATMega168.a(iopin.o)
                0x0000152c                pin_set
                0x000013da                pin_make_output
                0x00001452                pin_toggle
                0x000014e4                pin_high
                0x0000149a                pin_low
                0x00001362                pin_is_high
                0x00001428                pin_is_output
                0x0000138c                pin_make_input
 .text          0x0000153c       0x44 C:\Users\gregory.byrne\Desktop\Projects\Electrical Engineering\AVR\Avr\AVR Working\Webot\libWebbot-ATMega168.a(led.o)
                0x0000153c                LED_set
 .text          0x00001580       0xb6 C:\Users\gregory.byrne\Desktop\Projects\Electrical Engineering\AVR\Avr\AVR Working\Webot\libWebbot-ATMega168.a(rprintf.o)
                0x00001580                rprintfIgnore
                0x000015ba                rprintfCharN
                0x000015da                rprintfStr
                0x000015f8                rprintfProgStr
                0x00001582                rprintfInit
                0x00001596                rprintfChar
                0x00001618                rprintfCRLF
                0x00001620                rprintfu04
 .text          0x00001636      0x3d0 C:\Users\gregory.byrne\Desktop\Projects\Electrical Engineering\AVR\Avr\AVR Working\Webot\libWebbot-ATMega168.a(servos.o)
                0x00001636                servosInit
 .text          0x00001a06      0x102 C:\Users\gregory.byrne\Desktop\Projects\Electrical Engineering\AVR\Avr\AVR Working\Webot\libWebbot-ATMega168.a(servosConfig.o)
                0x00001a06                servoSetConfig
 .text          0x00001b08     0x10d6 C:\Users\gregory.byrne\Desktop\Projects\Electrical Engineering\AVR\Avr\AVR Working\Webot\libWebbot-ATMega168.a(timer.o)
                0x00001bcc                __timerPrescalerIndex
                0x00002b24                clockWaitms
                0x00001d64                setErrorLog
                0x00002800                __clockInit
                0x00001ccc                compareGetOutputMode
                0x000026d2                initTimers
                0x00002a64                clockHasElapsedGetOverflow
                0x0000205a                setError
                0x00001d5e                getError
                0x00001c62                timerGetCounter
                0x00001b3c                delay_cycles
                0x00001ba2                nullTimerCompareCallback
                0x00001d6e                __error_flash
                0x00001c88                compareSetOutputMode
                0x0000223e                timerGetTOP
                0x00002132                compareDetach
                0x0000200c                timerGetTicks
                0x00001ffc                clockGetSnapshot
                0x00002734                compareAttach
                0x000024ea                timerInit
                0x00002b62                delay_us
                0x00001d24                __timer_captureService
                0x00002b36                delay_ms
                0x00001b08                ticks_per_ms
                0x00001d06                __timer_overflowService
                0x0000217a                compareSetThreshold
                0x000022f4                timerSnapshotToTicks
                0x00001c22                timerGetClosestPrescale
                0x0000204c                clockGetus
                0x00002b98                clockHasElapsed
                0x000025aa                timerSetMode
                0x00001d42                __timer_compareService
                0x000023cc                timerGetBestPrescaler
                0x0000248c                timerSetPrescaler
                0x00002adc                clockWaitus
                0x000021e4                compareGetThreshold
 .text          0x00002bde       0xa4 C:\Users\gregory.byrne\Desktop\Projects\Electrical Engineering\AVR\Avr\AVR Working\Webot\libWebbot-ATMega168.a(timerCapture.o)
                0x00002bde                timerCaptureDetach
                0x00002c0c                timerCaptureAttach
 .text          0x00002c82       0xf4 C:\Users\gregory.byrne\Desktop\Projects\Electrical Engineering\AVR\Avr\AVR Working\Webot\libWebbot-ATMega168.a(timerCompare.o)
                0x00002c82                compareIsInUse
                0x00002cde                compareFromIOPin
 .text          0x00002d76       0x70 C:\Users\gregory.byrne\Desktop\Projects\Electrical Engineering\AVR\Avr\AVR Working\Webot\libWebbot-ATMega168.a(timerOverflow.o)
                0x00002d76                timerOverflowAttach
 .text          0x00002de6      0x594 C:\Users\gregory.byrne\Desktop\Projects\Electrical Engineering\AVR\Avr\AVR Working\Webot\libWebbot-ATMega168.a(timerPWM.o)
                0x00002f62                timerCalcPwm
                0x00002ef2                TimerGetPwmDeciHertz
 .text          0x0000337a      0x214 C:\Users\gregory.byrne\Desktop\Projects\Electrical Engineering\AVR\Avr\AVR Working\Webot\libWebbot-ATMega168.a(uart.o)
                0x0000337a                __uartHWSetBaudRate
                0x000034e6                __uartHWStartXmit
                0x0000353a                uartPollByte
                0x0000351e                uartReceivePollingMode
                0x00003562                __uartHWInit
 .text          0x0000358e      0x170 C:\Users\gregory.byrne\Desktop\Projects\Electrical Engineering\AVR\Avr\AVR Working\Webot\libWebbot-ATMega168.a(rprintfs.o)
                0x0000358e                rprintf1RamRom
 .text          0x000036fe      0x360 C:\Users\gregory.byrne\Desktop\Projects\Electrical Engineering\AVR\Avr\AVR Working\Webot\libWebbot-ATMega168.a(scheduler.o)
                0x00003916                scheduleJob
                0x000036fe                __scheduleUpdate
 .text          0x00003a5e        0x0 c:/winavr-20100110/bin/../lib/gcc/avr/4.3.3/../../../../avr/lib/avr5\libc.a(exit.o)
 .text          0x00003a5e        0x0 c:/winavr-20100110/bin/../lib/gcc/avr/4.3.3/avr5\libgcc.a(_mulsi3.o)
 .text          0x00003a5e        0x0 c:/winavr-20100110/bin/../lib/gcc/avr/4.3.3/avr5\libgcc.a(_udivmodhi4.o)
 .text          0x00003a5e        0x0 c:/winavr-20100110/bin/../lib/gcc/avr/4.3.3/avr5\libgcc.a(_udivmodsi4.o)
 .text          0x00003a5e        0x0 c:/winavr-20100110/bin/../lib/gcc/avr/4.3.3/avr5\libgcc.a(_divmodsi4.o)
 .text          0x00003a5e        0x0 c:/winavr-20100110/bin/../lib/gcc/avr/4.3.3/avr5\libgcc.a(_exit.o)
 .text          0x00003a5e        0x0 c:/winavr-20100110/bin/../lib/gcc/avr/4.3.3/avr5\libgcc.a(_copy_data.o)
 .text          0x00003a5e        0x0 c:/winavr-20100110/bin/../lib/gcc/avr/4.3.3/avr5\libgcc.a(_clear_bss.o)
                0x00003a5e                . = ALIGN (0x2)
 *(.text.*)
 .text.avr-libc
                0x00003a5e        0x6 c:/winavr-20100110/bin/../lib/gcc/avr/4.3.3/../../../../avr/lib/avr5\libc.a(exit.o)
                0x00003a5e                exit
 .text.libgcc   0x00003a64       0x3e c:/winavr-20100110/bin/../lib/gcc/avr/4.3.3/avr5\libgcc.a(_mulsi3.o)
                0x00003a64                __mulsi3
 .text.libgcc   0x00003aa2       0x28 c:/winavr-20100110/bin/../lib/gcc/avr/4.3.3/avr5\libgcc.a(_udivmodhi4.o)
                0x00003aa2                __udivmodhi4
 .text.libgcc   0x00003aca       0x44 c:/winavr-20100110/bin/../lib/gcc/avr/4.3.3/avr5\libgcc.a(_udivmodsi4.o)
                0x00003aca                __udivmodsi4
 .text.libgcc   0x00003b0e       0x36 c:/winavr-20100110/bin/../lib/gcc/avr/4.3.3/avr5\libgcc.a(_divmodsi4.o)
                0x00003b0e                __divmodsi4
 .text.libgcc   0x00003b44        0x0 c:/winavr-20100110/bin/../lib/gcc/avr/4.3.3/avr5\libgcc.a(_exit.o)
 .text.libgcc   0x00003b44        0x0 c:/winavr-20100110/bin/../lib/gcc/avr/4.3.3/avr5\libgcc.a(_copy_data.o)
 .text.libgcc   0x00003b44        0x0 c:/winavr-20100110/bin/../lib/gcc/avr/4.3.3/avr5\libgcc.a(_clear_bss.o)
                0x00003b44                . = ALIGN (0x2)
 *(.fini9)
 .fini9         0x00003b44        0x0 c:/winavr-20100110/bin/../lib/gcc/avr/4.3.3/avr5\libgcc.a(_exit.o)
                0x00003b44                _exit
 *(.fini9)
 *(.fini8)
 *(.fini8)
 *(.fini7)
 *(.fini7)
 *(.fini6)
 *(.fini6)
 *(.fini5)
 *(.fini5)
 *(.fini4)
 *(.fini4)
 *(.fini3)
 *(.fini3)
 *(.fini2)
 *(.fini2)
 *(.fini1)
 *(.fini1)
 *(.fini0)
 .fini0         0x00003b44        0x4 c:/winavr-20100110/bin/../lib/gcc/avr/4.3.3/avr5\libgcc.a(_exit.o)
 *(.fini0)
                0x00003b48                _etext = .

.data           0x00800100       0xa4 load address 0x00003b48
                0x00800100                PROVIDE (__data_start, .)
 *(.data)
 .data          0x00800100        0x0 c:/winavr-20100110/bin/../lib/gcc/avr/4.3.3/../../../../avr/lib/avr5/crtm168.o
 .data          0x00800100       0xa1 TheBoatRx.o
                0x00800198                LeftRed
                0x00800108                NUMBER_OF_TIMERS
                0x00800161                Pan
                0x0080014d                Rudder
                0x00800140                NUM_PCINT_PINS
                0x00800119                NUM_UARTS
                0x00800195                RightRed
                0x0080014a                onboard_driver
                0x00800175                Tilt
                0x0080019e                PowerGreen
                0x00800189                Servo_bank1
                0x00800100                cpu_speed
                0x00800142                Motor
                0x0080013f                NUM_ADC_CHANNELS
                0x00800106                cpu_speed_div_1000000
                0x00800109                rx0Buffer
                0x00800141                maxJobs
                0x00800104                cpu_speed_div_1000
                0x0080011a                Uarts
                0x00800111                tx0Buffer
                0x0080019b                SpotLightWhite
 .data          0x008001a1        0x0 C:\Users\gregory.byrne\Desktop\Projects\Electrical Engineering\AVR\Avr\AVR Working\Webot\libWebbot-ATMega168.a(LB1836M.o)
 .data          0x008001a1        0x0 C:\Users\gregory.byrne\Desktop\Projects\Electrical Engineering\AVR\Avr\AVR Working\Webot\libWebbot-ATMega168.a(_uart_common.o)
 .data          0x008001a1        0x0 C:\Users\gregory.byrne\Desktop\Projects\Electrical Engineering\AVR\Avr\AVR Working\Webot\libWebbot-ATMega168.a(actuators.o)
 .data          0x008001a1        0x0 C:\Users\gregory.byrne\Desktop\Projects\Electrical Engineering\AVR\Avr\AVR Working\Webot\libWebbot-ATMega168.a(buffer.o)
 .data          0x008001a1        0x0 C:\Users\gregory.byrne\Desktop\Projects\Electrical Engineering\AVR\Avr\AVR Working\Webot\libWebbot-ATMega168.a(core.o)
 .data          0x008001a1        0x0 C:\Users\gregory.byrne\Desktop\Projects\Electrical Engineering\AVR\Avr\AVR Working\Webot\libWebbot-ATMega168.a(core_interp.o)
 .data          0x008001a1        0x0 C:\Users\gregory.byrne\Desktop\Projects\Electrical Engineering\AVR\Avr\AVR Working\Webot\libWebbot-ATMega168.a(core_interpU.o)
 .data          0x008001a1        0x0 C:\Users\gregory.byrne\Desktop\Projects\Electrical Engineering\AVR\Avr\AVR Working\Webot\libWebbot-ATMega168.a(iopin.o)
 .data          0x008001a1        0x0 C:\Users\gregory.byrne\Desktop\Projects\Electrical Engineering\AVR\Avr\AVR Working\Webot\libWebbot-ATMega168.a(led.o)
 .data          0x008001a1        0x2 C:\Users\gregory.byrne\Desktop\Projects\Electrical Engineering\AVR\Avr\AVR Working\Webot\libWebbot-ATMega168.a(rprintf.o)
                0x008001a1                rputchar
 .data          0x008001a3        0x0 C:\Users\gregory.byrne\Desktop\Projects\Electrical Engineering\AVR\Avr\AVR Working\Webot\libWebbot-ATMega168.a(servos.o)
 .data          0x008001a3        0x0 C:\Users\gregory.byrne\Desktop\Projects\Electrical Engineering\AVR\Avr\AVR Working\Webot\libWebbot-ATMega168.a(servosConfig.o)
 .data          0x008001a3        0x0 C:\Users\gregory.byrne\Desktop\Projects\Electrical Engineering\AVR\Avr\AVR Working\Webot\libWebbot-ATMega168.a(timer.o)
 .data          0x008001a3        0x0 C:\Users\gregory.byrne\Desktop\Projects\Electrical Engineering\AVR\Avr\AVR Working\Webot\libWebbot-ATMega168.a(timerCapture.o)
 .data          0x008001a3        0x0 C:\Users\gregory.byrne\Desktop\Projects\Electrical Engineering\AVR\Avr\AVR Working\Webot\libWebbot-ATMega168.a(timerCompare.o)
 .data          0x008001a3        0x0 C:\Users\gregory.byrne\Desktop\Projects\Electrical Engineering\AVR\Avr\AVR Working\Webot\libWebbot-ATMega168.a(timerOverflow.o)
 .data          0x008001a3        0x0 C:\Users\gregory.byrne\Desktop\Projects\Electrical Engineering\AVR\Avr\AVR Working\Webot\libWebbot-ATMega168.a(timerPWM.o)
 .data          0x008001a3        0x0 C:\Users\gregory.byrne\Desktop\Projects\Electrical Engineering\AVR\Avr\AVR Working\Webot\libWebbot-ATMega168.a(uart.o)
 .data          0x008001a3        0x0 C:\Users\gregory.byrne\Desktop\Projects\Electrical Engineering\AVR\Avr\AVR Working\Webot\libWebbot-ATMega168.a(rprintfs.o)
 .data          0x008001a3        0x0 C:\Users\gregory.byrne\Desktop\Projects\Electrical Engineering\AVR\Avr\AVR Working\Webot\libWebbot-ATMega168.a(scheduler.o)
 .data          0x008001a3        0x0 c:/winavr-20100110/bin/../lib/gcc/avr/4.3.3/../../../../avr/lib/avr5\libc.a(exit.o)
 .data          0x008001a3        0x0 c:/winavr-20100110/bin/../lib/gcc/avr/4.3.3/avr5\libgcc.a(_mulsi3.o)
 .data          0x008001a3        0x0 c:/winavr-20100110/bin/../lib/gcc/avr/4.3.3/avr5\libgcc.a(_udivmodhi4.o)
 .data          0x008001a3        0x0 c:/winavr-20100110/bin/../lib/gcc/avr/4.3.3/avr5\libgcc.a(_udivmodsi4.o)
 .data          0x008001a3        0x0 c:/winavr-20100110/bin/../lib/gcc/avr/4.3.3/avr5\libgcc.a(_divmodsi4.o)
 .data          0x008001a3        0x0 c:/winavr-20100110/bin/../lib/gcc/avr/4.3.3/avr5\libgcc.a(_exit.o)
 .data          0x008001a3        0x0 c:/winavr-20100110/bin/../lib/gcc/avr/4.3.3/avr5\libgcc.a(_copy_data.o)
 .data          0x008001a3        0x0 c:/winavr-20100110/bin/../lib/gcc/avr/4.3.3/avr5\libgcc.a(_clear_bss.o)
 *(.data*)
 *(.rodata)
 *(.rodata*)
 *(.gnu.linkonce.d*)
                0x008001a4                . = ALIGN (0x2)
 *fill*         0x008001a3        0x1 00
                0x008001a4                _edata = .
                0x008001a4                PROVIDE (__data_end, .)

.bss            0x008001a4      0x2dc
                0x008001a4                PROVIDE (__bss_start, .)
 *(.bss)
 .bss           0x008001a4        0x0 c:/winavr-20100110/bin/../lib/gcc/avr/4.3.3/../../../../avr/lib/avr5/crtm168.o
 .bss           0x008001a4       0x44 TheBoatRx.o
                0x008001c6                __timer1CompareB_data
                0x008001e3                right_y
                0x008001d9                __timer2CompareB_data
                0x008001e0                left_x
                0x008001e7                DR_Button_pressure
                0x008001c2                __timer1CompareA_data
                0x008001dd                i
                0x008001b7                __timer1_data
                0x008001e2                right_x
                0x008001af                __timer0CompareA_data
                0x008001ca                __timer2_data
                0x008001de                SpotLightState
                0x008001a4                __timer0_data
                0x008001e4                xButton_pressure
                0x008001e1                left_y
                0x008001e6                DL_Button_pressure
                0x008001b3                __timer0CompareB_data
                0x008001e5                SqButton_pressure
                0x008001d5                __timer2CompareA_data
                0x008001df                BatteryState
 .bss           0x008001e8        0x0 C:\Users\gregory.byrne\Desktop\Projects\Electrical Engineering\AVR\Avr\AVR Working\Webot\libWebbot-ATMega168.a(LB1836M.o)
 .bss           0x008001e8        0x0 C:\Users\gregory.byrne\Desktop\Projects\Electrical Engineering\AVR\Avr\AVR Working\Webot\libWebbot-ATMega168.a(_uart_common.o)
 .bss           0x008001e8        0x0 C:\Users\gregory.byrne\Desktop\Projects\Electrical Engineering\AVR\Avr\AVR Working\Webot\libWebbot-ATMega168.a(actuators.o)
 .bss           0x008001e8        0x0 C:\Users\gregory.byrne\Desktop\Projects\Electrical Engineering\AVR\Avr\AVR Working\Webot\libWebbot-ATMega168.a(buffer.o)
 .bss           0x008001e8        0x0 C:\Users\gregory.byrne\Desktop\Projects\Electrical Engineering\AVR\Avr\AVR Working\Webot\libWebbot-ATMega168.a(core.o)
 .bss           0x008001e8        0x0 C:\Users\gregory.byrne\Desktop\Projects\Electrical Engineering\AVR\Avr\AVR Working\Webot\libWebbot-ATMega168.a(core_interp.o)
 .bss           0x008001e8        0x0 C:\Users\gregory.byrne\Desktop\Projects\Electrical Engineering\AVR\Avr\AVR Working\Webot\libWebbot-ATMega168.a(core_interpU.o)
 .bss           0x008001e8        0x0 C:\Users\gregory.byrne\Desktop\Projects\Electrical Engineering\AVR\Avr\AVR Working\Webot\libWebbot-ATMega168.a(iopin.o)
 .bss           0x008001e8        0x3 C:\Users\gregory.byrne\Desktop\Projects\Electrical Engineering\AVR\Avr\AVR Working\Webot\libWebbot-ATMega168.a(led.o)
                0x008001e8                statusLED
 .bss           0x008001eb        0x0 C:\Users\gregory.byrne\Desktop\Projects\Electrical Engineering\AVR\Avr\AVR Working\Webot\libWebbot-ATMega168.a(rprintf.o)
 .bss           0x008001eb        0x0 C:\Users\gregory.byrne\Desktop\Projects\Electrical Engineering\AVR\Avr\AVR Working\Webot\libWebbot-ATMega168.a(servos.o)
 .bss           0x008001eb        0x0 C:\Users\gregory.byrne\Desktop\Projects\Electrical Engineering\AVR\Avr\AVR Working\Webot\libWebbot-ATMega168.a(servosConfig.o)
 .bss           0x008001eb        0x8 C:\Users\gregory.byrne\Desktop\Projects\Electrical Engineering\AVR\Avr\AVR Working\Webot\libWebbot-ATMega168.a(timer.o)
 .bss           0x008001f3        0x0 C:\Users\gregory.byrne\Desktop\Projects\Electrical Engineering\AVR\Avr\AVR Working\Webot\libWebbot-ATMega168.a(timerCapture.o)
 .bss           0x008001f3        0x0 C:\Users\gregory.byrne\Desktop\Projects\Electrical Engineering\AVR\Avr\AVR Working\Webot\libWebbot-ATMega168.a(timerCompare.o)
 .bss           0x008001f3        0x0 C:\Users\gregory.byrne\Desktop\Projects\Electrical Engineering\AVR\Avr\AVR Working\Webot\libWebbot-ATMega168.a(timerOverflow.o)
 .bss           0x008001f3        0x0 C:\Users\gregory.byrne\Desktop\Projects\Electrical Engineering\AVR\Avr\AVR Working\Webot\libWebbot-ATMega168.a(timerPWM.o)
 .bss           0x008001f3        0x0 C:\Users\gregory.byrne\Desktop\Projects\Electrical Engineering\AVR\Avr\AVR Working\Webot\libWebbot-ATMega168.a(uart.o)
 .bss           0x008001f3        0x0 C:\Users\gregory.byrne\Desktop\Projects\Electrical Engineering\AVR\Avr\AVR Working\Webot\libWebbot-ATMega168.a(rprintfs.o)
 .bss           0x008001f3        0x0 C:\Users\gregory.byrne\Desktop\Projects\Electrical Engineering\AVR\Avr\AVR Working\Webot\libWebbot-ATMega168.a(scheduler.o)
 .bss           0x008001f3        0x0 c:/winavr-20100110/bin/../lib/gcc/avr/4.3.3/../../../../avr/lib/avr5\libc.a(exit.o)
 .bss           0x008001f3        0x0 c:/winavr-20100110/bin/../lib/gcc/avr/4.3.3/avr5\libgcc.a(_mulsi3.o)
 .bss           0x008001f3        0x0 c:/winavr-20100110/bin/../lib/gcc/avr/4.3.3/avr5\libgcc.a(_udivmodhi4.o)
 .bss           0x008001f3        0x0 c:/winavr-20100110/bin/../lib/gcc/avr/4.3.3/avr5\libgcc.a(_udivmodsi4.o)
 .bss           0x008001f3        0x0 c:/winavr-20100110/bin/../lib/gcc/avr/4.3.3/avr5\libgcc.a(_divmodsi4.o)
 .bss           0x008001f3        0x0 c:/winavr-20100110/bin/../lib/gcc/avr/4.3.3/avr5\libgcc.a(_exit.o)
 .bss           0x008001f3        0x0 c:/winavr-20100110/bin/../lib/gcc/avr/4.3.3/avr5\libgcc.a(_copy_data.o)
 .bss           0x008001f3        0x0 c:/winavr-20100110/bin/../lib/gcc/avr/4.3.3/avr5\libgcc.a(_clear_bss.o)
 *(.bss*)
 *(COMMON)
 COMMON         0x008001f3      0x282 TheBoatRx.o
                0x008001f3                buttonReleased
                0x008002f2                __queue
                0x00800326                rx0Buf
                0x0080034e                tx0Buf
                0x00800376                buttonPressed
 COMMON         0x00800475        0x7 C:\Users\gregory.byrne\Desktop\Projects\Electrical Engineering\AVR\Avr\AVR Working\Webot\libWebbot-ATMega168.a(timer.o)
                0x00800475                __error
                0x0080047a                g_heartbeat
 COMMON         0x0080047c        0x4 C:\Users\gregory.byrne\Desktop\Projects\Electrical Engineering\AVR\Avr\AVR Working\Webot\libWebbot-ATMega168.a(scheduler.o)
                0x0080047c                __numJobs
                0x0080047e                __recheck
                0x0080047f                __running
                0x00800480                PROVIDE (__bss_end, .)
                0x00003b48                __data_load_start = LOADADDR (.data)
                0x00003bec                __data_load_end = (__data_load_start + SIZEOF (.data))

.noinit         0x00800480        0x0
                0x00800480                PROVIDE (__noinit_start, .)
 *(.noinit*)
                0x00800480                PROVIDE (__noinit_end, .)
                0x00800480                _end = .
                0x00800480                PROVIDE (__heap_start, .)

.eeprom         0x00810000        0x0
 *(.eeprom*)
                0x00810000                __eeprom_end = .

.fuse
 *(.fuse)
 *(.lfuse)
 *(.hfuse)
 *(.efuse)

.lock
 *(.lock*)

.signature
 *(.signature*)

.stab
 *(.stab)

.stabstr
 *(.stabstr)

.stab.excl
 *(.stab.excl)

.stab.exclstr
 *(.stab.exclstr)

.stab.index
 *(.stab.index)

.stab.indexstr
 *(.stab.indexstr)

.comment
 *(.comment)

.debug
 *(.debug)

.line
 *(.line)

.debug_srcinfo
 *(.debug_srcinfo)

.debug_sfnames
 *(.debug_sfnames)

.debug_aranges  0x00000000      0x2a0
 *(.debug_aranges)
 .debug_aranges
                0x00000000       0x20 TheBoatRx.o
 .debug_aranges
                0x00000020       0x20 C:\Users\gregory.byrne\Desktop\Projects\Electrical Engineering\AVR\Avr\AVR Working\Webot\libWebbot-ATMega168.a(LB1836M.o)
 .debug_aranges
                0x00000040       0x20 C:\Users\gregory.byrne\Desktop\Projects\Electrical Engineering\AVR\Avr\AVR Working\Webot\libWebbot-ATMega168.a(_uart_common.o)
 .debug_aranges
                0x00000060       0x20 C:\Users\gregory.byrne\Desktop\Projects\Electrical Engineering\AVR\Avr\AVR Working\Webot\libWebbot-ATMega168.a(actuators.o)
 .debug_aranges
                0x00000080       0x20 C:\Users\gregory.byrne\Desktop\Projects\Electrical Engineering\AVR\Avr\AVR Working\Webot\libWebbot-ATMega168.a(buffer.o)
 .debug_aranges
                0x000000a0       0x20 C:\Users\gregory.byrne\Desktop\Projects\Electrical Engineering\AVR\Avr\AVR Working\Webot\libWebbot-ATMega168.a(core.o)
 .debug_aranges
                0x000000c0       0x20 C:\Users\gregory.byrne\Desktop\Projects\Electrical Engineering\AVR\Avr\AVR Working\Webot\libWebbot-ATMega168.a(core_interp.o)
 .debug_aranges
                0x000000e0       0x20 C:\Users\gregory.byrne\Desktop\Projects\Electrical Engineering\AVR\Avr\AVR Working\Webot\libWebbot-ATMega168.a(core_interpU.o)
 .debug_aranges
                0x00000100       0x20 C:\Users\gregory.byrne\Desktop\Projects\Electrical Engineering\AVR\Avr\AVR Working\Webot\libWebbot-ATMega168.a(iopin.o)
 .debug_aranges
                0x00000120       0x20 C:\Users\gregory.byrne\Desktop\Projects\Electrical Engineering\AVR\Avr\AVR Working\Webot\libWebbot-ATMega168.a(led.o)
 .debug_aranges
                0x00000140       0x20 C:\Users\gregory.byrne\Desktop\Projects\Electrical Engineering\AVR\Avr\AVR Working\Webot\libWebbot-ATMega168.a(rprintf.o)
 .debug_aranges
                0x00000160       0x20 C:\Users\gregory.byrne\Desktop\Projects\Electrical Engineering\AVR\Avr\AVR Working\Webot\libWebbot-ATMega168.a(servos.o)
 .debug_aranges
                0x00000180       0x20 C:\Users\gregory.byrne\Desktop\Projects\Electrical Engineering\AVR\Avr\AVR Working\Webot\libWebbot-ATMega168.a(servosConfig.o)
 .debug_aranges
                0x000001a0       0x20 C:\Users\gregory.byrne\Desktop\Projects\Electrical Engineering\AVR\Avr\AVR Working\Webot\libWebbot-ATMega168.a(timer.o)
 .debug_aranges
                0x000001c0       0x20 C:\Users\gregory.byrne\Desktop\Projects\Electrical Engineering\AVR\Avr\AVR Working\Webot\libWebbot-ATMega168.a(timerCapture.o)
 .debug_aranges
                0x000001e0       0x20 C:\Users\gregory.byrne\Desktop\Projects\Electrical Engineering\AVR\Avr\AVR Working\Webot\libWebbot-ATMega168.a(timerCompare.o)
 .debug_aranges
                0x00000200       0x20 C:\Users\gregory.byrne\Desktop\Projects\Electrical Engineering\AVR\Avr\AVR Working\Webot\libWebbot-ATMega168.a(timerOverflow.o)
 .debug_aranges
                0x00000220       0x20 C:\Users\gregory.byrne\Desktop\Projects\Electrical Engineering\AVR\Avr\AVR Working\Webot\libWebbot-ATMega168.a(timerPWM.o)
 .debug_aranges
                0x00000240       0x20 C:\Users\gregory.byrne\Desktop\Projects\Electrical Engineering\AVR\Avr\AVR Working\Webot\libWebbot-ATMega168.a(uart.o)
 .debug_aranges
                0x00000260       0x20 C:\Users\gregory.byrne\Desktop\Projects\Electrical Engineering\AVR\Avr\AVR Working\Webot\libWebbot-ATMega168.a(rprintfs.o)
 .debug_aranges
                0x00000280       0x20 C:\Users\gregory.byrne\Desktop\Projects\Electrical Engineering\AVR\Avr\AVR Working\Webot\libWebbot-ATMega168.a(scheduler.o)

.debug_pubnames
                0x00000000      0xf43
 *(.debug_pubnames)
 .debug_pubnames
                0x00000000      0x5bd TheBoatRx.o
 .debug_pubnames
                0x000005bd       0x28 C:\Users\gregory.byrne\Desktop\Projects\Electrical Engineering\AVR\Avr\AVR Working\Webot\libWebbot-ATMega168.a(LB1836M.o)
 .debug_pubnames
                0x000005e5       0xfc C:\Users\gregory.byrne\Desktop\Projects\Electrical Engineering\AVR\Avr\AVR Working\Webot\libWebbot-ATMega168.a(_uart_common.o)
 .debug_pubnames
                0x000006e1       0x3c C:\Users\gregory.byrne\Desktop\Projects\Electrical Engineering\AVR\Avr\AVR Working\Webot\libWebbot-ATMega168.a(actuators.o)
 .debug_pubnames
                0x0000071d       0x86 C:\Users\gregory.byrne\Desktop\Projects\Electrical Engineering\AVR\Avr\AVR Working\Webot\libWebbot-ATMega168.a(buffer.o)
 .debug_pubnames
                0x000007a3       0x5f C:\Users\gregory.byrne\Desktop\Projects\Electrical Engineering\AVR\Avr\AVR Working\Webot\libWebbot-ATMega168.a(core.o)
 .debug_pubnames
                0x00000802       0x22 C:\Users\gregory.byrne\Desktop\Projects\Electrical Engineering\AVR\Avr\AVR Working\Webot\libWebbot-ATMega168.a(core_interp.o)
 .debug_pubnames
                0x00000824       0x23 C:\Users\gregory.byrne\Desktop\Projects\Electrical Engineering\AVR\Avr\AVR Working\Webot\libWebbot-ATMega168.a(core_interpU.o)
 .debug_pubnames
                0x00000847       0x8f C:\Users\gregory.byrne\Desktop\Projects\Electrical Engineering\AVR\Avr\AVR Working\Webot\libWebbot-ATMega168.a(iopin.o)
 .debug_pubnames
                0x000008d6       0x2c C:\Users\gregory.byrne\Desktop\Projects\Electrical Engineering\AVR\Avr\AVR Working\Webot\libWebbot-ATMega168.a(led.o)
 .debug_pubnames
                0x00000902       0xb0 C:\Users\gregory.byrne\Desktop\Projects\Electrical Engineering\AVR\Avr\AVR Working\Webot\libWebbot-ATMega168.a(rprintf.o)
 .debug_pubnames
                0x000009b2       0x21 C:\Users\gregory.byrne\Desktop\Projects\Electrical Engineering\AVR\Avr\AVR Working\Webot\libWebbot-ATMega168.a(servos.o)
 .debug_pubnames
                0x000009d3       0x25 C:\Users\gregory.byrne\Desktop\Projects\Electrical Engineering\AVR\Avr\AVR Working\Webot\libWebbot-ATMega168.a(servosConfig.o)
 .debug_pubnames
                0x000009f8      0x35a C:\Users\gregory.byrne\Desktop\Projects\Electrical Engineering\AVR\Avr\AVR Working\Webot\libWebbot-ATMega168.a(timer.o)
 .debug_pubnames
                0x00000d52       0x40 C:\Users\gregory.byrne\Desktop\Projects\Electrical Engineering\AVR\Avr\AVR Working\Webot\libWebbot-ATMega168.a(timerCapture.o)
 .debug_pubnames
                0x00000d92       0x3a C:\Users\gregory.byrne\Desktop\Projects\Electrical Engineering\AVR\Avr\AVR Working\Webot\libWebbot-ATMega168.a(timerCompare.o)
 .debug_pubnames
                0x00000dcc       0x2a C:\Users\gregory.byrne\Desktop\Projects\Electrical Engineering\AVR\Avr\AVR Working\Webot\libWebbot-ATMega168.a(timerOverflow.o)
 .debug_pubnames
                0x00000df6       0x3c C:\Users\gregory.byrne\Desktop\Projects\Electrical Engineering\AVR\Avr\AVR Working\Webot\libWebbot-ATMega168.a(timerPWM.o)
 .debug_pubnames
                0x00000e32       0x8b C:\Users\gregory.byrne\Desktop\Projects\Electrical Engineering\AVR\Avr\AVR Working\Webot\libWebbot-ATMega168.a(uart.o)
 .debug_pubnames
                0x00000ebd       0x25 C:\Users\gregory.byrne\Desktop\Projects\Electrical Engineering\AVR\Avr\AVR Working\Webot\libWebbot-ATMega168.a(rprintfs.o)
 .debug_pubnames
                0x00000ee2       0x61 C:\Users\gregory.byrne\Desktop\Projects\Electrical Engineering\AVR\Avr\AVR Working\Webot\libWebbot-ATMega168.a(scheduler.o)

.debug_info     0x00000000     0xbf2f
 *(.debug_info)
 .debug_info    0x00000000     0x18c5 TheBoatRx.o
 .debug_info    0x000018c5      0x9f2 C:\Users\gregory.byrne\Desktop\Projects\Electrical Engineering\AVR\Avr\AVR Working\Webot\libWebbot-ATMega168.a(LB1836M.o)
 .debug_info    0x000022b7      0x9f3 C:\Users\gregory.byrne\Desktop\Projects\Electrical Engineering\AVR\Avr\AVR Working\Webot\libWebbot-ATMega168.a(_uart_common.o)
 .debug_info    0x00002caa      0x269 C:\Users\gregory.byrne\Desktop\Projects\Electrical Engineering\AVR\Avr\AVR Working\Webot\libWebbot-ATMega168.a(actuators.o)
 .debug_info    0x00002f13      0x3c6 C:\Users\gregory.byrne\Desktop\Projects\Electrical Engineering\AVR\Avr\AVR Working\Webot\libWebbot-ATMega168.a(buffer.o)
 .debug_info    0x000032d9      0x685 C:\Users\gregory.byrne\Desktop\Projects\Electrical Engineering\AVR\Avr\AVR Working\Webot\libWebbot-ATMega168.a(core.o)
 .debug_info    0x0000395e       0xfb C:\Users\gregory.byrne\Desktop\Projects\Electrical Engineering\AVR\Avr\AVR Working\Webot\libWebbot-ATMega168.a(core_interp.o)
 .debug_info    0x00003a59      0x111 C:\Users\gregory.byrne\Desktop\Projects\Electrical Engineering\AVR\Avr\AVR Working\Webot\libWebbot-ATMega168.a(core_interpU.o)
 .debug_info    0x00003b6a      0x8b8 C:\Users\gregory.byrne\Desktop\Projects\Electrical Engineering\AVR\Avr\AVR Working\Webot\libWebbot-ATMega168.a(iopin.o)
 .debug_info    0x00004422      0x1d3 C:\Users\gregory.byrne\Desktop\Projects\Electrical Engineering\AVR\Avr\AVR Working\Webot\libWebbot-ATMega168.a(led.o)
 .debug_info    0x000045f5      0x2ac C:\Users\gregory.byrne\Desktop\Projects\Electrical Engineering\AVR\Avr\AVR Working\Webot\libWebbot-ATMega168.a(rprintf.o)
 .debug_info    0x000048a1     0x12ee C:\Users\gregory.byrne\Desktop\Projects\Electrical Engineering\AVR\Avr\AVR Working\Webot\libWebbot-ATMega168.a(servos.o)
 .debug_info    0x00005b8f      0x934 C:\Users\gregory.byrne\Desktop\Projects\Electrical Engineering\AVR\Avr\AVR Working\Webot\libWebbot-ATMega168.a(servosConfig.o)
 .debug_info    0x000064c3     0x2838 C:\Users\gregory.byrne\Desktop\Projects\Electrical Engineering\AVR\Avr\AVR Working\Webot\libWebbot-ATMega168.a(timer.o)
 .debug_info    0x00008cfb      0x65f C:\Users\gregory.byrne\Desktop\Projects\Electrical Engineering\AVR\Avr\AVR Working\Webot\libWebbot-ATMega168.a(timerCapture.o)
 .debug_info    0x0000935a      0x998 C:\Users\gregory.byrne\Desktop\Projects\Electrical Engineering\AVR\Avr\AVR Working\Webot\libWebbot-ATMega168.a(timerCompare.o)
 .debug_info    0x00009cf2      0x5d4 C:\Users\gregory.byrne\Desktop\Projects\Electrical Engineering\AVR\Avr\AVR Working\Webot\libWebbot-ATMega168.a(timerOverflow.o)
 .debug_info    0x0000a2c6      0xa2f C:\Users\gregory.byrne\Desktop\Projects\Electrical Engineering\AVR\Avr\AVR Working\Webot\libWebbot-ATMega168.a(timerPWM.o)
 .debug_info    0x0000acf5      0x6ff C:\Users\gregory.byrne\Desktop\Projects\Electrical Engineering\AVR\Avr\AVR Working\Webot\libWebbot-ATMega168.a(uart.o)
 .debug_info    0x0000b3f4      0x192 C:\Users\gregory.byrne\Desktop\Projects\Electrical Engineering\AVR\Avr\AVR Working\Webot\libWebbot-ATMega168.a(rprintfs.o)
 .debug_info    0x0000b586      0x9a9 C:\Users\gregory.byrne\Desktop\Projects\Electrical Engineering\AVR\Avr\AVR Working\Webot\libWebbot-ATMega168.a(scheduler.o)
 *(.gnu.linkonce.wi.*)

.debug_abbrev   0x00000000     0x27b2
 *(.debug_abbrev)
 .debug_abbrev  0x00000000      0x2e9 TheBoatRx.o
 .debug_abbrev  0x000002e9      0x278 C:\Users\gregory.byrne\Desktop\Projects\Electrical Engineering\AVR\Avr\AVR Working\Webot\libWebbot-ATMega168.a(LB1836M.o)
 .debug_abbrev  0x00000561      0x292 C:\Users\gregory.byrne\Desktop\Projects\Electrical Engineering\AVR\Avr\AVR Working\Webot\libWebbot-ATMega168.a(_uart_common.o)
 .debug_abbrev  0x000007f3      0x109 C:\Users\gregory.byrne\Desktop\Projects\Electrical Engineering\AVR\Avr\AVR Working\Webot\libWebbot-ATMega168.a(actuators.o)
 .debug_abbrev  0x000008fc      0x175 C:\Users\gregory.byrne\Desktop\Projects\Electrical Engineering\AVR\Avr\AVR Working\Webot\libWebbot-ATMega168.a(buffer.o)
 .debug_abbrev  0x00000a71      0x1c9 C:\Users\gregory.byrne\Desktop\Projects\Electrical Engineering\AVR\Avr\AVR Working\Webot\libWebbot-ATMega168.a(core.o)
 .debug_abbrev  0x00000c3a       0x71 C:\Users\gregory.byrne\Desktop\Projects\Electrical Engineering\AVR\Avr\AVR Working\Webot\libWebbot-ATMega168.a(core_interp.o)
 .debug_abbrev  0x00000cab       0x71 C:\Users\gregory.byrne\Desktop\Projects\Electrical Engineering\AVR\Avr\AVR Working\Webot\libWebbot-ATMega168.a(core_interpU.o)
 .debug_abbrev  0x00000d1c      0x153 C:\Users\gregory.byrne\Desktop\Projects\Electrical Engineering\AVR\Avr\AVR Working\Webot\libWebbot-ATMega168.a(iopin.o)
 .debug_abbrev  0x00000e6f      0x10e C:\Users\gregory.byrne\Desktop\Projects\Electrical Engineering\AVR\Avr\AVR Working\Webot\libWebbot-ATMega168.a(led.o)
 .debug_abbrev  0x00000f7d      0x134 C:\Users\gregory.byrne\Desktop\Projects\Electrical Engineering\AVR\Avr\AVR Working\Webot\libWebbot-ATMega168.a(rprintf.o)
 .debug_abbrev  0x000010b1      0x2fd C:\Users\gregory.byrne\Desktop\Projects\Electrical Engineering\AVR\Avr\AVR Working\Webot\libWebbot-ATMega168.a(servos.o)
 .debug_abbrev  0x000013ae      0x1f0 C:\Users\gregory.byrne\Desktop\Projects\Electrical Engineering\AVR\Avr\AVR Working\Webot\libWebbot-ATMega168.a(servosConfig.o)
 .debug_abbrev  0x0000159e      0x469 C:\Users\gregory.byrne\Desktop\Projects\Electrical Engineering\AVR\Avr\AVR Working\Webot\libWebbot-ATMega168.a(timer.o)
 .debug_abbrev  0x00001a07      0x1db C:\Users\gregory.byrne\Desktop\Projects\Electrical Engineering\AVR\Avr\AVR Working\Webot\libWebbot-ATMega168.a(timerCapture.o)
 .debug_abbrev  0x00001be2      0x25d C:\Users\gregory.byrne\Desktop\Projects\Electrical Engineering\AVR\Avr\AVR Working\Webot\libWebbot-ATMega168.a(timerCompare.o)
 .debug_abbrev  0x00001e3f      0x1bd C:\Users\gregory.byrne\Desktop\Projects\Electrical Engineering\AVR\Avr\AVR Working\Webot\libWebbot-ATMega168.a(timerOverflow.o)
 .debug_abbrev  0x00001ffc      0x27d C:\Users\gregory.byrne\Desktop\Projects\Electrical Engineering\AVR\Avr\AVR Working\Webot\libWebbot-ATMega168.a(timerPWM.o)
 .debug_abbrev  0x00002279      0x1fa C:\Users\gregory.byrne\Desktop\Projects\Electrical Engineering\AVR\Avr\AVR Working\Webot\libWebbot-ATMega168.a(uart.o)
 .debug_abbrev  0x00002473       0xdd C:\Users\gregory.byrne\Desktop\Projects\Electrical Engineering\AVR\Avr\AVR Working\Webot\libWebbot-ATMega168.a(rprintfs.o)
 .debug_abbrev  0x00002550      0x262 C:\Users\gregory.byrne\Desktop\Projects\Electrical Engineering\AVR\Avr\AVR Working\Webot\libWebbot-ATMega168.a(scheduler.o)

.debug_line     0x00000000     0x4489
 *(.debug_line)
 .debug_line    0x00000000      0x887 TheBoatRx.o
 .debug_line    0x00000887      0x393 C:\Users\gregory.byrne\Desktop\Projects\Electrical Engineering\AVR\Avr\AVR Working\Webot\libWebbot-ATMega168.a(LB1836M.o)
 .debug_line    0x00000c1a      0x4df C:\Users\gregory.byrne\Desktop\Projects\Electrical Engineering\AVR\Avr\AVR Working\Webot\libWebbot-ATMega168.a(_uart_common.o)
 .debug_line    0x000010f9      0x16d C:\Users\gregory.byrne\Desktop\Projects\Electrical Engineering\AVR\Avr\AVR Working\Webot\libWebbot-ATMega168.a(actuators.o)
 .debug_line    0x00001266      0x2a1 C:\Users\gregory.byrne\Desktop\Projects\Electrical Engineering\AVR\Avr\AVR Working\Webot\libWebbot-ATMega168.a(buffer.o)
 .debug_line    0x00001507      0x24d C:\Users\gregory.byrne\Desktop\Projects\Electrical Engineering\AVR\Avr\AVR Working\Webot\libWebbot-ATMega168.a(core.o)
 .debug_line    0x00001754       0xc4 C:\Users\gregory.byrne\Desktop\Projects\Electrical Engineering\AVR\Avr\AVR Working\Webot\libWebbot-ATMega168.a(core_interp.o)
 .debug_line    0x00001818       0xc5 C:\Users\gregory.byrne\Desktop\Projects\Electrical Engineering\AVR\Avr\AVR Working\Webot\libWebbot-ATMega168.a(core_interpU.o)
 .debug_line    0x000018dd      0x378 C:\Users\gregory.byrne\Desktop\Projects\Electrical Engineering\AVR\Avr\AVR Working\Webot\libWebbot-ATMega168.a(iopin.o)
 .debug_line    0x00001c55      0x129 C:\Users\gregory.byrne\Desktop\Projects\Electrical Engineering\AVR\Avr\AVR Working\Webot\libWebbot-ATMega168.a(led.o)
 .debug_line    0x00001d7e      0x256 C:\Users\gregory.byrne\Desktop\Projects\Electrical Engineering\AVR\Avr\AVR Working\Webot\libWebbot-ATMega168.a(rprintf.o)
 .debug_line    0x00001fd4      0x464 C:\Users\gregory.byrne\Desktop\Projects\Electrical Engineering\AVR\Avr\AVR Working\Webot\libWebbot-ATMega168.a(servos.o)
 .debug_line    0x00002438      0x210 C:\Users\gregory.byrne\Desktop\Projects\Electrical Engineering\AVR\Avr\AVR Working\Webot\libWebbot-ATMega168.a(servosConfig.o)
 .debug_line    0x00002648      0xebc C:\Users\gregory.byrne\Desktop\Projects\Electrical Engineering\AVR\Avr\AVR Working\Webot\libWebbot-ATMega168.a(timer.o)
 .debug_line    0x00003504      0x1ba C:\Users\gregory.byrne\Desktop\Projects\Electrical Engineering\AVR\Avr\AVR Working\Webot\libWebbot-ATMega168.a(timerCapture.o)
 .debug_line    0x000036be      0x1de C:\Users\gregory.byrne\Desktop\Projects\Electrical Engineering\AVR\Avr\AVR Working\Webot\libWebbot-ATMega168.a(timerCompare.o)
 .debug_line    0x0000389c      0x175 C:\Users\gregory.byrne\Desktop\Projects\Electrical Engineering\AVR\Avr\AVR Working\Webot\libWebbot-ATMega168.a(timerOverflow.o)
 .debug_line    0x00003a11      0x35b C:\Users\gregory.byrne\Desktop\Projects\Electrical Engineering\AVR\Avr\AVR Working\Webot\libWebbot-ATMega168.a(timerPWM.o)
 .debug_line    0x00003d6c      0x29e C:\Users\gregory.byrne\Desktop\Projects\Electrical Engineering\AVR\Avr\AVR Working\Webot\libWebbot-ATMega168.a(uart.o)
 .debug_line    0x0000400a      0x1ab C:\Users\gregory.byrne\Desktop\Projects\Electrical Engineering\AVR\Avr\AVR Working\Webot\libWebbot-ATMega168.a(rprintfs.o)
 .debug_line    0x000041b5      0x2d4 C:\Users\gregory.byrne\Desktop\Projects\Electrical Engineering\AVR\Avr\AVR Working\Webot\libWebbot-ATMega168.a(scheduler.o)

.debug_frame    0x00000000      0x990
 *(.debug_frame)
 .debug_frame   0x00000000      0x150 TheBoatRx.o
 .debug_frame   0x00000150       0x50 C:\Users\gregory.byrne\Desktop\Projects\Electrical Engineering\AVR\Avr\AVR Working\Webot\libWebbot-ATMega168.a(LB1836M.o)
 .debug_frame   0x000001a0       0xe0 C:\Users\gregory.byrne\Desktop\Projects\Electrical Engineering\AVR\Avr\AVR Working\Webot\libWebbot-ATMega168.a(_uart_common.o)
 .debug_frame   0x00000280       0x30 C:\Users\gregory.byrne\Desktop\Projects\Electrical Engineering\AVR\Avr\AVR Working\Webot\libWebbot-ATMega168.a(actuators.o)
 .debug_frame   0x000002b0       0x80 C:\Users\gregory.byrne\Desktop\Projects\Electrical Engineering\AVR\Avr\AVR Working\Webot\libWebbot-ATMega168.a(buffer.o)
 .debug_frame   0x00000330       0x60 C:\Users\gregory.byrne\Desktop\Projects\Electrical Engineering\AVR\Avr\AVR Working\Webot\libWebbot-ATMega168.a(core.o)
 .debug_frame   0x00000390       0x20 C:\Users\gregory.byrne\Desktop\Projects\Electrical Engineering\AVR\Avr\AVR Working\Webot\libWebbot-ATMega168.a(core_interp.o)
 .debug_frame   0x000003b0       0x20 C:\Users\gregory.byrne\Desktop\Projects\Electrical Engineering\AVR\Avr\AVR Working\Webot\libWebbot-ATMega168.a(core_interpU.o)
 .debug_frame   0x000003d0       0x90 C:\Users\gregory.byrne\Desktop\Projects\Electrical Engineering\AVR\Avr\AVR Working\Webot\libWebbot-ATMega168.a(iopin.o)
 .debug_frame   0x00000460       0x20 C:\Users\gregory.byrne\Desktop\Projects\Electrical Engineering\AVR\Avr\AVR Working\Webot\libWebbot-ATMega168.a(led.o)
 .debug_frame   0x00000480       0x90 C:\Users\gregory.byrne\Desktop\Projects\Electrical Engineering\AVR\Avr\AVR Working\Webot\libWebbot-ATMega168.a(rprintf.o)
 .debug_frame   0x00000510       0x50 C:\Users\gregory.byrne\Desktop\Projects\Electrical Engineering\AVR\Avr\AVR Working\Webot\libWebbot-ATMega168.a(servos.o)
 .debug_frame   0x00000560       0x20 C:\Users\gregory.byrne\Desktop\Projects\Electrical Engineering\AVR\Avr\AVR Working\Webot\libWebbot-ATMega168.a(servosConfig.o)
 .debug_frame   0x00000580      0x270 C:\Users\gregory.byrne\Desktop\Projects\Electrical Engineering\AVR\Avr\AVR Working\Webot\libWebbot-ATMega168.a(timer.o)
 .debug_frame   0x000007f0       0x30 C:\Users\gregory.byrne\Desktop\Projects\Electrical Engineering\AVR\Avr\AVR Working\Webot\libWebbot-ATMega168.a(timerCapture.o)
 .debug_frame   0x00000820       0x30 C:\Users\gregory.byrne\Desktop\Projects\Electrical Engineering\AVR\Avr\AVR Working\Webot\libWebbot-ATMega168.a(timerCompare.o)
 .debug_frame   0x00000850       0x20 C:\Users\gregory.byrne\Desktop\Projects\Electrical Engineering\AVR\Avr\AVR Working\Webot\libWebbot-ATMega168.a(timerOverflow.o)
 .debug_frame   0x00000870       0x40 C:\Users\gregory.byrne\Desktop\Projects\Electrical Engineering\AVR\Avr\AVR Working\Webot\libWebbot-ATMega168.a(timerPWM.o)
 .debug_frame   0x000008b0       0x90 C:\Users\gregory.byrne\Desktop\Projects\Electrical Engineering\AVR\Avr\AVR Working\Webot\libWebbot-ATMega168.a(uart.o)
 .debug_frame   0x00000940       0x20 C:\Users\gregory.byrne\Desktop\Projects\Electrical Engineering\AVR\Avr\AVR Working\Webot\libWebbot-ATMega168.a(rprintfs.o)
 .debug_frame   0x00000960       0x30 C:\Users\gregory.byrne\Desktop\Projects\Electrical Engineering\AVR\Avr\AVR Working\Webot\libWebbot-ATMega168.a(scheduler.o)

.debug_str      0x00000000     0x1e3f
 *(.debug_str)
 .debug_str     0x00000000      0xd26 TheBoatRx.o
                                0xe23 (size before relaxing)
 .debug_str     0x00000d26      0x140 C:\Users\gregory.byrne\Desktop\Projects\Electrical Engineering\AVR\Avr\AVR Working\Webot\libWebbot-ATMega168.a(LB1836M.o)
                                0x66d (size before relaxing)
 .debug_str     0x00000e66      0x178 C:\Users\gregory.byrne\Desktop\Projects\Electrical Engineering\AVR\Avr\AVR Working\Webot\libWebbot-ATMega168.a(_uart_common.o)
                                0x3a6 (size before relaxing)
 .debug_str     0x00000fde       0x52 C:\Users\gregory.byrne\Desktop\Projects\Electrical Engineering\AVR\Avr\AVR Working\Webot\libWebbot-ATMega168.a(actuators.o)
                                0x18d (size before relaxing)
 .debug_str     0x00001030       0xae C:\Users\gregory.byrne\Desktop\Projects\Electrical Engineering\AVR\Avr\AVR Working\Webot\libWebbot-ATMega168.a(buffer.o)
                                0x190 (size before relaxing)
 .debug_str     0x000010de       0x71 C:\Users\gregory.byrne\Desktop\Projects\Electrical Engineering\AVR\Avr\AVR Working\Webot\libWebbot-ATMega168.a(core.o)
                                0x328 (size before relaxing)
 .debug_str     0x0000114f       0x76 C:\Users\gregory.byrne\Desktop\Projects\Electrical Engineering\AVR\Avr\AVR Working\Webot\libWebbot-ATMega168.a(core_interp.o)
                                 0xff (size before relaxing)
 .debug_str     0x000011c5       0x40 C:\Users\gregory.byrne\Desktop\Projects\Electrical Engineering\AVR\Avr\AVR Working\Webot\libWebbot-ATMega168.a(core_interpU.o)
                                0x113 (size before relaxing)
 .debug_str     0x00001205       0x98 C:\Users\gregory.byrne\Desktop\Projects\Electrical Engineering\AVR\Avr\AVR Working\Webot\libWebbot-ATMega168.a(iopin.o)
                                0x170 (size before relaxing)
 .debug_str     0x0000129d       0x32 C:\Users\gregory.byrne\Desktop\Projects\Electrical Engineering\AVR\Avr\AVR Working\Webot\libWebbot-ATMega168.a(led.o)
                                0x11a (size before relaxing)
 .debug_str     0x000012cf       0xc2 C:\Users\gregory.byrne\Desktop\Projects\Electrical Engineering\AVR\Avr\AVR Working\Webot\libWebbot-ATMega168.a(rprintf.o)
                                0x175 (size before relaxing)
 .debug_str     0x00001391      0x110 C:\Users\gregory.byrne\Desktop\Projects\Electrical Engineering\AVR\Avr\AVR Working\Webot\libWebbot-ATMega168.a(servos.o)
                                0x987 (size before relaxing)
 .debug_str     0x000014a1       0x4f C:\Users\gregory.byrne\Desktop\Projects\Electrical Engineering\AVR\Avr\AVR Working\Webot\libWebbot-ATMega168.a(servosConfig.o)
                                0x487 (size before relaxing)
 .debug_str     0x000014f0      0x516 C:\Users\gregory.byrne\Desktop\Projects\Electrical Engineering\AVR\Avr\AVR Working\Webot\libWebbot-ATMega168.a(timer.o)
                                0xbce (size before relaxing)
 .debug_str     0x00001a06       0x90 C:\Users\gregory.byrne\Desktop\Projects\Electrical Engineering\AVR\Avr\AVR Working\Webot\libWebbot-ATMega168.a(timerCapture.o)
                                0x530 (size before relaxing)
 .debug_str     0x00001a96       0x69 C:\Users\gregory.byrne\Desktop\Projects\Electrical Engineering\AVR\Avr\AVR Working\Webot\libWebbot-ATMega168.a(timerCompare.o)
                                0x5e2 (size before relaxing)
 .debug_str     0x00001aff       0x48 C:\Users\gregory.byrne\Desktop\Projects\Electrical Engineering\AVR\Avr\AVR Working\Webot\libWebbot-ATMega168.a(timerOverflow.o)
                                0x4f2 (size before relaxing)
 .debug_str     0x00001b47       0xfe C:\Users\gregory.byrne\Desktop\Projects\Electrical Engineering\AVR\Avr\AVR Working\Webot\libWebbot-ATMega168.a(timerPWM.o)
                                0x614 (size before relaxing)
 .debug_str     0x00001c45       0xca C:\Users\gregory.byrne\Desktop\Projects\Electrical Engineering\AVR\Avr\AVR Working\Webot\libWebbot-ATMega168.a(uart.o)
                                0x35e (size before relaxing)
 .debug_str     0x00001d0f       0xa1 C:\Users\gregory.byrne\Desktop\Projects\Electrical Engineering\AVR\Avr\AVR Working\Webot\libWebbot-ATMega168.a(rprintfs.o)
                                0x144 (size before relaxing)
 .debug_str     0x00001db0       0x8f C:\Users\gregory.byrne\Desktop\Projects\Electrical Engineering\AVR\Avr\AVR Working\Webot\libWebbot-ATMega168.a(scheduler.o)
                                0x5ed (size before relaxing)

.debug_loc      0x00000000     0x57e3
 *(.debug_loc)
 .debug_loc     0x00000000       0xbe TheBoatRx.o
 .debug_loc     0x000000be      0x46b C:\Users\gregory.byrne\Desktop\Projects\Electrical Engineering\AVR\Avr\AVR Working\Webot\libWebbot-ATMega168.a(LB1836M.o)
 .debug_loc     0x00000529      0x636 C:\Users\gregory.byrne\Desktop\Projects\Electrical Engineering\AVR\Avr\AVR Working\Webot\libWebbot-ATMega168.a(_uart_common.o)
 .debug_loc     0x00000b5f      0x1bd C:\Users\gregory.byrne\Desktop\Projects\Electrical Engineering\AVR\Avr\AVR Working\Webot\libWebbot-ATMega168.a(actuators.o)
 .debug_loc     0x00000d1c      0x210 C:\Users\gregory.byrne\Desktop\Projects\Electrical Engineering\AVR\Avr\AVR Working\Webot\libWebbot-ATMega168.a(buffer.o)
 .debug_loc     0x00000f2c       0xc0 C:\Users\gregory.byrne\Desktop\Projects\Electrical Engineering\AVR\Avr\AVR Working\Webot\libWebbot-ATMega168.a(core.o)
 .debug_loc     0x00000fec       0xc8 C:\Users\gregory.byrne\Desktop\Projects\Electrical Engineering\AVR\Avr\AVR Working\Webot\libWebbot-ATMega168.a(core_interp.o)
 .debug_loc     0x000010b4       0xee C:\Users\gregory.byrne\Desktop\Projects\Electrical Engineering\AVR\Avr\AVR Working\Webot\libWebbot-ATMega168.a(core_interpU.o)
 .debug_loc     0x000011a2      0x572 C:\Users\gregory.byrne\Desktop\Projects\Electrical Engineering\AVR\Avr\AVR Working\Webot\libWebbot-ATMega168.a(iopin.o)
 .debug_loc     0x00001714       0x67 C:\Users\gregory.byrne\Desktop\Projects\Electrical Engineering\AVR\Avr\AVR Working\Webot\libWebbot-ATMega168.a(led.o)
 .debug_loc     0x0000177b      0x1ae C:\Users\gregory.byrne\Desktop\Projects\Electrical Engineering\AVR\Avr\AVR Working\Webot\libWebbot-ATMega168.a(rprintf.o)
 .debug_loc     0x00001929      0x5d0 C:\Users\gregory.byrne\Desktop\Projects\Electrical Engineering\AVR\Avr\AVR Working\Webot\libWebbot-ATMega168.a(servos.o)
 .debug_loc     0x00001ef9      0x17e C:\Users\gregory.byrne\Desktop\Projects\Electrical Engineering\AVR\Avr\AVR Working\Webot\libWebbot-ATMega168.a(servosConfig.o)
 .debug_loc     0x00002077     0x1fca C:\Users\gregory.byrne\Desktop\Projects\Electrical Engineering\AVR\Avr\AVR Working\Webot\libWebbot-ATMega168.a(timer.o)
 .debug_loc     0x00004041      0x151 C:\Users\gregory.byrne\Desktop\Projects\Electrical Engineering\AVR\Avr\AVR Working\Webot\libWebbot-ATMega168.a(timerCapture.o)
 .debug_loc     0x00004192      0x17f C:\Users\gregory.byrne\Desktop\Projects\Electrical Engineering\AVR\Avr\AVR Working\Webot\libWebbot-ATMega168.a(timerCompare.o)
 .debug_loc     0x00004311      0x11b C:\Users\gregory.byrne\Desktop\Projects\Electrical Engineering\AVR\Avr\AVR Working\Webot\libWebbot-ATMega168.a(timerOverflow.o)
 .debug_loc     0x0000442c      0xa43 C:\Users\gregory.byrne\Desktop\Projects\Electrical Engineering\AVR\Avr\AVR Working\Webot\libWebbot-ATMega168.a(timerPWM.o)
 .debug_loc     0x00004e6f      0x203 C:\Users\gregory.byrne\Desktop\Projects\Electrical Engineering\AVR\Avr\AVR Working\Webot\libWebbot-ATMega168.a(uart.o)
 .debug_loc     0x00005072      0x3bb C:\Users\gregory.byrne\Desktop\Projects\Electrical Engineering\AVR\Avr\AVR Working\Webot\libWebbot-ATMega168.a(rprintfs.o)
 .debug_loc     0x0000542d      0x3b6 C:\Users\gregory.byrne\Desktop\Projects\Electrical Engineering\AVR\Avr\AVR Working\Webot\libWebbot-ATMega168.a(scheduler.o)

.debug_macinfo
 *(.debug_macinfo)
OUTPUT(TheBoatRx.elf elf32-avr)
LOAD linker stubs

.debug_ranges   0x00000000      0x1a0
 .debug_ranges  0x00000000       0x38 C:\Users\gregory.byrne\Desktop\Projects\Electrical Engineering\AVR\Avr\AVR Working\Webot\libWebbot-ATMega168.a(servos.o)
 .debug_ranges  0x00000038       0x48 C:\Users\gregory.byrne\Desktop\Projects\Electrical Engineering\AVR\Avr\AVR Working\Webot\libWebbot-ATMega168.a(timer.o)
 .debug_ranges  0x00000080       0x68 C:\Users\gregory.byrne\Desktop\Projects\Electrical Engineering\AVR\Avr\AVR Working\Webot\libWebbot-ATMega168.a(timerCompare.o)
 .debug_ranges  0x000000e8       0xa0 C:\Users\gregory.byrne\Desktop\Projects\Electrical Engineering\AVR\Avr\AVR Working\Webot\libWebbot-ATMega168.a(timerPWM.o)
 .debug_ranges  0x00000188       0x18 C:\Users\gregory.byrne\Desktop\Projects\Electrical Engineering\AVR\Avr\AVR Working\Webot\libWebbot-ATMega168.a(scheduler.o)
