Archive member included because of file (symbol)

c:/program files (x86)/atmel/avr studio 5.0/avr toolchain/bin/../lib/gcc/avr/4.5.1/avr25\libgcc.a(_exit.o)
                              c:/program files (x86)/atmel/avr studio 5.0/avr toolchain/bin/../lib/gcc/avr/4.5.1/../../../../avr/lib/avr25/crttn85.o (exit)
c:/program files (x86)/atmel/avr studio 5.0/avr toolchain/bin/../lib/gcc/avr/4.5.1/avr25\libgcc.a(_copy_data.o)
                              attiny85uart.o (__do_copy_data)
c:/program files (x86)/atmel/avr studio 5.0/avr toolchain/bin/../lib/gcc/avr/4.5.1/avr25\libgcc.a(_clear_bss.o)
                              attiny85uart.o (__do_clear_bss)
c:/program files (x86)/atmel/avr studio 5.0/avr toolchain/bin/../lib/gcc/avr/4.5.1/avr25\libgcc.a(_fixunssfsi.o)
                              attiny85uart.o (__fixunssfsi)
c:/program files (x86)/atmel/avr studio 5.0/avr toolchain/bin/../lib/gcc/avr/4.5.1/avr25\libgcc.a(_addsub_sf.o)
                              c:/program files (x86)/atmel/avr studio 5.0/avr toolchain/bin/../lib/gcc/avr/4.5.1/avr25\libgcc.a(_fixunssfsi.o) (__subsf3)
c:/program files (x86)/atmel/avr studio 5.0/avr toolchain/bin/../lib/gcc/avr/4.5.1/avr25\libgcc.a(_mul_sf.o)
                              attiny85uart.o (__mulsf3)
c:/program files (x86)/atmel/avr studio 5.0/avr toolchain/bin/../lib/gcc/avr/4.5.1/avr25\libgcc.a(_gt_sf.o)
                              attiny85uart.o (__gtsf2)
c:/program files (x86)/atmel/avr studio 5.0/avr toolchain/bin/../lib/gcc/avr/4.5.1/avr25\libgcc.a(_ge_sf.o)
                              c:/program files (x86)/atmel/avr studio 5.0/avr toolchain/bin/../lib/gcc/avr/4.5.1/avr25\libgcc.a(_fixunssfsi.o) (__gesf2)
c:/program files (x86)/atmel/avr studio 5.0/avr toolchain/bin/../lib/gcc/avr/4.5.1/avr25\libgcc.a(_lt_sf.o)
                              attiny85uart.o (__ltsf2)
c:/program files (x86)/atmel/avr studio 5.0/avr toolchain/bin/../lib/gcc/avr/4.5.1/avr25\libgcc.a(_sf_to_si.o)
                              c:/program files (x86)/atmel/avr studio 5.0/avr toolchain/bin/../lib/gcc/avr/4.5.1/avr25\libgcc.a(_fixunssfsi.o) (__fixsfsi)
c:/program files (x86)/atmel/avr studio 5.0/avr toolchain/bin/../lib/gcc/avr/4.5.1/avr25\libgcc.a(_thenan_sf.o)
                              c:/program files (x86)/atmel/avr studio 5.0/avr toolchain/bin/../lib/gcc/avr/4.5.1/avr25\libgcc.a(_addsub_sf.o) (__thenan_sf)
c:/program files (x86)/atmel/avr studio 5.0/avr toolchain/bin/../lib/gcc/avr/4.5.1/avr25\libgcc.a(_prologue.o)
                              c:/program files (x86)/atmel/avr studio 5.0/avr toolchain/bin/../lib/gcc/avr/4.5.1/avr25\libgcc.a(_addsub_sf.o) (__prologue_saves__)
c:/program files (x86)/atmel/avr studio 5.0/avr toolchain/bin/../lib/gcc/avr/4.5.1/avr25\libgcc.a(_epilogue.o)
                              c:/program files (x86)/atmel/avr studio 5.0/avr toolchain/bin/../lib/gcc/avr/4.5.1/avr25\libgcc.a(_addsub_sf.o) (__epilogue_restores__)
c:/program files (x86)/atmel/avr studio 5.0/avr toolchain/bin/../lib/gcc/avr/4.5.1/avr25\libgcc.a(_pack_sf.o)
                              c:/program files (x86)/atmel/avr studio 5.0/avr toolchain/bin/../lib/gcc/avr/4.5.1/avr25\libgcc.a(_addsub_sf.o) (__pack_f)
c:/program files (x86)/atmel/avr studio 5.0/avr toolchain/bin/../lib/gcc/avr/4.5.1/avr25\libgcc.a(_unpack_sf.o)
                              c:/program files (x86)/atmel/avr studio 5.0/avr toolchain/bin/../lib/gcc/avr/4.5.1/avr25\libgcc.a(_addsub_sf.o) (__unpack_f)
c:/program files (x86)/atmel/avr studio 5.0/avr toolchain/bin/../lib/gcc/avr/4.5.1/avr25\libgcc.a(_fpcmp_parts_sf.o)
                              c:/program files (x86)/atmel/avr studio 5.0/avr toolchain/bin/../lib/gcc/avr/4.5.1/avr25\libgcc.a(_gt_sf.o) (__fpcmp_parts_f)

Allocating common symbols
Common symbol       size              file

counter             0x1               attiny85uart.o

Memory Configuration

Name             Origin             Length             Attributes
text             0x00000000         0x00002000         xr
data             0x00800060         0x0000ffa0         rw !x
eeprom           0x00810000         0x00010000         rw !x
fuse             0x00820000         0x00000400         rw !x
lock             0x00830000         0x00000400         rw !x
signature        0x00840000         0x00000400         rw !x
*default*        0x00000000         0xffffffff

Linker script and memory map

LOAD c:/program files (x86)/atmel/avr studio 5.0/avr toolchain/bin/../lib/gcc/avr/4.5.1/../../../../avr/lib/avr25/crttn85.o
LOAD attiny85uart.o
LOAD c:/program files (x86)/atmel/avr studio 5.0/avr toolchain/bin/../lib/gcc/avr/4.5.1/avr25\libgcc.a
LOAD c:/program files (x86)/atmel/avr studio 5.0/avr toolchain/bin/../lib/gcc/avr/4.5.1/../../../../avr/lib/avr25\libc.a
LOAD c:/program files (x86)/atmel/avr studio 5.0/avr toolchain/bin/../lib/gcc/avr/4.5.1/avr25\libgcc.a

.hash
 *(.hash)

.dynsym
 *(.dynsym)

.dynstr
 *(.dynstr)

.gnu.version
 *(.gnu.version)

.gnu.version_d
 *(.gnu.version_d)

.gnu.version_r
 *(.gnu.version_r)

.rel.init
 *(.rel.init)

.rela.init
 *(.rela.init)

.rel.text
 *(.rel.text)
 *(.rel.text.*)
 *(.rel.gnu.linkonce.t*)

.rela.text
 *(.rela.text)
 *(.rela.text.*)
 *(.rela.gnu.linkonce.t*)

.rel.fini
 *(.rel.fini)

.rela.fini
 *(.rela.fini)

.rel.rodata
 *(.rel.rodata)
 *(.rel.rodata.*)
 *(.rel.gnu.linkonce.r*)

.rela.rodata
 *(.rela.rodata)
 *(.rela.rodata.*)
 *(.rela.gnu.linkonce.r*)

.rel.data
 *(.rel.data)
 *(.rel.data.*)
 *(.rel.gnu.linkonce.d*)

.rela.data
 *(.rela.data)
 *(.rela.data.*)
 *(.rela.gnu.linkonce.d*)

.rel.ctors
 *(.rel.ctors)

.rela.ctors
 *(.rela.ctors)

.rel.dtors
 *(.rel.dtors)

.rela.dtors
 *(.rela.dtors)

.rel.got
 *(.rel.got)

.rela.got
 *(.rela.got)

.rel.bss
 *(.rel.bss)

.rela.bss
 *(.rela.bss)

.rel.plt
 *(.rel.plt)

.rela.plt
 *(.rela.plt)

.text           0x00000000     0x1434
 *(.vectors)
 .vectors       0x00000000       0x1e c:/program files (x86)/atmel/avr studio 5.0/avr toolchain/bin/../lib/gcc/avr/4.5.1/../../../../avr/lib/avr25/crttn85.o
                0x00000000                __vector_default
                0x00000000                __vectors
 *(.vectors)
 *(.progmem.gcc*)
 *(.progmem*)
                0x0000001e                . = ALIGN (0x2)
                0x0000001e                __trampolines_start = .
 *(.trampolines)
 .trampolines   0x0000001e        0x0 linker stubs
 *(.trampolines*)
                0x0000001e                __trampolines_end = .
 *(.jumptables)
 *(.jumptables*)
 *(.lowtext)
 *(.lowtext*)
                0x0000001e                __ctors_start = .
 *(.ctors)
                0x0000001e                __ctors_end = .
                0x0000001e                __dtors_start = .
 *(.dtors)
                0x0000001e                __dtors_end = .
 SORT(*)(.ctors)
 SORT(*)(.dtors)
 *(.init0)
 .init0         0x0000001e        0x0 c:/program files (x86)/atmel/avr studio 5.0/avr toolchain/bin/../lib/gcc/avr/4.5.1/../../../../avr/lib/avr25/crttn85.o
                0x0000001e                __init
 *(.init0)
 *(.init1)
 *(.init1)
 *(.init2)
 .init2         0x0000001e        0xc c:/program files (x86)/atmel/avr studio 5.0/avr toolchain/bin/../lib/gcc/avr/4.5.1/../../../../avr/lib/avr25/crttn85.o
 *(.init2)
 *(.init3)
 *(.init3)
 *(.init4)
 .init4         0x0000002a       0x16 c:/program files (x86)/atmel/avr studio 5.0/avr toolchain/bin/../lib/gcc/avr/4.5.1/avr25\libgcc.a(_copy_data.o)
                0x0000002a                __do_copy_data
 .init4         0x00000040       0x10 c:/program files (x86)/atmel/avr studio 5.0/avr toolchain/bin/../lib/gcc/avr/4.5.1/avr25\libgcc.a(_clear_bss.o)
                0x00000040                __do_clear_bss
 *(.init4)
 *(.init5)
 *(.init5)
 *(.init6)
 *(.init6)
 *(.init7)
 *(.init7)
 *(.init8)
 *(.init8)
 *(.init9)
 .init9         0x00000050        0x4 c:/program files (x86)/atmel/avr studio 5.0/avr toolchain/bin/../lib/gcc/avr/4.5.1/../../../../avr/lib/avr25/crttn85.o
 *(.init9)
 *(.text)
 .text          0x00000054        0x2 c:/program files (x86)/atmel/avr studio 5.0/avr toolchain/bin/../lib/gcc/avr/4.5.1/../../../../avr/lib/avr25/crttn85.o
                0x00000054                __vector_1
                0x00000054                __vector_12
                0x00000054                __bad_interrupt
                0x00000054                __vector_6
                0x00000054                __vector_3
                0x00000054                __vector_11
                0x00000054                __vector_13
                0x00000054                __vector_7
                0x00000054                __vector_4
                0x00000054                __vector_9
                0x00000054                __vector_8
                0x00000054                __vector_10
 .text          0x00000056      0x940 attiny85uart.o
                0x00000056                Bit_Reverse
                0x000000c0                USI_UART_Flush_Buffers
                0x000000de                USI_UART_Initialise_Transmitter
                0x0000016a                USI_UART_Initialise_Receiver
                0x000001c0                USI_UART_Transmit_Byte
                0x00000228                USI_UART_Receive_Byte
                0x00000268                USI_UART_Data_In_Receive_Buffer
                0x00000286                __vector_2
                0x00000344                __vector_14
                0x00000514                __vector_5
                0x0000055e                main
 .text          0x00000996        0x0 c:/program files (x86)/atmel/avr studio 5.0/avr toolchain/bin/../lib/gcc/avr/4.5.1/avr25\libgcc.a(_exit.o)
 .text          0x00000996        0x0 c:/program files (x86)/atmel/avr studio 5.0/avr toolchain/bin/../lib/gcc/avr/4.5.1/avr25\libgcc.a(_copy_data.o)
 .text          0x00000996        0x0 c:/program files (x86)/atmel/avr studio 5.0/avr toolchain/bin/../lib/gcc/avr/4.5.1/avr25\libgcc.a(_clear_bss.o)
 .text          0x00000996       0x50 c:/program files (x86)/atmel/avr studio 5.0/avr toolchain/bin/../lib/gcc/avr/4.5.1/avr25\libgcc.a(_fixunssfsi.o)
                0x00000996                __fixunssfsi
 .text          0x000009e6      0x334 c:/program files (x86)/atmel/avr studio 5.0/avr toolchain/bin/../lib/gcc/avr/4.5.1/avr25\libgcc.a(_addsub_sf.o)
                0x00000c76                __addsf3
                0x00000cc4                __subsf3
 .text          0x00000d1a      0x1ea c:/program files (x86)/atmel/avr studio 5.0/avr toolchain/bin/../lib/gcc/avr/4.5.1/avr25\libgcc.a(_mul_sf.o)
                0x00000d1a                __mulsf3
 .text          0x00000f04       0x56 c:/program files (x86)/atmel/avr studio 5.0/avr toolchain/bin/../lib/gcc/avr/4.5.1/avr25\libgcc.a(_gt_sf.o)
                0x00000f04                __gtsf2
 .text          0x00000f5a       0x56 c:/program files (x86)/atmel/avr studio 5.0/avr toolchain/bin/../lib/gcc/avr/4.5.1/avr25\libgcc.a(_ge_sf.o)
                0x00000f5a                __gesf2
 .text          0x00000fb0       0x56 c:/program files (x86)/atmel/avr studio 5.0/avr toolchain/bin/../lib/gcc/avr/4.5.1/avr25\libgcc.a(_lt_sf.o)
                0x00000fb0                __ltsf2
 .text          0x00001006       0x9e c:/program files (x86)/atmel/avr studio 5.0/avr toolchain/bin/../lib/gcc/avr/4.5.1/avr25\libgcc.a(_sf_to_si.o)
                0x00001006                __fixsfsi
 .text          0x000010a4        0x0 c:/program files (x86)/atmel/avr studio 5.0/avr toolchain/bin/../lib/gcc/avr/4.5.1/avr25\libgcc.a(_thenan_sf.o)
 .text          0x000010a4        0x0 c:/program files (x86)/atmel/avr studio 5.0/avr toolchain/bin/../lib/gcc/avr/4.5.1/avr25\libgcc.a(_prologue.o)
 .text          0x000010a4        0x0 c:/program files (x86)/atmel/avr studio 5.0/avr toolchain/bin/../lib/gcc/avr/4.5.1/avr25\libgcc.a(_epilogue.o)
 .text          0x000010a4      0x19a c:/program files (x86)/atmel/avr studio 5.0/avr toolchain/bin/../lib/gcc/avr/4.5.1/avr25\libgcc.a(_pack_sf.o)
                0x000010a4                __pack_f
 .text          0x0000123e       0xd2 c:/program files (x86)/atmel/avr studio 5.0/avr toolchain/bin/../lib/gcc/avr/4.5.1/avr25\libgcc.a(_unpack_sf.o)
                0x0000123e                __unpack_f
 .text          0x00001310       0xb2 c:/program files (x86)/atmel/avr studio 5.0/avr toolchain/bin/../lib/gcc/avr/4.5.1/avr25\libgcc.a(_fpcmp_parts_sf.o)
                0x00001310                __fpcmp_parts_f
                0x000013c2                . = ALIGN (0x2)
 *(.text.*)
 .text.libgcc   0x000013c2        0x0 c:/program files (x86)/atmel/avr studio 5.0/avr toolchain/bin/../lib/gcc/avr/4.5.1/avr25\libgcc.a(_exit.o)
 .text.libgcc   0x000013c2        0x0 c:/program files (x86)/atmel/avr studio 5.0/avr toolchain/bin/../lib/gcc/avr/4.5.1/avr25\libgcc.a(_copy_data.o)
 .text.libgcc   0x000013c2        0x0 c:/program files (x86)/atmel/avr studio 5.0/avr toolchain/bin/../lib/gcc/avr/4.5.1/avr25\libgcc.a(_clear_bss.o)
 .text.libgcc   0x000013c2       0x38 c:/program files (x86)/atmel/avr studio 5.0/avr toolchain/bin/../lib/gcc/avr/4.5.1/avr25\libgcc.a(_prologue.o)
                0x000013c2                __prologue_saves__
 .text.libgcc   0x000013fa       0x36 c:/program files (x86)/atmel/avr studio 5.0/avr toolchain/bin/../lib/gcc/avr/4.5.1/avr25\libgcc.a(_epilogue.o)
                0x000013fa                __epilogue_restores__
                0x00001430                . = ALIGN (0x2)
 *(.fini9)
 .fini9         0x00001430        0x0 c:/program files (x86)/atmel/avr studio 5.0/avr toolchain/bin/../lib/gcc/avr/4.5.1/avr25\libgcc.a(_exit.o)
                0x00001430                _exit
                0x00001430                exit
 *(.fini9)
 *(.fini8)
 *(.fini8)
 *(.fini7)
 *(.fini7)
 *(.fini6)
 *(.fini6)
 *(.fini5)
 *(.fini5)
 *(.fini4)
 *(.fini4)
 *(.fini3)
 *(.fini3)
 *(.fini2)
 *(.fini2)
 *(.fini1)
 *(.fini1)
 *(.fini0)
 .fini0         0x00001430        0x4 c:/program files (x86)/atmel/avr studio 5.0/avr toolchain/bin/../lib/gcc/avr/4.5.1/avr25\libgcc.a(_exit.o)
 *(.fini0)
                0x00001434                _etext = .

.data           0x00800060       0x1e load address 0x00001434
                0x00800060                PROVIDE (__data_start, .)
 *(.data)
 .data          0x00800060        0x0 c:/program files (x86)/atmel/avr studio 5.0/avr toolchain/bin/../lib/gcc/avr/4.5.1/../../../../avr/lib/avr25/crttn85.o
 .data          0x00800060       0x15 attiny85uart.o
                0x00800060                myString
 .data          0x00800075        0x0 c:/program files (x86)/atmel/avr studio 5.0/avr toolchain/bin/../lib/gcc/avr/4.5.1/avr25\libgcc.a(_exit.o)
 .data          0x00800075        0x0 c:/program files (x86)/atmel/avr studio 5.0/avr toolchain/bin/../lib/gcc/avr/4.5.1/avr25\libgcc.a(_copy_data.o)
 .data          0x00800075        0x0 c:/program files (x86)/atmel/avr studio 5.0/avr toolchain/bin/../lib/gcc/avr/4.5.1/avr25\libgcc.a(_clear_bss.o)
 .data          0x00800075        0x0 c:/program files (x86)/atmel/avr studio 5.0/avr toolchain/bin/../lib/gcc/avr/4.5.1/avr25\libgcc.a(_fixunssfsi.o)
 .data          0x00800075        0x0 c:/program files (x86)/atmel/avr studio 5.0/avr toolchain/bin/../lib/gcc/avr/4.5.1/avr25\libgcc.a(_addsub_sf.o)
 .data          0x00800075        0x0 c:/program files (x86)/atmel/avr studio 5.0/avr toolchain/bin/../lib/gcc/avr/4.5.1/avr25\libgcc.a(_mul_sf.o)
 .data          0x00800075        0x0 c:/program files (x86)/atmel/avr studio 5.0/avr toolchain/bin/../lib/gcc/avr/4.5.1/avr25\libgcc.a(_gt_sf.o)
 .data          0x00800075        0x0 c:/program files (x86)/atmel/avr studio 5.0/avr toolchain/bin/../lib/gcc/avr/4.5.1/avr25\libgcc.a(_ge_sf.o)
 .data          0x00800075        0x0 c:/program files (x86)/atmel/avr studio 5.0/avr toolchain/bin/../lib/gcc/avr/4.5.1/avr25\libgcc.a(_lt_sf.o)
 .data          0x00800075        0x0 c:/program files (x86)/atmel/avr studio 5.0/avr toolchain/bin/../lib/gcc/avr/4.5.1/avr25\libgcc.a(_sf_to_si.o)
 .data          0x00800075        0x8 c:/program files (x86)/atmel/avr studio 5.0/avr toolchain/bin/../lib/gcc/avr/4.5.1/avr25\libgcc.a(_thenan_sf.o)
                0x00800075                __thenan_sf
 .data          0x0080007d        0x0 c:/program files (x86)/atmel/avr studio 5.0/avr toolchain/bin/../lib/gcc/avr/4.5.1/avr25\libgcc.a(_prologue.o)
 .data          0x0080007d        0x0 c:/program files (x86)/atmel/avr studio 5.0/avr toolchain/bin/../lib/gcc/avr/4.5.1/avr25\libgcc.a(_epilogue.o)
 .data          0x0080007d        0x0 c:/program files (x86)/atmel/avr studio 5.0/avr toolchain/bin/../lib/gcc/avr/4.5.1/avr25\libgcc.a(_pack_sf.o)
 .data          0x0080007d        0x0 c:/program files (x86)/atmel/avr studio 5.0/avr toolchain/bin/../lib/gcc/avr/4.5.1/avr25\libgcc.a(_unpack_sf.o)
 .data          0x0080007d        0x0 c:/program files (x86)/atmel/avr studio 5.0/avr toolchain/bin/../lib/gcc/avr/4.5.1/avr25\libgcc.a(_fpcmp_parts_sf.o)
 *(.data*)
 *(.rodata)
 *(.rodata*)
 *(.gnu.linkonce.d*)
                0x0080007e                . = ALIGN (0x2)
 *fill*         0x0080007d        0x1 00
                0x0080007e                _edata = .
                0x0080007e                PROVIDE (__data_end, .)

.bss            0x0080007e        0xf
                0x0080007e                PROVIDE (__bss_start, .)
 *(.bss)
 .bss           0x0080007e        0x0 c:/program files (x86)/atmel/avr studio 5.0/avr toolchain/bin/../lib/gcc/avr/4.5.1/../../../../avr/lib/avr25/crttn85.o
 .bss           0x0080007e        0xe attiny85uart.o
 .bss           0x0080008c        0x0 c:/program files (x86)/atmel/avr studio 5.0/avr toolchain/bin/../lib/gcc/avr/4.5.1/avr25\libgcc.a(_exit.o)
 .bss           0x0080008c        0x0 c:/program files (x86)/atmel/avr studio 5.0/avr toolchain/bin/../lib/gcc/avr/4.5.1/avr25\libgcc.a(_copy_data.o)
 .bss           0x0080008c        0x0 c:/program files (x86)/atmel/avr studio 5.0/avr toolchain/bin/../lib/gcc/avr/4.5.1/avr25\libgcc.a(_clear_bss.o)
 .bss           0x0080008c        0x0 c:/program files (x86)/atmel/avr studio 5.0/avr toolchain/bin/../lib/gcc/avr/4.5.1/avr25\libgcc.a(_fixunssfsi.o)
 .bss           0x0080008c        0x0 c:/program files (x86)/atmel/avr studio 5.0/avr toolchain/bin/../lib/gcc/avr/4.5.1/avr25\libgcc.a(_addsub_sf.o)
 .bss           0x0080008c        0x0 c:/program files (x86)/atmel/avr studio 5.0/avr toolchain/bin/../lib/gcc/avr/4.5.1/avr25\libgcc.a(_mul_sf.o)
 .bss           0x0080008c        0x0 c:/program files (x86)/atmel/avr studio 5.0/avr toolchain/bin/../lib/gcc/avr/4.5.1/avr25\libgcc.a(_gt_sf.o)
 .bss           0x0080008c        0x0 c:/program files (x86)/atmel/avr studio 5.0/avr toolchain/bin/../lib/gcc/avr/4.5.1/avr25\libgcc.a(_ge_sf.o)
 .bss           0x0080008c        0x0 c:/program files (x86)/atmel/avr studio 5.0/avr toolchain/bin/../lib/gcc/avr/4.5.1/avr25\libgcc.a(_lt_sf.o)
 .bss           0x0080008c        0x0 c:/program files (x86)/atmel/avr studio 5.0/avr toolchain/bin/../lib/gcc/avr/4.5.1/avr25\libgcc.a(_sf_to_si.o)
 .bss           0x0080008c        0x0 c:/program files (x86)/atmel/avr studio 5.0/avr toolchain/bin/../lib/gcc/avr/4.5.1/avr25\libgcc.a(_thenan_sf.o)
 .bss           0x0080008c        0x0 c:/program files (x86)/atmel/avr studio 5.0/avr toolchain/bin/../lib/gcc/avr/4.5.1/avr25\libgcc.a(_prologue.o)
 .bss           0x0080008c        0x0 c:/program files (x86)/atmel/avr studio 5.0/avr toolchain/bin/../lib/gcc/avr/4.5.1/avr25\libgcc.a(_epilogue.o)
 .bss           0x0080008c        0x0 c:/program files (x86)/atmel/avr studio 5.0/avr toolchain/bin/../lib/gcc/avr/4.5.1/avr25\libgcc.a(_pack_sf.o)
 .bss           0x0080008c        0x0 c:/program files (x86)/atmel/avr studio 5.0/avr toolchain/bin/../lib/gcc/avr/4.5.1/avr25\libgcc.a(_unpack_sf.o)
 .bss           0x0080008c        0x0 c:/program files (x86)/atmel/avr studio 5.0/avr toolchain/bin/../lib/gcc/avr/4.5.1/avr25\libgcc.a(_fpcmp_parts_sf.o)
 *(.bss*)
 *(COMMON)
 COMMON         0x0080008c        0x1 attiny85uart.o
                0x0080008c                counter
                0x0080008d                PROVIDE (__bss_end, .)
                0x00001434                __data_load_start = LOADADDR (.data)
                0x00001452                __data_load_end = (__data_load_start + SIZEOF (.data))

.noinit         0x0080008d        0x0
                0x0080008d                PROVIDE (__noinit_start, .)
 *(.noinit*)
                0x0080008d                PROVIDE (__noinit_end, .)
                0x0080008d                _end = .
                0x0080008d                PROVIDE (__heap_start, .)

.eeprom         0x00810000        0x0
 *(.eeprom*)
                0x00810000                __eeprom_end = .

.fuse
 *(.fuse)
 *(.lfuse)
 *(.hfuse)
 *(.efuse)

.lock
 *(.lock*)

.signature
 *(.signature*)

.stab           0x00000000      0x6cc
 *(.stab)
 .stab          0x00000000      0x6cc c:/program files (x86)/atmel/avr studio 5.0/avr toolchain/bin/../lib/gcc/avr/4.5.1/../../../../avr/lib/avr25/crttn85.o

.stabstr        0x00000000       0x85
 *(.stabstr)
 .stabstr       0x00000000       0x85 c:/program files (x86)/atmel/avr studio 5.0/avr toolchain/bin/../lib/gcc/avr/4.5.1/../../../../avr/lib/avr25/crttn85.o

.stab.excl
 *(.stab.excl)

.stab.exclstr
 *(.stab.exclstr)

.stab.index
 *(.stab.index)

.stab.indexstr
 *(.stab.indexstr)

.comment
 *(.comment)

.debug
 *(.debug)

.line
 *(.line)

.debug_srcinfo
 *(.debug_srcinfo)

.debug_sfnames
 *(.debug_sfnames)

.debug_aranges  0x00000000      0x160
 *(.debug_aranges)
 .debug_aranges
                0x00000000       0x20 attiny85uart.o
 .debug_aranges
                0x00000020       0x20 c:/program files (x86)/atmel/avr studio 5.0/avr toolchain/bin/../lib/gcc/avr/4.5.1/avr25\libgcc.a(_fixunssfsi.o)
 .debug_aranges
                0x00000040       0x20 c:/program files (x86)/atmel/avr studio 5.0/avr toolchain/bin/../lib/gcc/avr/4.5.1/avr25\libgcc.a(_addsub_sf.o)
 .debug_aranges
                0x00000060       0x20 c:/program files (x86)/atmel/avr studio 5.0/avr toolchain/bin/../lib/gcc/avr/4.5.1/avr25\libgcc.a(_mul_sf.o)
 .debug_aranges
                0x00000080       0x20 c:/program files (x86)/atmel/avr studio 5.0/avr toolchain/bin/../lib/gcc/avr/4.5.1/avr25\libgcc.a(_gt_sf.o)
 .debug_aranges
                0x000000a0       0x20 c:/program files (x86)/atmel/avr studio 5.0/avr toolchain/bin/../lib/gcc/avr/4.5.1/avr25\libgcc.a(_ge_sf.o)
 .debug_aranges
                0x000000c0       0x20 c:/program files (x86)/atmel/avr studio 5.0/avr toolchain/bin/../lib/gcc/avr/4.5.1/avr25\libgcc.a(_lt_sf.o)
 .debug_aranges
                0x000000e0       0x20 c:/program files (x86)/atmel/avr studio 5.0/avr toolchain/bin/../lib/gcc/avr/4.5.1/avr25\libgcc.a(_sf_to_si.o)
 .debug_aranges
                0x00000100       0x20 c:/program files (x86)/atmel/avr studio 5.0/avr toolchain/bin/../lib/gcc/avr/4.5.1/avr25\libgcc.a(_pack_sf.o)
 .debug_aranges
                0x00000120       0x20 c:/program files (x86)/atmel/avr studio 5.0/avr toolchain/bin/../lib/gcc/avr/4.5.1/avr25\libgcc.a(_unpack_sf.o)
 .debug_aranges
                0x00000140       0x20 c:/program files (x86)/atmel/avr studio 5.0/avr toolchain/bin/../lib/gcc/avr/4.5.1/avr25\libgcc.a(_fpcmp_parts_sf.o)

.debug_pubnames
                0x00000000      0x29b
 *(.debug_pubnames)
 .debug_pubnames
                0x00000000      0x12b attiny85uart.o
 .debug_pubnames
                0x0000012b       0x23 c:/program files (x86)/atmel/avr studio 5.0/avr toolchain/bin/../lib/gcc/avr/4.5.1/avr25\libgcc.a(_fixunssfsi.o)
 .debug_pubnames
                0x0000014e       0x2c c:/program files (x86)/atmel/avr studio 5.0/avr toolchain/bin/../lib/gcc/avr/4.5.1/avr25\libgcc.a(_addsub_sf.o)
 .debug_pubnames
                0x0000017a       0x1f c:/program files (x86)/atmel/avr studio 5.0/avr toolchain/bin/../lib/gcc/avr/4.5.1/avr25\libgcc.a(_mul_sf.o)
 .debug_pubnames
                0x00000199       0x1e c:/program files (x86)/atmel/avr studio 5.0/avr toolchain/bin/../lib/gcc/avr/4.5.1/avr25\libgcc.a(_gt_sf.o)
 .debug_pubnames
                0x000001b7       0x1e c:/program files (x86)/atmel/avr studio 5.0/avr toolchain/bin/../lib/gcc/avr/4.5.1/avr25\libgcc.a(_ge_sf.o)
 .debug_pubnames
                0x000001d5       0x1e c:/program files (x86)/atmel/avr studio 5.0/avr toolchain/bin/../lib/gcc/avr/4.5.1/avr25\libgcc.a(_lt_sf.o)
 .debug_pubnames
                0x000001f3       0x20 c:/program files (x86)/atmel/avr studio 5.0/avr toolchain/bin/../lib/gcc/avr/4.5.1/avr25\libgcc.a(_sf_to_si.o)
 .debug_pubnames
                0x00000213       0x22 c:/program files (x86)/atmel/avr studio 5.0/avr toolchain/bin/../lib/gcc/avr/4.5.1/avr25\libgcc.a(_thenan_sf.o)
 .debug_pubnames
                0x00000235       0x1f c:/program files (x86)/atmel/avr studio 5.0/avr toolchain/bin/../lib/gcc/avr/4.5.1/avr25\libgcc.a(_pack_sf.o)
 .debug_pubnames
                0x00000254       0x21 c:/program files (x86)/atmel/avr studio 5.0/avr toolchain/bin/../lib/gcc/avr/4.5.1/avr25\libgcc.a(_unpack_sf.o)
 .debug_pubnames
                0x00000275       0x26 c:/program files (x86)/atmel/avr studio 5.0/avr toolchain/bin/../lib/gcc/avr/4.5.1/avr25\libgcc.a(_fpcmp_parts_sf.o)

.debug_info     0x00000000     0x2120
 *(.debug_info)
 .debug_info    0x00000000      0x55b attiny85uart.o
 .debug_info    0x0000055b       0xbd c:/program files (x86)/atmel/avr studio 5.0/avr toolchain/bin/../lib/gcc/avr/4.5.1/avr25\libgcc.a(_fixunssfsi.o)
 .debug_info    0x00000618      0x455 c:/program files (x86)/atmel/avr studio 5.0/avr toolchain/bin/../lib/gcc/avr/4.5.1/avr25\libgcc.a(_addsub_sf.o)
 .debug_info    0x00000a6d      0x3ec c:/program files (x86)/atmel/avr studio 5.0/avr toolchain/bin/../lib/gcc/avr/4.5.1/avr25\libgcc.a(_mul_sf.o)
 .debug_info    0x00000e59      0x28a c:/program files (x86)/atmel/avr studio 5.0/avr toolchain/bin/../lib/gcc/avr/4.5.1/avr25\libgcc.a(_gt_sf.o)
 .debug_info    0x000010e3      0x28a c:/program files (x86)/atmel/avr studio 5.0/avr toolchain/bin/../lib/gcc/avr/4.5.1/avr25\libgcc.a(_ge_sf.o)
 .debug_info    0x0000136d      0x28a c:/program files (x86)/atmel/avr studio 5.0/avr toolchain/bin/../lib/gcc/avr/4.5.1/avr25\libgcc.a(_lt_sf.o)
 .debug_info    0x000015f7      0x2a5 c:/program files (x86)/atmel/avr studio 5.0/avr toolchain/bin/../lib/gcc/avr/4.5.1/avr25\libgcc.a(_sf_to_si.o)
 .debug_info    0x0000189c      0x15e c:/program files (x86)/atmel/avr studio 5.0/avr toolchain/bin/../lib/gcc/avr/4.5.1/avr25\libgcc.a(_thenan_sf.o)
 .debug_info    0x000019fa      0x2d9 c:/program files (x86)/atmel/avr studio 5.0/avr toolchain/bin/../lib/gcc/avr/4.5.1/avr25\libgcc.a(_pack_sf.o)
 .debug_info    0x00001cd3      0x25c c:/program files (x86)/atmel/avr studio 5.0/avr toolchain/bin/../lib/gcc/avr/4.5.1/avr25\libgcc.a(_unpack_sf.o)
 .debug_info    0x00001f2f      0x1f1 c:/program files (x86)/atmel/avr studio 5.0/avr toolchain/bin/../lib/gcc/avr/4.5.1/avr25\libgcc.a(_fpcmp_parts_sf.o)
 *(.gnu.linkonce.wi.*)

.debug_abbrev   0x00000000      0xf99
 *(.debug_abbrev)
 .debug_abbrev  0x00000000      0x1bb attiny85uart.o
 .debug_abbrev  0x000001bb       0x5d c:/program files (x86)/atmel/avr studio 5.0/avr toolchain/bin/../lib/gcc/avr/4.5.1/avr25\libgcc.a(_fixunssfsi.o)
 .debug_abbrev  0x00000218      0x1af c:/program files (x86)/atmel/avr studio 5.0/avr toolchain/bin/../lib/gcc/avr/4.5.1/avr25\libgcc.a(_addsub_sf.o)
 .debug_abbrev  0x000003c7      0x1d9 c:/program files (x86)/atmel/avr studio 5.0/avr toolchain/bin/../lib/gcc/avr/4.5.1/avr25\libgcc.a(_mul_sf.o)
 .debug_abbrev  0x000005a0      0x151 c:/program files (x86)/atmel/avr studio 5.0/avr toolchain/bin/../lib/gcc/avr/4.5.1/avr25\libgcc.a(_gt_sf.o)
 .debug_abbrev  0x000006f1      0x151 c:/program files (x86)/atmel/avr studio 5.0/avr toolchain/bin/../lib/gcc/avr/4.5.1/avr25\libgcc.a(_ge_sf.o)
 .debug_abbrev  0x00000842      0x151 c:/program files (x86)/atmel/avr studio 5.0/avr toolchain/bin/../lib/gcc/avr/4.5.1/avr25\libgcc.a(_lt_sf.o)
 .debug_abbrev  0x00000993      0x160 c:/program files (x86)/atmel/avr studio 5.0/avr toolchain/bin/../lib/gcc/avr/4.5.1/avr25\libgcc.a(_sf_to_si.o)
 .debug_abbrev  0x00000af3       0xcb c:/program files (x86)/atmel/avr studio 5.0/avr toolchain/bin/../lib/gcc/avr/4.5.1/avr25\libgcc.a(_thenan_sf.o)
 .debug_abbrev  0x00000bbe      0x185 c:/program files (x86)/atmel/avr studio 5.0/avr toolchain/bin/../lib/gcc/avr/4.5.1/avr25\libgcc.a(_pack_sf.o)
 .debug_abbrev  0x00000d43      0x14b c:/program files (x86)/atmel/avr studio 5.0/avr toolchain/bin/../lib/gcc/avr/4.5.1/avr25\libgcc.a(_unpack_sf.o)
 .debug_abbrev  0x00000e8e      0x10b c:/program files (x86)/atmel/avr studio 5.0/avr toolchain/bin/../lib/gcc/avr/4.5.1/avr25\libgcc.a(_fpcmp_parts_sf.o)

.debug_line     0x00000000     0x16c6
 *(.debug_line)
 .debug_line    0x00000000      0x6a2 attiny85uart.o
 .debug_line    0x000006a2       0xc9 c:/program files (x86)/atmel/avr studio 5.0/avr toolchain/bin/../lib/gcc/avr/4.5.1/avr25\libgcc.a(_fixunssfsi.o)
 .debug_line    0x0000076b      0x2ee c:/program files (x86)/atmel/avr studio 5.0/avr toolchain/bin/../lib/gcc/avr/4.5.1/avr25\libgcc.a(_addsub_sf.o)
 .debug_line    0x00000a59      0x28a c:/program files (x86)/atmel/avr studio 5.0/avr toolchain/bin/../lib/gcc/avr/4.5.1/avr25\libgcc.a(_mul_sf.o)
 .debug_line    0x00000ce3      0x105 c:/program files (x86)/atmel/avr studio 5.0/avr toolchain/bin/../lib/gcc/avr/4.5.1/avr25\libgcc.a(_gt_sf.o)
 .debug_line    0x00000de8      0x105 c:/program files (x86)/atmel/avr studio 5.0/avr toolchain/bin/../lib/gcc/avr/4.5.1/avr25\libgcc.a(_ge_sf.o)
 .debug_line    0x00000eed      0x105 c:/program files (x86)/atmel/avr studio 5.0/avr toolchain/bin/../lib/gcc/avr/4.5.1/avr25\libgcc.a(_lt_sf.o)
 .debug_line    0x00000ff2      0x13f c:/program files (x86)/atmel/avr studio 5.0/avr toolchain/bin/../lib/gcc/avr/4.5.1/avr25\libgcc.a(_sf_to_si.o)
 .debug_line    0x00001131       0xb2 c:/program files (x86)/atmel/avr studio 5.0/avr toolchain/bin/../lib/gcc/avr/4.5.1/avr25\libgcc.a(_thenan_sf.o)
 .debug_line    0x000011e3      0x1f5 c:/program files (x86)/atmel/avr studio 5.0/avr toolchain/bin/../lib/gcc/avr/4.5.1/avr25\libgcc.a(_pack_sf.o)
 .debug_line    0x000013d8      0x175 c:/program files (x86)/atmel/avr studio 5.0/avr toolchain/bin/../lib/gcc/avr/4.5.1/avr25\libgcc.a(_unpack_sf.o)
 .debug_line    0x0000154d      0x179 c:/program files (x86)/atmel/avr studio 5.0/avr toolchain/bin/../lib/gcc/avr/4.5.1/avr25\libgcc.a(_fpcmp_parts_sf.o)

.debug_frame    0x00000000      0x220
 *(.debug_frame)
 .debug_frame   0x00000000       0xc0 attiny85uart.o
 .debug_frame   0x000000c0       0x20 c:/program files (x86)/atmel/avr studio 5.0/avr toolchain/bin/../lib/gcc/avr/4.5.1/avr25\libgcc.a(_fixunssfsi.o)
 .debug_frame   0x000000e0       0x40 c:/program files (x86)/atmel/avr studio 5.0/avr toolchain/bin/../lib/gcc/avr/4.5.1/avr25\libgcc.a(_addsub_sf.o)
 .debug_frame   0x00000120       0x20 c:/program files (x86)/atmel/avr studio 5.0/avr toolchain/bin/../lib/gcc/avr/4.5.1/avr25\libgcc.a(_mul_sf.o)
 .debug_frame   0x00000140       0x20 c:/program files (x86)/atmel/avr studio 5.0/avr toolchain/bin/../lib/gcc/avr/4.5.1/avr25\libgcc.a(_gt_sf.o)
 .debug_frame   0x00000160       0x20 c:/program files (x86)/atmel/avr studio 5.0/avr toolchain/bin/../lib/gcc/avr/4.5.1/avr25\libgcc.a(_ge_sf.o)
 .debug_frame   0x00000180       0x20 c:/program files (x86)/atmel/avr studio 5.0/avr toolchain/bin/../lib/gcc/avr/4.5.1/avr25\libgcc.a(_lt_sf.o)
 .debug_frame   0x000001a0       0x20 c:/program files (x86)/atmel/avr studio 5.0/avr toolchain/bin/../lib/gcc/avr/4.5.1/avr25\libgcc.a(_sf_to_si.o)
 .debug_frame   0x000001c0       0x20 c:/program files (x86)/atmel/avr studio 5.0/avr toolchain/bin/../lib/gcc/avr/4.5.1/avr25\libgcc.a(_pack_sf.o)
 .debug_frame   0x000001e0       0x20 c:/program files (x86)/atmel/avr studio 5.0/avr toolchain/bin/../lib/gcc/avr/4.5.1/avr25\libgcc.a(_unpack_sf.o)
 .debug_frame   0x00000200       0x20 c:/program files (x86)/atmel/avr studio 5.0/avr toolchain/bin/../lib/gcc/avr/4.5.1/avr25\libgcc.a(_fpcmp_parts_sf.o)

.debug_str      0x00000000      0x5a5
 *(.debug_str)
 .debug_str     0x00000000      0x2f7 attiny85uart.o
                                0x332 (size before relaxing)
 .debug_str     0x000002f7       0xd8 c:/program files (x86)/atmel/avr studio 5.0/avr toolchain/bin/../lib/gcc/avr/4.5.1/avr25\libgcc.a(_fixunssfsi.o)
                                0x15d (size before relaxing)
 .debug_str     0x000003cf      0x155 c:/program files (x86)/atmel/avr studio 5.0/avr toolchain/bin/../lib/gcc/avr/4.5.1/avr25\libgcc.a(_addsub_sf.o)
                                0x244 (size before relaxing)
 .debug_str     0x00000524       0x27 c:/program files (x86)/atmel/avr studio 5.0/avr toolchain/bin/../lib/gcc/avr/4.5.1/avr25\libgcc.a(_mul_sf.o)
                                0x1fd (size before relaxing)
 .debug_str     0x0000054b        0xf c:/program files (x86)/atmel/avr studio 5.0/avr toolchain/bin/../lib/gcc/avr/4.5.1/avr25\libgcc.a(_gt_sf.o)
                                0x1cb (size before relaxing)
 .debug_str     0x0000055a        0x8 c:/program files (x86)/atmel/avr studio 5.0/avr toolchain/bin/../lib/gcc/avr/4.5.1/avr25\libgcc.a(_ge_sf.o)
                                0x1cb (size before relaxing)
 .debug_str     0x00000562        0x8 c:/program files (x86)/atmel/avr studio 5.0/avr toolchain/bin/../lib/gcc/avr/4.5.1/avr25\libgcc.a(_lt_sf.o)
                                0x1cb (size before relaxing)
 .debug_str     0x0000056a        0xa c:/program files (x86)/atmel/avr studio 5.0/avr toolchain/bin/../lib/gcc/avr/4.5.1/avr25\libgcc.a(_sf_to_si.o)
                                0x1d4 (size before relaxing)
 .debug_str     0x00000000      0x176 c:/program files (x86)/atmel/avr studio 5.0/avr toolchain/bin/../lib/gcc/avr/4.5.1/avr25\libgcc.a(_thenan_sf.o)
 .debug_str     0x00000574       0x16 c:/program files (x86)/atmel/avr studio 5.0/avr toolchain/bin/../lib/gcc/avr/4.5.1/avr25\libgcc.a(_pack_sf.o)
                                0x1d3 (size before relaxing)
 .debug_str     0x0000058a        0xb c:/program files (x86)/atmel/avr studio 5.0/avr toolchain/bin/../lib/gcc/avr/4.5.1/avr25\libgcc.a(_unpack_sf.o)
                                0x1b5 (size before relaxing)
 .debug_str     0x00000595       0x10 c:/program files (x86)/atmel/avr studio 5.0/avr toolchain/bin/../lib/gcc/avr/4.5.1/avr25\libgcc.a(_fpcmp_parts_sf.o)
                                0x199 (size before relaxing)

.debug_loc      0x00000000      0xa79
 *(.debug_loc)
 .debug_loc     0x00000000       0x34 c:/program files (x86)/atmel/avr studio 5.0/avr toolchain/bin/../lib/gcc/avr/4.5.1/avr25\libgcc.a(_fixunssfsi.o)
 .debug_loc     0x00000034      0x31d c:/program files (x86)/atmel/avr studio 5.0/avr toolchain/bin/../lib/gcc/avr/4.5.1/avr25\libgcc.a(_addsub_sf.o)
 .debug_loc     0x00000351      0x2a4 c:/program files (x86)/atmel/avr studio 5.0/avr toolchain/bin/../lib/gcc/avr/4.5.1/avr25\libgcc.a(_mul_sf.o)
 .debug_loc     0x000005f5       0x48 c:/program files (x86)/atmel/avr studio 5.0/avr toolchain/bin/../lib/gcc/avr/4.5.1/avr25\libgcc.a(_gt_sf.o)
 .debug_loc     0x0000063d       0x48 c:/program files (x86)/atmel/avr studio 5.0/avr toolchain/bin/../lib/gcc/avr/4.5.1/avr25\libgcc.a(_ge_sf.o)
 .debug_loc     0x00000685       0x48 c:/program files (x86)/atmel/avr studio 5.0/avr toolchain/bin/../lib/gcc/avr/4.5.1/avr25\libgcc.a(_lt_sf.o)
 .debug_loc     0x000006cd       0x56 c:/program files (x86)/atmel/avr studio 5.0/avr toolchain/bin/../lib/gcc/avr/4.5.1/avr25\libgcc.a(_sf_to_si.o)
 .debug_loc     0x00000723      0x1f5 c:/program files (x86)/atmel/avr studio 5.0/avr toolchain/bin/../lib/gcc/avr/4.5.1/avr25\libgcc.a(_pack_sf.o)
 .debug_loc     0x00000918      0x111 c:/program files (x86)/atmel/avr studio 5.0/avr toolchain/bin/../lib/gcc/avr/4.5.1/avr25\libgcc.a(_unpack_sf.o)
 .debug_loc     0x00000a29       0x50 c:/program files (x86)/atmel/avr studio 5.0/avr toolchain/bin/../lib/gcc/avr/4.5.1/avr25\libgcc.a(_fpcmp_parts_sf.o)

.debug_macinfo
 *(.debug_macinfo)
OUTPUT(attiny85uart.elf elf32-avr)
LOAD linker stubs

.debug_pubtypes
                0x00000000      0x59c
 .debug_pubtypes
                0x00000000       0x3f attiny85uart.o
 .debug_pubtypes
                0x0000003f       0x34 c:/program files (x86)/atmel/avr studio 5.0/avr toolchain/bin/../lib/gcc/avr/4.5.1/avr25\libgcc.a(_fixunssfsi.o)
 .debug_pubtypes
                0x00000073       0x9d c:/program files (x86)/atmel/avr studio 5.0/avr toolchain/bin/../lib/gcc/avr/4.5.1/avr25\libgcc.a(_addsub_sf.o)
 .debug_pubtypes
                0x00000110       0x86 c:/program files (x86)/atmel/avr studio 5.0/avr toolchain/bin/../lib/gcc/avr/4.5.1/avr25\libgcc.a(_mul_sf.o)
 .debug_pubtypes
                0x00000196       0x91 c:/program files (x86)/atmel/avr studio 5.0/avr toolchain/bin/../lib/gcc/avr/4.5.1/avr25\libgcc.a(_gt_sf.o)
 .debug_pubtypes
                0x00000227       0x91 c:/program files (x86)/atmel/avr studio 5.0/avr toolchain/bin/../lib/gcc/avr/4.5.1/avr25\libgcc.a(_ge_sf.o)
 .debug_pubtypes
                0x000002b8       0x91 c:/program files (x86)/atmel/avr studio 5.0/avr toolchain/bin/../lib/gcc/avr/4.5.1/avr25\libgcc.a(_lt_sf.o)
 .debug_pubtypes
                0x00000349       0x91 c:/program files (x86)/atmel/avr studio 5.0/avr toolchain/bin/../lib/gcc/avr/4.5.1/avr25\libgcc.a(_sf_to_si.o)
 .debug_pubtypes
                0x000003da       0x5b c:/program files (x86)/atmel/avr studio 5.0/avr toolchain/bin/../lib/gcc/avr/4.5.1/avr25\libgcc.a(_thenan_sf.o)
 .debug_pubtypes
                0x00000435       0x86 c:/program files (x86)/atmel/avr studio 5.0/avr toolchain/bin/../lib/gcc/avr/4.5.1/avr25\libgcc.a(_pack_sf.o)
 .debug_pubtypes
                0x000004bb       0x86 c:/program files (x86)/atmel/avr studio 5.0/avr toolchain/bin/../lib/gcc/avr/4.5.1/avr25\libgcc.a(_unpack_sf.o)
 .debug_pubtypes
                0x00000541       0x5b c:/program files (x86)/atmel/avr studio 5.0/avr toolchain/bin/../lib/gcc/avr/4.5.1/avr25\libgcc.a(_fpcmp_parts_sf.o)

.debug_ranges   0x00000000       0x30
 .debug_ranges  0x00000000       0x30 c:/program files (x86)/atmel/avr studio 5.0/avr toolchain/bin/../lib/gcc/avr/4.5.1/avr25\libgcc.a(_mul_sf.o)
