Archive member included because of file (symbol)

C:\Users\gregory.byrne\Desktop\Projects\Electrical Engineering\AVR\Avr\AVR Working\Webot\libWebbot-ATMega168.a(ps2.o)
                              TheBoatTx.o (sonyPS2_buttonPressure)
C:\Users\gregory.byrne\Desktop\Projects\Electrical Engineering\AVR\Avr\AVR Working\Webot\libWebbot-ATMega168.a(_spi_common.o)
                              TheBoatTx.o (spiAbstractBusInit)
C:\Users\gregory.byrne\Desktop\Projects\Electrical Engineering\AVR\Avr\AVR Working\Webot\libWebbot-ATMega168.a(_uart_common.o)
                              TheBoatTx.o (_uartInit)
C:\Users\gregory.byrne\Desktop\Projects\Electrical Engineering\AVR\Avr\AVR Working\Webot\libWebbot-ATMega168.a(buffer.o)
                              C:\Users\gregory.byrne\Desktop\Projects\Electrical Engineering\AVR\Avr\AVR Working\Webot\libWebbot-ATMega168.a(_uart_common.o) (bufferGet)
C:\Users\gregory.byrne\Desktop\Projects\Electrical Engineering\AVR\Avr\AVR Working\Webot\libWebbot-ATMega168.a(core.o)
                              C:\Users\gregory.byrne\Desktop\Projects\Electrical Engineering\AVR\Avr\AVR Working\Webot\libWebbot-ATMega168.a(_uart_common.o) (breathe)
C:\Users\gregory.byrne\Desktop\Projects\Electrical Engineering\AVR\Avr\AVR Working\Webot\libWebbot-ATMega168.a(core_interpU.o)
                              C:\Users\gregory.byrne\Desktop\Projects\Electrical Engineering\AVR\Avr\AVR Working\Webot\libWebbot-ATMega168.a(ps2.o) (interpolateU)
C:\Users\gregory.byrne\Desktop\Projects\Electrical Engineering\AVR\Avr\AVR Working\Webot\libWebbot-ATMega168.a(iopin.o)
                              C:\Users\gregory.byrne\Desktop\Projects\Electrical Engineering\AVR\Avr\AVR Working\Webot\libWebbot-ATMega168.a(_uart_common.o) (pin_make_input)
C:\Users\gregory.byrne\Desktop\Projects\Electrical Engineering\AVR\Avr\AVR Working\Webot\libWebbot-ATMega168.a(led.o)
                              TheBoatTx.o (LED_set)
C:\Users\gregory.byrne\Desktop\Projects\Electrical Engineering\AVR\Avr\AVR Working\Webot\libWebbot-ATMega168.a(rprintf.o)
                              TheBoatTx.o (rprintfInit)
C:\Users\gregory.byrne\Desktop\Projects\Electrical Engineering\AVR\Avr\AVR Working\Webot\libWebbot-ATMega168.a(spisw.o)
                              TheBoatTx.o (c_sw_spi)
C:\Users\gregory.byrne\Desktop\Projects\Electrical Engineering\AVR\Avr\AVR Working\Webot\libWebbot-ATMega168.a(timer.o)
                              TheBoatTx.o (__timer_overflowService)
C:\Users\gregory.byrne\Desktop\Projects\Electrical Engineering\AVR\Avr\AVR Working\Webot\libWebbot-ATMega168.a(timerCapture.o)
                              C:\Users\gregory.byrne\Desktop\Projects\Electrical Engineering\AVR\Avr\AVR Working\Webot\libWebbot-ATMega168.a(timer.o) (timerCaptureDetach)
C:\Users\gregory.byrne\Desktop\Projects\Electrical Engineering\AVR\Avr\AVR Working\Webot\libWebbot-ATMega168.a(timerOverflow.o)
                              C:\Users\gregory.byrne\Desktop\Projects\Electrical Engineering\AVR\Avr\AVR Working\Webot\libWebbot-ATMega168.a(timer.o) (timerOverflowAttach)
C:\Users\gregory.byrne\Desktop\Projects\Electrical Engineering\AVR\Avr\AVR Working\Webot\libWebbot-ATMega168.a(uart.o)
                              TheBoatTx.o (c_hw_uart)
C:\Users\gregory.byrne\Desktop\Projects\Electrical Engineering\AVR\Avr\AVR Working\Webot\libWebbot-ATMega168.a(rprintfs.o)
                              C:\Users\gregory.byrne\Desktop\Projects\Electrical Engineering\AVR\Avr\AVR Working\Webot\libWebbot-ATMega168.a(timer.o) (rprintf1RamRom)
C:\Users\gregory.byrne\Desktop\Projects\Electrical Engineering\AVR\Avr\AVR Working\Webot\libWebbot-ATMega168.a(scheduler.o)
                              C:\Users\gregory.byrne\Desktop\Projects\Electrical Engineering\AVR\Avr\AVR Working\Webot\libWebbot-ATMega168.a(timer.o) (scheduleJob)
c:/winavr-20100110/bin/../lib/gcc/avr/4.3.3/../../../../avr/lib/avr5\libc.a(exit.o)
                              c:/winavr-20100110/bin/../lib/gcc/avr/4.3.3/../../../../avr/lib/avr5/crtm168.o (exit)
c:/winavr-20100110/bin/../lib/gcc/avr/4.3.3/avr5\libgcc.a(_mulsi3.o)
                              C:\Users\gregory.byrne\Desktop\Projects\Electrical Engineering\AVR\Avr\AVR Working\Webot\libWebbot-ATMega168.a(core_interpU.o) (__mulsi3)
c:/winavr-20100110/bin/../lib/gcc/avr/4.3.3/avr5\libgcc.a(_udivmodqi4.o)
                              C:\Users\gregory.byrne\Desktop\Projects\Electrical Engineering\AVR\Avr\AVR Working\Webot\libWebbot-ATMega168.a(spisw.o) (__udivmodqi4)
c:/winavr-20100110/bin/../lib/gcc/avr/4.3.3/avr5\libgcc.a(_udivmodhi4.o)
                              C:\Users\gregory.byrne\Desktop\Projects\Electrical Engineering\AVR\Avr\AVR Working\Webot\libWebbot-ATMega168.a(buffer.o) (__udivmodhi4)
c:/winavr-20100110/bin/../lib/gcc/avr/4.3.3/avr5\libgcc.a(_divmodhi4.o)
                              C:\Users\gregory.byrne\Desktop\Projects\Electrical Engineering\AVR\Avr\AVR Working\Webot\libWebbot-ATMega168.a(ps2.o) (__divmodhi4)
c:/winavr-20100110/bin/../lib/gcc/avr/4.3.3/avr5\libgcc.a(_udivmodsi4.o)
                              C:\Users\gregory.byrne\Desktop\Projects\Electrical Engineering\AVR\Avr\AVR Working\Webot\libWebbot-ATMega168.a(timer.o) (__udivmodsi4)
c:/winavr-20100110/bin/../lib/gcc/avr/4.3.3/avr5\libgcc.a(_divmodsi4.o)
                              C:\Users\gregory.byrne\Desktop\Projects\Electrical Engineering\AVR\Avr\AVR Working\Webot\libWebbot-ATMega168.a(core_interpU.o) (__divmodsi4)
c:/winavr-20100110/bin/../lib/gcc/avr/4.3.3/avr5\libgcc.a(_exit.o)
                              c:/winavr-20100110/bin/../lib/gcc/avr/4.3.3/../../../../avr/lib/avr5\libc.a(exit.o) (_exit)
c:/winavr-20100110/bin/../lib/gcc/avr/4.3.3/avr5\libgcc.a(_copy_data.o)
                              TheBoatTx.o (__do_copy_data)
c:/winavr-20100110/bin/../lib/gcc/avr/4.3.3/avr5\libgcc.a(_clear_bss.o)
                              TheBoatTx.o (__do_clear_bss)

Allocating common symbols
Common symbol       size              file

buttonReleased      0xff              TheBoatTx.o
__queue             0x34              TheBoatTx.o
__numJobs           0x2               C:\Users\gregory.byrne\Desktop\Projects\Electrical Engineering\AVR\Avr\AVR Working\Webot\libWebbot-ATMega168.a(scheduler.o)
rx0Buf              0x34              TheBoatTx.o
__error             0x5               C:\Users\gregory.byrne\Desktop\Projects\Electrical Engineering\AVR\Avr\AVR Working\Webot\libWebbot-ATMega168.a(timer.o)
__recheck           0x1               C:\Users\gregory.byrne\Desktop\Projects\Electrical Engineering\AVR\Avr\AVR Working\Webot\libWebbot-ATMega168.a(scheduler.o)
tx0Buf              0x34              TheBoatTx.o
buttonPressed       0xff              TheBoatTx.o
g_heartbeat         0x2               C:\Users\gregory.byrne\Desktop\Projects\Electrical Engineering\AVR\Avr\AVR Working\Webot\libWebbot-ATMega168.a(timer.o)
__running           0x1               C:\Users\gregory.byrne\Desktop\Projects\Electrical Engineering\AVR\Avr\AVR Working\Webot\libWebbot-ATMega168.a(scheduler.o)

Memory Configuration

Name             Origin             Length             Attributes
text             0x00000000         0x00020000         xr
data             0x00800060         0x0000ffa0         rw !x
eeprom           0x00810000         0x00010000         rw !x
fuse             0x00820000         0x00000400         rw !x
lock             0x00830000         0x00000400         rw !x
signature        0x00840000         0x00000400         rw !x
*default*        0x00000000         0xffffffff

Linker script and memory map

Address of section .data set to 0x800100
LOAD c:/winavr-20100110/bin/../lib/gcc/avr/4.3.3/../../../../avr/lib/avr5/crtm168.o
LOAD TheBoatTx.o
LOAD C:\Users\gregory.byrne\Desktop\Projects\Electrical Engineering\AVR\Avr\AVR Working\Webot\libWebbot-ATMega168.a
LOAD c:/winavr-20100110/bin/../lib/gcc/avr/4.3.3/../../../../avr/lib/avr5\libm.a
LOAD c:/winavr-20100110/bin/../lib/gcc/avr/4.3.3/../../../../avr/lib/avr5\libc.a
LOAD c:/winavr-20100110/bin/../lib/gcc/avr/4.3.3/avr5\libgcc.a
LOAD c:/winavr-20100110/bin/../lib/gcc/avr/4.3.3/../../../../avr/lib/avr5\libc.a
LOAD c:/winavr-20100110/bin/../lib/gcc/avr/4.3.3/avr5\libgcc.a

.hash
 *(.hash)

.dynsym
 *(.dynsym)

.dynstr
 *(.dynstr)

.gnu.version
 *(.gnu.version)

.gnu.version_d
 *(.gnu.version_d)

.gnu.version_r
 *(.gnu.version_r)

.rel.init
 *(.rel.init)

.rela.init
 *(.rela.init)

.rel.text
 *(.rel.text)
 *(.rel.text.*)
 *(.rel.gnu.linkonce.t*)

.rela.text
 *(.rela.text)
 *(.rela.text.*)
 *(.rela.gnu.linkonce.t*)

.rel.fini
 *(.rel.fini)

.rela.fini
 *(.rela.fini)

.rel.rodata
 *(.rel.rodata)
 *(.rel.rodata.*)
 *(.rel.gnu.linkonce.r*)

.rela.rodata
 *(.rela.rodata)
 *(.rela.rodata.*)
 *(.rela.gnu.linkonce.r*)

.rel.data
 *(.rel.data)
 *(.rel.data.*)
 *(.rel.gnu.linkonce.d*)

.rela.data
 *(.rela.data)
 *(.rela.data.*)
 *(.rela.gnu.linkonce.d*)

.rel.ctors
 *(.rel.ctors)

.rela.ctors
 *(.rela.ctors)

.rel.dtors
 *(.rel.dtors)

.rela.dtors
 *(.rela.dtors)

.rel.got
 *(.rel.got)

.rela.got
 *(.rela.got)

.rel.bss
 *(.rel.bss)

.rela.bss
 *(.rela.bss)

.rel.plt
 *(.rel.plt)

.rela.plt
 *(.rela.plt)

.text           0x00000000     0x3b28
 *(.vectors)
 .vectors       0x00000000       0x68 c:/winavr-20100110/bin/../lib/gcc/avr/4.3.3/../../../../avr/lib/avr5/crtm168.o
                0x00000000                __vectors
                0x00000000                __vector_default
 *(.vectors)
 *(.progmem.gcc*)
 *(.progmem*)
 .progmem.data  0x00000068      0x16f TheBoatTx.o
                0x0000009d                _C5
                0x000000b8                _D5
                0x0000007f                _B5
                0x000000a3                _PORTD
                0x000000c1                __timer0Compare
                0x000000b2                _D3
                0x00000094                _C2
                0x00000101                __timer2Compare
                0x000000ac                _D1
                0x00000085                _B7
                0x00000076                _B2
                0x00000068                AVcc_MV
                0x00000121                pgm_Timers
                0x00000073                _B1
                0x00000097                _C3
                0x000000e1                __timer1Compare
                0x000000a9                _D0
                0x0000009a                _C4
                0x000000bb                _D6
                0x00000079                _B3
                0x00000082                _B6
                0x000001a5                PCINT_PINS
                0x000000af                _D2
                0x000000a0                _C6
                0x000000be                _D7
                0x00000088                _PORTC
                0x00000070                _B0
                0x0000006a                _PORTB
                0x00000091                _C1
                0x000000b5                _D4
                0x0000008e                _C0
                0x0000007c                _B4
 .progmem.data  0x000001d7       0x3b C:\Users\gregory.byrne\Desktop\Projects\Electrical Engineering\AVR\Avr\AVR Working\Webot\libWebbot-ATMega168.a(ps2.o)
 .progmem.data  0x00000212       0x11 C:\Users\gregory.byrne\Desktop\Projects\Electrical Engineering\AVR\Avr\AVR Working\Webot\libWebbot-ATMega168.a(rprintf.o)
                0x00000212                HexChars
 .progmem.data  0x00000223       0x12 C:\Users\gregory.byrne\Desktop\Projects\Electrical Engineering\AVR\Avr\AVR Working\Webot\libWebbot-ATMega168.a(spisw.o)
                0x00000223                c_sw_spi
 .progmem.data  0x00000235       0x55 C:\Users\gregory.byrne\Desktop\Projects\Electrical Engineering\AVR\Avr\AVR Working\Webot\libWebbot-ATMega168.a(timer.o)
                0x00000251                __3bit_modes
                0x00000241                TimerRTCPrescaleFactor
                0x00000235                TimerPrescaleFactor
                0x00000261                __2bit_modes
 .progmem.data  0x0000028a        0xc C:\Users\gregory.byrne\Desktop\Projects\Electrical Engineering\AVR\Avr\AVR Working\Webot\libWebbot-ATMega168.a(uart.o)
                0x0000028a                c_hw_uart
                0x00000296                . = ALIGN (0x2)
                0x00000296                __trampolines_start = .
 *(.trampolines)
 .trampolines   0x00000296        0x0 linker stubs
 *(.trampolines*)
                0x00000296                __trampolines_end = .
 *(.jumptables)
 *(.jumptables*)
 *(.lowtext)
 *(.lowtext*)
                0x00000296                __ctors_start = .
 *(.ctors)
                0x00000296                __ctors_end = .
                0x00000296                __dtors_start = .
 *(.dtors)
                0x00000296                __dtors_end = .
 SORT(*)(.ctors)
 SORT(*)(.dtors)
 *(.init0)
 .init0         0x00000296        0x0 c:/winavr-20100110/bin/../lib/gcc/avr/4.3.3/../../../../avr/lib/avr5/crtm168.o
                0x00000296                __init
 *(.init0)
 *(.init1)
 *(.init1)
 *(.init2)
 .init2         0x00000296        0xc c:/winavr-20100110/bin/../lib/gcc/avr/4.3.3/../../../../avr/lib/avr5/crtm168.o
 *(.init2)
 *(.init3)
 *(.init3)
 *(.init4)
 .init4         0x000002a2       0x16 c:/winavr-20100110/bin/../lib/gcc/avr/4.3.3/avr5\libgcc.a(_copy_data.o)
                0x000002a2                __do_copy_data
 .init4         0x000002b8       0x10 c:/winavr-20100110/bin/../lib/gcc/avr/4.3.3/avr5\libgcc.a(_clear_bss.o)
                0x000002b8                __do_clear_bss
 *(.init4)
 *(.init5)
 *(.init5)
 *(.init6)
 *(.init6)
 *(.init7)
 *(.init7)
 *(.init8)
 *(.init8)
 *(.init9)
 .init9         0x000002c8        0x8 c:/winavr-20100110/bin/../lib/gcc/avr/4.3.3/../../../../avr/lib/avr5/crtm168.o
 *(.init9)
 *(.text)
 .text          0x000002d0        0x4 c:/winavr-20100110/bin/../lib/gcc/avr/4.3.3/../../../../avr/lib/avr5/crtm168.o
                0x000002d0                __vector_22
                0x000002d0                __vector_1
                0x000002d0                __vector_24
                0x000002d0                __bad_interrupt
                0x000002d0                __vector_6
                0x000002d0                __vector_3
                0x000002d0                __vector_23
                0x000002d0                __vector_25
                0x000002d0                __vector_17
                0x000002d0                __vector_19
                0x000002d0                __vector_5
                0x000002d0                __vector_4
                0x000002d0                __vector_2
                0x000002d0                __vector_21
 .text          0x000002d4      0x7da TheBoatTx.o
                0x000002da                appInitSoftware
                0x0000084e                __vector_12
                0x000007a0                uart0GetByte
                0x0000089a                __vector_11
                0x000002d6                registerLED
                0x000009ca                __vector_13
                0x00000802                __vector_7
                0x000007aa                uart0SendByte
                0x00000326                appInitHardware
                0x000002d4                configure_ports
                0x0000097e                __vector_9
                0x000008e6                __vector_15
                0x000007b6                __vector_8
                0x00000932                __vector_14
                0x000002d8                sysInitHardware
                0x00000a62                __vector_10
                0x00000a16                __vector_16
                0x000006fe                __vector_18
                0x0000034a                SendData
                0x00000418                appControl
                0x00000754                __vector_20
 .text          0x00000aae      0x53e C:\Users\gregory.byrne\Desktop\Projects\Electrical Engineering\AVR\Avr\AVR Working\Webot\libWebbot-ATMega168.a(ps2.o)
                0x00000d06                sonyPS2_buttonUp
                0x00000f02                sonyPS2_setAnalogMode
                0x00000db6                sonyPS_setRumble
                0x00000d2e                sonyPS2_buttonHeld
                0x00000ad8                sonyPS2_buttonsRaw
                0x00000b00                sonyPS2_buttonPressure
                0x00000ae6                sonyPS2_buttonPressed
                0x00000e2e                sonyPS2_read
                0x00000fac                sonyPS2_calibrate
                0x00000aae                sonyPS2_isAnalogMode
                0x00000c12                sonyPS2_joystickRaw
                0x00000ac2                sonyPS2_buttonsChanged
                0x00000ce0                sonyPS2_buttonDown
                0x00000c64                sonyPS2_joystick
 .text          0x00000fec      0x3ea C:\Users\gregory.byrne\Desktop\Projects\Electrical Engineering\AVR\Avr\AVR Working\Webot\libWebbot-ATMega168.a(_spi_common.o)
                0x00001390                spiAbstractDeviceReceiveWord
                0x000011b8                spiAbstractDeviceSendBytes
                0x0000125c                spiAbstractDeviceReceiveBytes
                0x0000105a                spiAbstractBusSetClock
                0x00001100                spiAbstractDeviceSelect
                0x000013a6                spiAbstractDeviceReceiveByte
                0x0000107c                spiAbstractBusInit
                0x0000135a                spiAbstractDeviceXferWord
                0x000013b0                spiAbstractDeviceSendByte
                0x000013b6                spiAbstractDeviceSendWord
                0x00001310                spiAbstractDeviceXferByte
                0x00001016                spiAbstractBusSetMode
                0x00001038                spiAbstractBusSetDataOrder
                0x00000fec                spiAbstractBusOff
 .text          0x000013d6      0x33e C:\Users\gregory.byrne\Desktop\Projects\Electrical Engineering\AVR\Avr\AVR Working\Webot\libWebbot-ATMega168.a(_uart_common.o)
                0x00001570                _uartSendByte
                0x000014de                __uartFlushReceiveBuffer
                0x00001612                __uartGetByte
                0x00001460                _uartSetBaudRate
                0x000015de                _uartSendBuffer
                0x0000165e                __uartTransmitService
                0x000016c4                __uartReceiveService
                0x000014a0                __uartReceiveBufferIsEmpty
                0x000013d6                _uartStartXmit
                0x000014fe                _uartInit
                0x00001478                _uartOff
 .text          0x00001714      0x11e C:\Users\gregory.byrne\Desktop\Projects\Electrical Engineering\AVR\Avr\AVR Working\Webot\libWebbot-ATMega168.a(buffer.o)
                0x00001788                bufferPut
                0x000017d4                bufferFreeSpace
                0x0000172e                bufferGet
                0x000017f6                bufferBytesUsed
                0x00001810                bufferIsFull
                0x00001714                bufferInit
                0x00001820                bufferFlush
 .text          0x00001832       0xf0 C:\Users\gregory.byrne\Desktop\Projects\Electrical Engineering\AVR\Avr\AVR Working\Webot\libWebbot-ATMega168.a(core.o)
                0x00001860                __portMaskGet
                0x00001894                main
                0x0000187a                __portMaskClear
                0x00001832                breathe
                0x00001848                __portMaskSet
 .text          0x00001922       0x82 C:\Users\gregory.byrne\Desktop\Projects\Electrical Engineering\AVR\Avr\AVR Working\Webot\libWebbot-ATMega168.a(core_interpU.o)
                0x00001922                interpolateU
 .text          0x000019a4      0x1da C:\Users\gregory.byrne\Desktop\Projects\Electrical Engineering\AVR\Avr\AVR Working\Webot\libWebbot-ATMega168.a(iopin.o)
                0x00001b6e                pin_set
                0x00001a1c                pin_make_output
                0x00001a94                pin_toggle
                0x00001b26                pin_high
                0x00001adc                pin_low
                0x000019a4                pin_is_high
                0x00001a6a                pin_is_output
                0x000019ce                pin_make_input
 .text          0x00001b7e       0x44 C:\Users\gregory.byrne\Desktop\Projects\Electrical Engineering\AVR\Avr\AVR Working\Webot\libWebbot-ATMega168.a(led.o)
                0x00001b7e                LED_set
 .text          0x00001bc2       0xb6 C:\Users\gregory.byrne\Desktop\Projects\Electrical Engineering\AVR\Avr\AVR Working\Webot\libWebbot-ATMega168.a(rprintf.o)
                0x00001bc2                rprintfIgnore
                0x00001bfc                rprintfCharN
                0x00001c1c                rprintfStr
                0x00001c3a                rprintfProgStr
                0x00001bc4                rprintfInit
                0x00001bd8                rprintfChar
                0x00001c5a                rprintfCRLF
                0x00001c62                rprintfu04
 .text          0x00001c78      0x4ba C:\Users\gregory.byrne\Desktop\Projects\Electrical Engineering\AVR\Avr\AVR Working\Webot\libWebbot-ATMega168.a(spisw.o)
 .text          0x00002132     0x10d6 C:\Users\gregory.byrne\Desktop\Projects\Electrical Engineering\AVR\Avr\AVR Working\Webot\libWebbot-ATMega168.a(timer.o)
                0x000021f6                __timerPrescalerIndex
                0x0000314e                clockWaitms
                0x0000238e                setErrorLog
                0x00002e2a                __clockInit
                0x000022f6                compareGetOutputMode
                0x00002cfc                initTimers
                0x0000308e                clockHasElapsedGetOverflow
                0x00002684                setError
                0x00002388                getError
                0x0000228c                timerGetCounter
                0x00002166                delay_cycles
                0x000021cc                nullTimerCompareCallback
                0x00002398                __error_flash
                0x000022b2                compareSetOutputMode
                0x00002868                timerGetTOP
                0x0000275c                compareDetach
                0x00002636                timerGetTicks
                0x00002626                clockGetSnapshot
                0x00002d5e                compareAttach
                0x00002b14                timerInit
                0x0000318c                delay_us
                0x0000234e                __timer_captureService
                0x00003160                delay_ms
                0x00002132                ticks_per_ms
                0x00002330                __timer_overflowService
                0x000027a4                compareSetThreshold
                0x0000291e                timerSnapshotToTicks
                0x0000224c                timerGetClosestPrescale
                0x00002676                clockGetus
                0x000031c2                clockHasElapsed
                0x00002bd4                timerSetMode
                0x0000236c                __timer_compareService
                0x000029f6                timerGetBestPrescaler
                0x00002ab6                timerSetPrescaler
                0x00003106                clockWaitus
                0x0000280e                compareGetThreshold
 .text          0x00003208       0xa4 C:\Users\gregory.byrne\Desktop\Projects\Electrical Engineering\AVR\Avr\AVR Working\Webot\libWebbot-ATMega168.a(timerCapture.o)
                0x00003208                timerCaptureDetach
                0x00003236                timerCaptureAttach
 .text          0x000032ac       0x70 C:\Users\gregory.byrne\Desktop\Projects\Electrical Engineering\AVR\Avr\AVR Working\Webot\libWebbot-ATMega168.a(timerOverflow.o)
                0x000032ac                timerOverflowAttach
 .text          0x0000331c      0x214 C:\Users\gregory.byrne\Desktop\Projects\Electrical Engineering\AVR\Avr\AVR Working\Webot\libWebbot-ATMega168.a(uart.o)
                0x0000331c                __uartHWSetBaudRate
                0x00003488                __uartHWStartXmit
                0x000034dc                uartPollByte
                0x000034c0                uartReceivePollingMode
                0x00003504                __uartHWInit
 .text          0x00003530      0x170 C:\Users\gregory.byrne\Desktop\Projects\Electrical Engineering\AVR\Avr\AVR Working\Webot\libWebbot-ATMega168.a(rprintfs.o)
                0x00003530                rprintf1RamRom
 .text          0x000036a0      0x360 C:\Users\gregory.byrne\Desktop\Projects\Electrical Engineering\AVR\Avr\AVR Working\Webot\libWebbot-ATMega168.a(scheduler.o)
                0x000038b8                scheduleJob
                0x000036a0                __scheduleUpdate
 .text          0x00003a00        0x0 c:/winavr-20100110/bin/../lib/gcc/avr/4.3.3/../../../../avr/lib/avr5\libc.a(exit.o)
 .text          0x00003a00        0x0 c:/winavr-20100110/bin/../lib/gcc/avr/4.3.3/avr5\libgcc.a(_mulsi3.o)
 .text          0x00003a00        0x0 c:/winavr-20100110/bin/../lib/gcc/avr/4.3.3/avr5\libgcc.a(_udivmodqi4.o)
 .text          0x00003a00        0x0 c:/winavr-20100110/bin/../lib/gcc/avr/4.3.3/avr5\libgcc.a(_udivmodhi4.o)
 .text          0x00003a00        0x0 c:/winavr-20100110/bin/../lib/gcc/avr/4.3.3/avr5\libgcc.a(_divmodhi4.o)
 .text          0x00003a00        0x0 c:/winavr-20100110/bin/../lib/gcc/avr/4.3.3/avr5\libgcc.a(_udivmodsi4.o)
 .text          0x00003a00        0x0 c:/winavr-20100110/bin/../lib/gcc/avr/4.3.3/avr5\libgcc.a(_divmodsi4.o)
 .text          0x00003a00        0x0 c:/winavr-20100110/bin/../lib/gcc/avr/4.3.3/avr5\libgcc.a(_exit.o)
 .text          0x00003a00        0x0 c:/winavr-20100110/bin/../lib/gcc/avr/4.3.3/avr5\libgcc.a(_copy_data.o)
 .text          0x00003a00        0x0 c:/winavr-20100110/bin/../lib/gcc/avr/4.3.3/avr5\libgcc.a(_clear_bss.o)
                0x00003a00                . = ALIGN (0x2)
 *(.text.*)
 .text.avr-libc
                0x00003a00        0x6 c:/winavr-20100110/bin/../lib/gcc/avr/4.3.3/../../../../avr/lib/avr5\libc.a(exit.o)
                0x00003a00                exit
 .text.libgcc   0x00003a06       0x3e c:/winavr-20100110/bin/../lib/gcc/avr/4.3.3/avr5\libgcc.a(_mulsi3.o)
                0x00003a06                __mulsi3
 .text.libgcc   0x00003a44       0x18 c:/winavr-20100110/bin/../lib/gcc/avr/4.3.3/avr5\libgcc.a(_udivmodqi4.o)
                0x00003a44                __udivmodqi4
 .text.libgcc   0x00003a5c       0x28 c:/winavr-20100110/bin/../lib/gcc/avr/4.3.3/avr5\libgcc.a(_udivmodhi4.o)
                0x00003a5c                __udivmodhi4
 .text.libgcc   0x00003a84       0x26 c:/winavr-20100110/bin/../lib/gcc/avr/4.3.3/avr5\libgcc.a(_divmodhi4.o)
                0x00003a84                __divmodhi4
                0x00003a84                _div
 .text.libgcc   0x00003aaa       0x44 c:/winavr-20100110/bin/../lib/gcc/avr/4.3.3/avr5\libgcc.a(_udivmodsi4.o)
                0x00003aaa                __udivmodsi4
 .text.libgcc   0x00003aee       0x36 c:/winavr-20100110/bin/../lib/gcc/avr/4.3.3/avr5\libgcc.a(_divmodsi4.o)
                0x00003aee                __divmodsi4
 .text.libgcc   0x00003b24        0x0 c:/winavr-20100110/bin/../lib/gcc/avr/4.3.3/avr5\libgcc.a(_exit.o)
 .text.libgcc   0x00003b24        0x0 c:/winavr-20100110/bin/../lib/gcc/avr/4.3.3/avr5\libgcc.a(_copy_data.o)
 .text.libgcc   0x00003b24        0x0 c:/winavr-20100110/bin/../lib/gcc/avr/4.3.3/avr5\libgcc.a(_clear_bss.o)
                0x00003b24                . = ALIGN (0x2)
 *(.fini9)
 .fini9         0x00003b24        0x0 c:/winavr-20100110/bin/../lib/gcc/avr/4.3.3/avr5\libgcc.a(_exit.o)
                0x00003b24                _exit
 *(.fini9)
 *(.fini8)
 *(.fini8)
 *(.fini7)
 *(.fini7)
 *(.fini6)
 *(.fini6)
 *(.fini5)
 *(.fini5)
 *(.fini4)
 *(.fini4)
 *(.fini3)
 *(.fini3)
 *(.fini2)
 *(.fini2)
 *(.fini1)
 *(.fini1)
 *(.fini0)
 .fini0         0x00003b24        0x4 c:/winavr-20100110/bin/../lib/gcc/avr/4.3.3/avr5\libgcc.a(_exit.o)
 *(.fini0)
                0x00003b28                _etext = .

.data           0x00800100       0x98 load address 0x00003b28
                0x00800100                PROVIDE (__data_start, .)
 *(.data)
 .data          0x00800100        0x0 c:/winavr-20100110/bin/../lib/gcc/avr/4.3.3/../../../../avr/lib/avr5/crtm168.o
 .data          0x00800100       0x96 TheBoatTx.o
                0x0080018d                LeftRed
                0x00800108                NUMBER_OF_TIMERS
                0x00800147                PS2_RIGHT
                0x00800143                PS2_L3
                0x0080014b                PS2_R2
                0x00800140                NUM_PCINT_PINS
                0x00800145                PS2_START
                0x00800119                NUM_UARTS
                0x0080014c                PS2_L1
                0x0080018a                RightRed
                0x00800148                PS2_LEFT
                0x0080014e                PS2_TRIANGLE
                0x00800142                PS2_SELECT
                0x0080014d                PS2_R1
                0x00800144                PS2_R3
                0x00800193                PowerGreen
                0x00800150                PS2_X
                0x00800100                cpu_speed
                0x00800152                controller1
                0x00800146                PS2_UP
                0x0080014a                PS2_L2
                0x00800149                PS2_DOWN
                0x0080013f                NUM_ADC_CHANNELS
                0x00800106                cpu_speed_div_1000000
                0x0080014f                PS2_CIRCLE
                0x00800109                rx0Buffer
                0x00800141                maxJobs
                0x00800104                cpu_speed_div_1000
                0x00800178                spiBus
                0x0080011a                Uarts
                0x00800111                tx0Buffer
                0x00800190                SpotLightWhite
                0x00800151                PS2_SQUARE
 .data          0x00800196        0x0 C:\Users\gregory.byrne\Desktop\Projects\Electrical Engineering\AVR\Avr\AVR Working\Webot\libWebbot-ATMega168.a(ps2.o)
 .data          0x00800196        0x0 C:\Users\gregory.byrne\Desktop\Projects\Electrical Engineering\AVR\Avr\AVR Working\Webot\libWebbot-ATMega168.a(_spi_common.o)
 .data          0x00800196        0x0 C:\Users\gregory.byrne\Desktop\Projects\Electrical Engineering\AVR\Avr\AVR Working\Webot\libWebbot-ATMega168.a(_uart_common.o)
 .data          0x00800196        0x0 C:\Users\gregory.byrne\Desktop\Projects\Electrical Engineering\AVR\Avr\AVR Working\Webot\libWebbot-ATMega168.a(buffer.o)
 .data          0x00800196        0x0 C:\Users\gregory.byrne\Desktop\Projects\Electrical Engineering\AVR\Avr\AVR Working\Webot\libWebbot-ATMega168.a(core.o)
 .data          0x00800196        0x0 C:\Users\gregory.byrne\Desktop\Projects\Electrical Engineering\AVR\Avr\AVR Working\Webot\libWebbot-ATMega168.a(core_interpU.o)
 .data          0x00800196        0x0 C:\Users\gregory.byrne\Desktop\Projects\Electrical Engineering\AVR\Avr\AVR Working\Webot\libWebbot-ATMega168.a(iopin.o)
 .data          0x00800196        0x0 C:\Users\gregory.byrne\Desktop\Projects\Electrical Engineering\AVR\Avr\AVR Working\Webot\libWebbot-ATMega168.a(led.o)
 .data          0x00800196        0x2 C:\Users\gregory.byrne\Desktop\Projects\Electrical Engineering\AVR\Avr\AVR Working\Webot\libWebbot-ATMega168.a(rprintf.o)
                0x00800196                rputchar
 .data          0x00800198        0x0 C:\Users\gregory.byrne\Desktop\Projects\Electrical Engineering\AVR\Avr\AVR Working\Webot\libWebbot-ATMega168.a(spisw.o)
 .data          0x00800198        0x0 C:\Users\gregory.byrne\Desktop\Projects\Electrical Engineering\AVR\Avr\AVR Working\Webot\libWebbot-ATMega168.a(timer.o)
 .data          0x00800198        0x0 C:\Users\gregory.byrne\Desktop\Projects\Electrical Engineering\AVR\Avr\AVR Working\Webot\libWebbot-ATMega168.a(timerCapture.o)
 .data          0x00800198        0x0 C:\Users\gregory.byrne\Desktop\Projects\Electrical Engineering\AVR\Avr\AVR Working\Webot\libWebbot-ATMega168.a(timerOverflow.o)
 .data          0x00800198        0x0 C:\Users\gregory.byrne\Desktop\Projects\Electrical Engineering\AVR\Avr\AVR Working\Webot\libWebbot-ATMega168.a(uart.o)
 .data          0x00800198        0x0 C:\Users\gregory.byrne\Desktop\Projects\Electrical Engineering\AVR\Avr\AVR Working\Webot\libWebbot-ATMega168.a(rprintfs.o)
 .data          0x00800198        0x0 C:\Users\gregory.byrne\Desktop\Projects\Electrical Engineering\AVR\Avr\AVR Working\Webot\libWebbot-ATMega168.a(scheduler.o)
 .data          0x00800198        0x0 c:/winavr-20100110/bin/../lib/gcc/avr/4.3.3/../../../../avr/lib/avr5\libc.a(exit.o)
 .data          0x00800198        0x0 c:/winavr-20100110/bin/../lib/gcc/avr/4.3.3/avr5\libgcc.a(_mulsi3.o)
 .data          0x00800198        0x0 c:/winavr-20100110/bin/../lib/gcc/avr/4.3.3/avr5\libgcc.a(_udivmodqi4.o)
 .data          0x00800198        0x0 c:/winavr-20100110/bin/../lib/gcc/avr/4.3.3/avr5\libgcc.a(_udivmodhi4.o)
 .data          0x00800198        0x0 c:/winavr-20100110/bin/../lib/gcc/avr/4.3.3/avr5\libgcc.a(_divmodhi4.o)
 .data          0x00800198        0x0 c:/winavr-20100110/bin/../lib/gcc/avr/4.3.3/avr5\libgcc.a(_udivmodsi4.o)
 .data          0x00800198        0x0 c:/winavr-20100110/bin/../lib/gcc/avr/4.3.3/avr5\libgcc.a(_divmodsi4.o)
 .data          0x00800198        0x0 c:/winavr-20100110/bin/../lib/gcc/avr/4.3.3/avr5\libgcc.a(_exit.o)
 .data          0x00800198        0x0 c:/winavr-20100110/bin/../lib/gcc/avr/4.3.3/avr5\libgcc.a(_copy_data.o)
 .data          0x00800198        0x0 c:/winavr-20100110/bin/../lib/gcc/avr/4.3.3/avr5\libgcc.a(_clear_bss.o)
 *(.data*)
 *(.rodata)
 *(.rodata*)
 *(.gnu.linkonce.d*)
                0x00800198                . = ALIGN (0x2)
                0x00800198                _edata = .
                0x00800198                PROVIDE (__data_end, .)

.bss            0x00800198      0x2f3
                0x00800198                PROVIDE (__bss_start, .)
 *(.bss)
 .bss           0x00800198        0x0 c:/winavr-20100110/bin/../lib/gcc/avr/4.3.3/../../../../avr/lib/avr5/crtm168.o
 .bss           0x00800198       0x43 TheBoatTx.o
                0x008001ba                __timer1CompareB_data
                0x008001d4                right_y
                0x008001cd                __timer2CompareB_data
                0x008001d1                left_x
                0x008001d8                DR_Button_pressure
                0x008001b6                __timer1CompareA_data
                0x008001d9                i
                0x008001ab                __timer1_data
                0x008001d3                right_x
                0x008001a3                __timer0CompareA_data
                0x008001be                __timer2_data
                0x008001da                SpotLightState
                0x00800198                __timer0_data
                0x008001d5                xButton_pressure
                0x008001d2                left_y
                0x008001d7                DL_Button_pressure
                0x008001a7                __timer0CompareB_data
                0x008001d6                SqButton_pressure
                0x008001c9                __timer2CompareA_data
 .bss           0x008001db        0x0 C:\Users\gregory.byrne\Desktop\Projects\Electrical Engineering\AVR\Avr\AVR Working\Webot\libWebbot-ATMega168.a(ps2.o)
 .bss           0x008001db        0x0 C:\Users\gregory.byrne\Desktop\Projects\Electrical Engineering\AVR\Avr\AVR Working\Webot\libWebbot-ATMega168.a(_spi_common.o)
 .bss           0x008001db        0x0 C:\Users\gregory.byrne\Desktop\Projects\Electrical Engineering\AVR\Avr\AVR Working\Webot\libWebbot-ATMega168.a(_uart_common.o)
 .bss           0x008001db        0x0 C:\Users\gregory.byrne\Desktop\Projects\Electrical Engineering\AVR\Avr\AVR Working\Webot\libWebbot-ATMega168.a(buffer.o)
 .bss           0x008001db        0x0 C:\Users\gregory.byrne\Desktop\Projects\Electrical Engineering\AVR\Avr\AVR Working\Webot\libWebbot-ATMega168.a(core.o)
 .bss           0x008001db        0x0 C:\Users\gregory.byrne\Desktop\Projects\Electrical Engineering\AVR\Avr\AVR Working\Webot\libWebbot-ATMega168.a(core_interpU.o)
 .bss           0x008001db        0x0 C:\Users\gregory.byrne\Desktop\Projects\Electrical Engineering\AVR\Avr\AVR Working\Webot\libWebbot-ATMega168.a(iopin.o)
 .bss           0x008001db        0x3 C:\Users\gregory.byrne\Desktop\Projects\Electrical Engineering\AVR\Avr\AVR Working\Webot\libWebbot-ATMega168.a(led.o)
                0x008001db                statusLED
 .bss           0x008001de        0x0 C:\Users\gregory.byrne\Desktop\Projects\Electrical Engineering\AVR\Avr\AVR Working\Webot\libWebbot-ATMega168.a(rprintf.o)
 .bss           0x008001de        0x0 C:\Users\gregory.byrne\Desktop\Projects\Electrical Engineering\AVR\Avr\AVR Working\Webot\libWebbot-ATMega168.a(spisw.o)
 .bss           0x008001de        0x8 C:\Users\gregory.byrne\Desktop\Projects\Electrical Engineering\AVR\Avr\AVR Working\Webot\libWebbot-ATMega168.a(timer.o)
 .bss           0x008001e6        0x0 C:\Users\gregory.byrne\Desktop\Projects\Electrical Engineering\AVR\Avr\AVR Working\Webot\libWebbot-ATMega168.a(timerCapture.o)
 .bss           0x008001e6        0x0 C:\Users\gregory.byrne\Desktop\Projects\Electrical Engineering\AVR\Avr\AVR Working\Webot\libWebbot-ATMega168.a(timerOverflow.o)
 .bss           0x008001e6        0x0 C:\Users\gregory.byrne\Desktop\Projects\Electrical Engineering\AVR\Avr\AVR Working\Webot\libWebbot-ATMega168.a(uart.o)
 .bss           0x008001e6        0x0 C:\Users\gregory.byrne\Desktop\Projects\Electrical Engineering\AVR\Avr\AVR Working\Webot\libWebbot-ATMega168.a(rprintfs.o)
 .bss           0x008001e6        0x0 C:\Users\gregory.byrne\Desktop\Projects\Electrical Engineering\AVR\Avr\AVR Working\Webot\libWebbot-ATMega168.a(scheduler.o)
 .bss           0x008001e6        0x0 c:/winavr-20100110/bin/../lib/gcc/avr/4.3.3/../../../../avr/lib/avr5\libc.a(exit.o)
 .bss           0x008001e6        0x0 c:/winavr-20100110/bin/../lib/gcc/avr/4.3.3/avr5\libgcc.a(_mulsi3.o)
 .bss           0x008001e6        0x0 c:/winavr-20100110/bin/../lib/gcc/avr/4.3.3/avr5\libgcc.a(_udivmodqi4.o)
 .bss           0x008001e6        0x0 c:/winavr-20100110/bin/../lib/gcc/avr/4.3.3/avr5\libgcc.a(_udivmodhi4.o)
 .bss           0x008001e6        0x0 c:/winavr-20100110/bin/../lib/gcc/avr/4.3.3/avr5\libgcc.a(_divmodhi4.o)
 .bss           0x008001e6        0x0 c:/winavr-20100110/bin/../lib/gcc/avr/4.3.3/avr5\libgcc.a(_udivmodsi4.o)
 .bss           0x008001e6        0x0 c:/winavr-20100110/bin/../lib/gcc/avr/4.3.3/avr5\libgcc.a(_divmodsi4.o)
 .bss           0x008001e6        0x0 c:/winavr-20100110/bin/../lib/gcc/avr/4.3.3/avr5\libgcc.a(_exit.o)
 .bss           0x008001e6        0x0 c:/winavr-20100110/bin/../lib/gcc/avr/4.3.3/avr5\libgcc.a(_copy_data.o)
 .bss           0x008001e6        0x0 c:/winavr-20100110/bin/../lib/gcc/avr/4.3.3/avr5\libgcc.a(_clear_bss.o)
 *(.bss*)
 *(COMMON)
 COMMON         0x008001e6      0x29a TheBoatTx.o
                0x008001e6                buttonReleased
                0x008002e5                __queue
                0x00800319                rx0Buf
                0x0080034d                tx0Buf
                0x00800381                buttonPressed
 COMMON         0x00800480        0x7 C:\Users\gregory.byrne\Desktop\Projects\Electrical Engineering\AVR\Avr\AVR Working\Webot\libWebbot-ATMega168.a(timer.o)
                0x00800480                __error
                0x00800485                g_heartbeat
 COMMON         0x00800487        0x4 C:\Users\gregory.byrne\Desktop\Projects\Electrical Engineering\AVR\Avr\AVR Working\Webot\libWebbot-ATMega168.a(scheduler.o)
                0x00800487                __numJobs
                0x00800489                __recheck
                0x0080048a                __running
                0x0080048b                PROVIDE (__bss_end, .)
                0x00003b28                __data_load_start = LOADADDR (.data)
                0x00003bc0                __data_load_end = (__data_load_start + SIZEOF (.data))

.noinit         0x0080048b        0x0
                0x0080048b                PROVIDE (__noinit_start, .)
 *(.noinit*)
                0x0080048b                PROVIDE (__noinit_end, .)
                0x0080048b                _end = .
                0x0080048b                PROVIDE (__heap_start, .)

.eeprom         0x00810000        0x0
 *(.eeprom*)
                0x00810000                __eeprom_end = .

.fuse
 *(.fuse)
 *(.lfuse)
 *(.hfuse)
 *(.efuse)

.lock
 *(.lock*)

.signature
 *(.signature*)

.stab
 *(.stab)

.stabstr
 *(.stabstr)

.stab.excl
 *(.stab.excl)

.stab.exclstr
 *(.stab.exclstr)

.stab.index
 *(.stab.index)

.stab.indexstr
 *(.stab.indexstr)

.comment
 *(.comment)

.debug
 *(.debug)

.line
 *(.line)

.debug_srcinfo
 *(.debug_srcinfo)

.debug_sfnames
 *(.debug_sfnames)

.debug_aranges  0x00000000      0x220
 *(.debug_aranges)
 .debug_aranges
                0x00000000       0x20 TheBoatTx.o
 .debug_aranges
                0x00000020       0x20 C:\Users\gregory.byrne\Desktop\Projects\Electrical Engineering\AVR\Avr\AVR Working\Webot\libWebbot-ATMega168.a(ps2.o)
 .debug_aranges
                0x00000040       0x20 C:\Users\gregory.byrne\Desktop\Projects\Electrical Engineering\AVR\Avr\AVR Working\Webot\libWebbot-ATMega168.a(_spi_common.o)
 .debug_aranges
                0x00000060       0x20 C:\Users\gregory.byrne\Desktop\Projects\Electrical Engineering\AVR\Avr\AVR Working\Webot\libWebbot-ATMega168.a(_uart_common.o)
 .debug_aranges
                0x00000080       0x20 C:\Users\gregory.byrne\Desktop\Projects\Electrical Engineering\AVR\Avr\AVR Working\Webot\libWebbot-ATMega168.a(buffer.o)
 .debug_aranges
                0x000000a0       0x20 C:\Users\gregory.byrne\Desktop\Projects\Electrical Engineering\AVR\Avr\AVR Working\Webot\libWebbot-ATMega168.a(core.o)
 .debug_aranges
                0x000000c0       0x20 C:\Users\gregory.byrne\Desktop\Projects\Electrical Engineering\AVR\Avr\AVR Working\Webot\libWebbot-ATMega168.a(core_interpU.o)
 .debug_aranges
                0x000000e0       0x20 C:\Users\gregory.byrne\Desktop\Projects\Electrical Engineering\AVR\Avr\AVR Working\Webot\libWebbot-ATMega168.a(iopin.o)
 .debug_aranges
                0x00000100       0x20 C:\Users\gregory.byrne\Desktop\Projects\Electrical Engineering\AVR\Avr\AVR Working\Webot\libWebbot-ATMega168.a(led.o)
 .debug_aranges
                0x00000120       0x20 C:\Users\gregory.byrne\Desktop\Projects\Electrical Engineering\AVR\Avr\AVR Working\Webot\libWebbot-ATMega168.a(rprintf.o)
 .debug_aranges
                0x00000140       0x20 C:\Users\gregory.byrne\Desktop\Projects\Electrical Engineering\AVR\Avr\AVR Working\Webot\libWebbot-ATMega168.a(spisw.o)
 .debug_aranges
                0x00000160       0x20 C:\Users\gregory.byrne\Desktop\Projects\Electrical Engineering\AVR\Avr\AVR Working\Webot\libWebbot-ATMega168.a(timer.o)
 .debug_aranges
                0x00000180       0x20 C:\Users\gregory.byrne\Desktop\Projects\Electrical Engineering\AVR\Avr\AVR Working\Webot\libWebbot-ATMega168.a(timerCapture.o)
 .debug_aranges
                0x000001a0       0x20 C:\Users\gregory.byrne\Desktop\Projects\Electrical Engineering\AVR\Avr\AVR Working\Webot\libWebbot-ATMega168.a(timerOverflow.o)
 .debug_aranges
                0x000001c0       0x20 C:\Users\gregory.byrne\Desktop\Projects\Electrical Engineering\AVR\Avr\AVR Working\Webot\libWebbot-ATMega168.a(uart.o)
 .debug_aranges
                0x000001e0       0x20 C:\Users\gregory.byrne\Desktop\Projects\Electrical Engineering\AVR\Avr\AVR Working\Webot\libWebbot-ATMega168.a(rprintfs.o)
 .debug_aranges
                0x00000200       0x20 C:\Users\gregory.byrne\Desktop\Projects\Electrical Engineering\AVR\Avr\AVR Working\Webot\libWebbot-ATMega168.a(scheduler.o)

.debug_pubnames
                0x00000000     0x11a8
 *(.debug_pubnames)
 .debug_pubnames
                0x00000000      0x643 TheBoatTx.o
 .debug_pubnames
                0x00000643      0x158 C:\Users\gregory.byrne\Desktop\Projects\Electrical Engineering\AVR\Avr\AVR Working\Webot\libWebbot-ATMega168.a(ps2.o)
 .debug_pubnames
                0x0000079b      0x1aa C:\Users\gregory.byrne\Desktop\Projects\Electrical Engineering\AVR\Avr\AVR Working\Webot\libWebbot-ATMega168.a(_spi_common.o)
 .debug_pubnames
                0x00000945       0xfc C:\Users\gregory.byrne\Desktop\Projects\Electrical Engineering\AVR\Avr\AVR Working\Webot\libWebbot-ATMega168.a(_uart_common.o)
 .debug_pubnames
                0x00000a41       0x86 C:\Users\gregory.byrne\Desktop\Projects\Electrical Engineering\AVR\Avr\AVR Working\Webot\libWebbot-ATMega168.a(buffer.o)
 .debug_pubnames
                0x00000ac7       0x5f C:\Users\gregory.byrne\Desktop\Projects\Electrical Engineering\AVR\Avr\AVR Working\Webot\libWebbot-ATMega168.a(core.o)
 .debug_pubnames
                0x00000b26       0x23 C:\Users\gregory.byrne\Desktop\Projects\Electrical Engineering\AVR\Avr\AVR Working\Webot\libWebbot-ATMega168.a(core_interpU.o)
 .debug_pubnames
                0x00000b49       0x8f C:\Users\gregory.byrne\Desktop\Projects\Electrical Engineering\AVR\Avr\AVR Working\Webot\libWebbot-ATMega168.a(iopin.o)
 .debug_pubnames
                0x00000bd8       0x2c C:\Users\gregory.byrne\Desktop\Projects\Electrical Engineering\AVR\Avr\AVR Working\Webot\libWebbot-ATMega168.a(led.o)
 .debug_pubnames
                0x00000c04       0xb0 C:\Users\gregory.byrne\Desktop\Projects\Electrical Engineering\AVR\Avr\AVR Working\Webot\libWebbot-ATMega168.a(rprintf.o)
 .debug_pubnames
                0x00000cb4       0x1f C:\Users\gregory.byrne\Desktop\Projects\Electrical Engineering\AVR\Avr\AVR Working\Webot\libWebbot-ATMega168.a(spisw.o)
 .debug_pubnames
                0x00000cd3      0x35a C:\Users\gregory.byrne\Desktop\Projects\Electrical Engineering\AVR\Avr\AVR Working\Webot\libWebbot-ATMega168.a(timer.o)
 .debug_pubnames
                0x0000102d       0x40 C:\Users\gregory.byrne\Desktop\Projects\Electrical Engineering\AVR\Avr\AVR Working\Webot\libWebbot-ATMega168.a(timerCapture.o)
 .debug_pubnames
                0x0000106d       0x2a C:\Users\gregory.byrne\Desktop\Projects\Electrical Engineering\AVR\Avr\AVR Working\Webot\libWebbot-ATMega168.a(timerOverflow.o)
 .debug_pubnames
                0x00001097       0x8b C:\Users\gregory.byrne\Desktop\Projects\Electrical Engineering\AVR\Avr\AVR Working\Webot\libWebbot-ATMega168.a(uart.o)
 .debug_pubnames
                0x00001122       0x25 C:\Users\gregory.byrne\Desktop\Projects\Electrical Engineering\AVR\Avr\AVR Working\Webot\libWebbot-ATMega168.a(rprintfs.o)
 .debug_pubnames
                0x00001147       0x61 C:\Users\gregory.byrne\Desktop\Projects\Electrical Engineering\AVR\Avr\AVR Working\Webot\libWebbot-ATMega168.a(scheduler.o)

.debug_info     0x00000000     0xadf0
 *(.debug_info)
 .debug_info    0x00000000     0x184c TheBoatTx.o
 .debug_info    0x0000184c     0x10b6 C:\Users\gregory.byrne\Desktop\Projects\Electrical Engineering\AVR\Avr\AVR Working\Webot\libWebbot-ATMega168.a(ps2.o)
 .debug_info    0x00002902      0xc0e C:\Users\gregory.byrne\Desktop\Projects\Electrical Engineering\AVR\Avr\AVR Working\Webot\libWebbot-ATMega168.a(_spi_common.o)
 .debug_info    0x00003510      0x9f3 C:\Users\gregory.byrne\Desktop\Projects\Electrical Engineering\AVR\Avr\AVR Working\Webot\libWebbot-ATMega168.a(_uart_common.o)
 .debug_info    0x00003f03      0x3c6 C:\Users\gregory.byrne\Desktop\Projects\Electrical Engineering\AVR\Avr\AVR Working\Webot\libWebbot-ATMega168.a(buffer.o)
 .debug_info    0x000042c9      0x685 C:\Users\gregory.byrne\Desktop\Projects\Electrical Engineering\AVR\Avr\AVR Working\Webot\libWebbot-ATMega168.a(core.o)
 .debug_info    0x0000494e      0x111 C:\Users\gregory.byrne\Desktop\Projects\Electrical Engineering\AVR\Avr\AVR Working\Webot\libWebbot-ATMega168.a(core_interpU.o)
 .debug_info    0x00004a5f      0x8b8 C:\Users\gregory.byrne\Desktop\Projects\Electrical Engineering\AVR\Avr\AVR Working\Webot\libWebbot-ATMega168.a(iopin.o)
 .debug_info    0x00005317      0x1d3 C:\Users\gregory.byrne\Desktop\Projects\Electrical Engineering\AVR\Avr\AVR Working\Webot\libWebbot-ATMega168.a(led.o)
 .debug_info    0x000054ea      0x2ac C:\Users\gregory.byrne\Desktop\Projects\Electrical Engineering\AVR\Avr\AVR Working\Webot\libWebbot-ATMega168.a(rprintf.o)
 .debug_info    0x00005796      0xfb5 C:\Users\gregory.byrne\Desktop\Projects\Electrical Engineering\AVR\Avr\AVR Working\Webot\libWebbot-ATMega168.a(spisw.o)
 .debug_info    0x0000674b     0x2838 C:\Users\gregory.byrne\Desktop\Projects\Electrical Engineering\AVR\Avr\AVR Working\Webot\libWebbot-ATMega168.a(timer.o)
 .debug_info    0x00008f83      0x65f C:\Users\gregory.byrne\Desktop\Projects\Electrical Engineering\AVR\Avr\AVR Working\Webot\libWebbot-ATMega168.a(timerCapture.o)
 .debug_info    0x000095e2      0x5d4 C:\Users\gregory.byrne\Desktop\Projects\Electrical Engineering\AVR\Avr\AVR Working\Webot\libWebbot-ATMega168.a(timerOverflow.o)
 .debug_info    0x00009bb6      0x6ff C:\Users\gregory.byrne\Desktop\Projects\Electrical Engineering\AVR\Avr\AVR Working\Webot\libWebbot-ATMega168.a(uart.o)
 .debug_info    0x0000a2b5      0x192 C:\Users\gregory.byrne\Desktop\Projects\Electrical Engineering\AVR\Avr\AVR Working\Webot\libWebbot-ATMega168.a(rprintfs.o)
 .debug_info    0x0000a447      0x9a9 C:\Users\gregory.byrne\Desktop\Projects\Electrical Engineering\AVR\Avr\AVR Working\Webot\libWebbot-ATMega168.a(scheduler.o)
 *(.gnu.linkonce.wi.*)

.debug_abbrev   0x00000000     0x2250
 *(.debug_abbrev)
 .debug_abbrev  0x00000000      0x2aa TheBoatTx.o
 .debug_abbrev  0x000002aa      0x348 C:\Users\gregory.byrne\Desktop\Projects\Electrical Engineering\AVR\Avr\AVR Working\Webot\libWebbot-ATMega168.a(ps2.o)
 .debug_abbrev  0x000005f2      0x274 C:\Users\gregory.byrne\Desktop\Projects\Electrical Engineering\AVR\Avr\AVR Working\Webot\libWebbot-ATMega168.a(_spi_common.o)
 .debug_abbrev  0x00000866      0x292 C:\Users\gregory.byrne\Desktop\Projects\Electrical Engineering\AVR\Avr\AVR Working\Webot\libWebbot-ATMega168.a(_uart_common.o)
 .debug_abbrev  0x00000af8      0x175 C:\Users\gregory.byrne\Desktop\Projects\Electrical Engineering\AVR\Avr\AVR Working\Webot\libWebbot-ATMega168.a(buffer.o)
 .debug_abbrev  0x00000c6d      0x1c9 C:\Users\gregory.byrne\Desktop\Projects\Electrical Engineering\AVR\Avr\AVR Working\Webot\libWebbot-ATMega168.a(core.o)
 .debug_abbrev  0x00000e36       0x71 C:\Users\gregory.byrne\Desktop\Projects\Electrical Engineering\AVR\Avr\AVR Working\Webot\libWebbot-ATMega168.a(core_interpU.o)
 .debug_abbrev  0x00000ea7      0x153 C:\Users\gregory.byrne\Desktop\Projects\Electrical Engineering\AVR\Avr\AVR Working\Webot\libWebbot-ATMega168.a(iopin.o)
 .debug_abbrev  0x00000ffa      0x10e C:\Users\gregory.byrne\Desktop\Projects\Electrical Engineering\AVR\Avr\AVR Working\Webot\libWebbot-ATMega168.a(led.o)
 .debug_abbrev  0x00001108      0x134 C:\Users\gregory.byrne\Desktop\Projects\Electrical Engineering\AVR\Avr\AVR Working\Webot\libWebbot-ATMega168.a(rprintf.o)
 .debug_abbrev  0x0000123c      0x2da C:\Users\gregory.byrne\Desktop\Projects\Electrical Engineering\AVR\Avr\AVR Working\Webot\libWebbot-ATMega168.a(spisw.o)
 .debug_abbrev  0x00001516      0x469 C:\Users\gregory.byrne\Desktop\Projects\Electrical Engineering\AVR\Avr\AVR Working\Webot\libWebbot-ATMega168.a(timer.o)
 .debug_abbrev  0x0000197f      0x1db C:\Users\gregory.byrne\Desktop\Projects\Electrical Engineering\AVR\Avr\AVR Working\Webot\libWebbot-ATMega168.a(timerCapture.o)
 .debug_abbrev  0x00001b5a      0x1bd C:\Users\gregory.byrne\Desktop\Projects\Electrical Engineering\AVR\Avr\AVR Working\Webot\libWebbot-ATMega168.a(timerOverflow.o)
 .debug_abbrev  0x00001d17      0x1fa C:\Users\gregory.byrne\Desktop\Projects\Electrical Engineering\AVR\Avr\AVR Working\Webot\libWebbot-ATMega168.a(uart.o)
 .debug_abbrev  0x00001f11       0xdd C:\Users\gregory.byrne\Desktop\Projects\Electrical Engineering\AVR\Avr\AVR Working\Webot\libWebbot-ATMega168.a(rprintfs.o)
 .debug_abbrev  0x00001fee      0x262 C:\Users\gregory.byrne\Desktop\Projects\Electrical Engineering\AVR\Avr\AVR Working\Webot\libWebbot-ATMega168.a(scheduler.o)

.debug_line     0x00000000     0x45fd
 *(.debug_line)
 .debug_line    0x00000000      0x9c7 TheBoatTx.o
 .debug_line    0x000009c7      0x653 C:\Users\gregory.byrne\Desktop\Projects\Electrical Engineering\AVR\Avr\AVR Working\Webot\libWebbot-ATMega168.a(ps2.o)
 .debug_line    0x0000101a      0x4e7 C:\Users\gregory.byrne\Desktop\Projects\Electrical Engineering\AVR\Avr\AVR Working\Webot\libWebbot-ATMega168.a(_spi_common.o)
 .debug_line    0x00001501      0x4df C:\Users\gregory.byrne\Desktop\Projects\Electrical Engineering\AVR\Avr\AVR Working\Webot\libWebbot-ATMega168.a(_uart_common.o)
 .debug_line    0x000019e0      0x2a1 C:\Users\gregory.byrne\Desktop\Projects\Electrical Engineering\AVR\Avr\AVR Working\Webot\libWebbot-ATMega168.a(buffer.o)
 .debug_line    0x00001c81      0x24d C:\Users\gregory.byrne\Desktop\Projects\Electrical Engineering\AVR\Avr\AVR Working\Webot\libWebbot-ATMega168.a(core.o)
 .debug_line    0x00001ece       0xc5 C:\Users\gregory.byrne\Desktop\Projects\Electrical Engineering\AVR\Avr\AVR Working\Webot\libWebbot-ATMega168.a(core_interpU.o)
 .debug_line    0x00001f93      0x378 C:\Users\gregory.byrne\Desktop\Projects\Electrical Engineering\AVR\Avr\AVR Working\Webot\libWebbot-ATMega168.a(iopin.o)
 .debug_line    0x0000230b      0x129 C:\Users\gregory.byrne\Desktop\Projects\Electrical Engineering\AVR\Avr\AVR Working\Webot\libWebbot-ATMega168.a(led.o)
 .debug_line    0x00002434      0x256 C:\Users\gregory.byrne\Desktop\Projects\Electrical Engineering\AVR\Avr\AVR Working\Webot\libWebbot-ATMega168.a(rprintf.o)
 .debug_line    0x0000268a      0x66b C:\Users\gregory.byrne\Desktop\Projects\Electrical Engineering\AVR\Avr\AVR Working\Webot\libWebbot-ATMega168.a(spisw.o)
 .debug_line    0x00002cf5      0xebc C:\Users\gregory.byrne\Desktop\Projects\Electrical Engineering\AVR\Avr\AVR Working\Webot\libWebbot-ATMega168.a(timer.o)
 .debug_line    0x00003bb1      0x1ba C:\Users\gregory.byrne\Desktop\Projects\Electrical Engineering\AVR\Avr\AVR Working\Webot\libWebbot-ATMega168.a(timerCapture.o)
 .debug_line    0x00003d6b      0x175 C:\Users\gregory.byrne\Desktop\Projects\Electrical Engineering\AVR\Avr\AVR Working\Webot\libWebbot-ATMega168.a(timerOverflow.o)
 .debug_line    0x00003ee0      0x29e C:\Users\gregory.byrne\Desktop\Projects\Electrical Engineering\AVR\Avr\AVR Working\Webot\libWebbot-ATMega168.a(uart.o)
 .debug_line    0x0000417e      0x1ab C:\Users\gregory.byrne\Desktop\Projects\Electrical Engineering\AVR\Avr\AVR Working\Webot\libWebbot-ATMega168.a(rprintfs.o)
 .debug_line    0x00004329      0x2d4 C:\Users\gregory.byrne\Desktop\Projects\Electrical Engineering\AVR\Avr\AVR Working\Webot\libWebbot-ATMega168.a(scheduler.o)

.debug_frame    0x00000000      0xae0
 *(.debug_frame)
 .debug_frame   0x00000000      0x160 TheBoatTx.o
 .debug_frame   0x00000160      0x110 C:\Users\gregory.byrne\Desktop\Projects\Electrical Engineering\AVR\Avr\AVR Working\Webot\libWebbot-ATMega168.a(ps2.o)
 .debug_frame   0x00000270       0xf0 C:\Users\gregory.byrne\Desktop\Projects\Electrical Engineering\AVR\Avr\AVR Working\Webot\libWebbot-ATMega168.a(_spi_common.o)
 .debug_frame   0x00000360       0xe0 C:\Users\gregory.byrne\Desktop\Projects\Electrical Engineering\AVR\Avr\AVR Working\Webot\libWebbot-ATMega168.a(_uart_common.o)
 .debug_frame   0x00000440       0x80 C:\Users\gregory.byrne\Desktop\Projects\Electrical Engineering\AVR\Avr\AVR Working\Webot\libWebbot-ATMega168.a(buffer.o)
 .debug_frame   0x000004c0       0x60 C:\Users\gregory.byrne\Desktop\Projects\Electrical Engineering\AVR\Avr\AVR Working\Webot\libWebbot-ATMega168.a(core.o)
 .debug_frame   0x00000520       0x20 C:\Users\gregory.byrne\Desktop\Projects\Electrical Engineering\AVR\Avr\AVR Working\Webot\libWebbot-ATMega168.a(core_interpU.o)
 .debug_frame   0x00000540       0x90 C:\Users\gregory.byrne\Desktop\Projects\Electrical Engineering\AVR\Avr\AVR Working\Webot\libWebbot-ATMega168.a(iopin.o)
 .debug_frame   0x000005d0       0x20 C:\Users\gregory.byrne\Desktop\Projects\Electrical Engineering\AVR\Avr\AVR Working\Webot\libWebbot-ATMega168.a(led.o)
 .debug_frame   0x000005f0       0x90 C:\Users\gregory.byrne\Desktop\Projects\Electrical Engineering\AVR\Avr\AVR Working\Webot\libWebbot-ATMega168.a(rprintf.o)
 .debug_frame   0x00000680       0xc0 C:\Users\gregory.byrne\Desktop\Projects\Electrical Engineering\AVR\Avr\AVR Working\Webot\libWebbot-ATMega168.a(spisw.o)
 .debug_frame   0x00000740      0x270 C:\Users\gregory.byrne\Desktop\Projects\Electrical Engineering\AVR\Avr\AVR Working\Webot\libWebbot-ATMega168.a(timer.o)
 .debug_frame   0x000009b0       0x30 C:\Users\gregory.byrne\Desktop\Projects\Electrical Engineering\AVR\Avr\AVR Working\Webot\libWebbot-ATMega168.a(timerCapture.o)
 .debug_frame   0x000009e0       0x20 C:\Users\gregory.byrne\Desktop\Projects\Electrical Engineering\AVR\Avr\AVR Working\Webot\libWebbot-ATMega168.a(timerOverflow.o)
 .debug_frame   0x00000a00       0x90 C:\Users\gregory.byrne\Desktop\Projects\Electrical Engineering\AVR\Avr\AVR Working\Webot\libWebbot-ATMega168.a(uart.o)
 .debug_frame   0x00000a90       0x20 C:\Users\gregory.byrne\Desktop\Projects\Electrical Engineering\AVR\Avr\AVR Working\Webot\libWebbot-ATMega168.a(rprintfs.o)
 .debug_frame   0x00000ab0       0x30 C:\Users\gregory.byrne\Desktop\Projects\Electrical Engineering\AVR\Avr\AVR Working\Webot\libWebbot-ATMega168.a(scheduler.o)

.debug_str      0x00000000     0x1fe1
 *(.debug_str)
 .debug_str     0x00000000      0xd72 TheBoatTx.o
                                0xe3e (size before relaxing)
 .debug_str     0x00000d72      0x21d C:\Users\gregory.byrne\Desktop\Projects\Electrical Engineering\AVR\Avr\AVR Working\Webot\libWebbot-ATMega168.a(ps2.o)
                                0x727 (size before relaxing)
 .debug_str     0x00000f8f      0x1ba C:\Users\gregory.byrne\Desktop\Projects\Electrical Engineering\AVR\Avr\AVR Working\Webot\libWebbot-ATMega168.a(_spi_common.o)
                                0x463 (size before relaxing)
 .debug_str     0x00001149      0x171 C:\Users\gregory.byrne\Desktop\Projects\Electrical Engineering\AVR\Avr\AVR Working\Webot\libWebbot-ATMega168.a(_uart_common.o)
                                0x3a6 (size before relaxing)
 .debug_str     0x000012ba       0xae C:\Users\gregory.byrne\Desktop\Projects\Electrical Engineering\AVR\Avr\AVR Working\Webot\libWebbot-ATMega168.a(buffer.o)
                                0x190 (size before relaxing)
 .debug_str     0x00001368       0x71 C:\Users\gregory.byrne\Desktop\Projects\Electrical Engineering\AVR\Avr\AVR Working\Webot\libWebbot-ATMega168.a(core.o)
                                0x328 (size before relaxing)
 .debug_str     0x000013d9       0x78 C:\Users\gregory.byrne\Desktop\Projects\Electrical Engineering\AVR\Avr\AVR Working\Webot\libWebbot-ATMega168.a(core_interpU.o)
                                0x113 (size before relaxing)
 .debug_str     0x00001451       0x98 C:\Users\gregory.byrne\Desktop\Projects\Electrical Engineering\AVR\Avr\AVR Working\Webot\libWebbot-ATMega168.a(iopin.o)
                                0x170 (size before relaxing)
 .debug_str     0x000014e9       0x32 C:\Users\gregory.byrne\Desktop\Projects\Electrical Engineering\AVR\Avr\AVR Working\Webot\libWebbot-ATMega168.a(led.o)
                                0x11a (size before relaxing)
 .debug_str     0x0000151b       0xc2 C:\Users\gregory.byrne\Desktop\Projects\Electrical Engineering\AVR\Avr\AVR Working\Webot\libWebbot-ATMega168.a(rprintf.o)
                                0x175 (size before relaxing)
 .debug_str     0x000015dd      0x120 C:\Users\gregory.byrne\Desktop\Projects\Electrical Engineering\AVR\Avr\AVR Working\Webot\libWebbot-ATMega168.a(spisw.o)
                                0x592 (size before relaxing)
 .debug_str     0x000016fd      0x60c C:\Users\gregory.byrne\Desktop\Projects\Electrical Engineering\AVR\Avr\AVR Working\Webot\libWebbot-ATMega168.a(timer.o)
                                0xbce (size before relaxing)
 .debug_str     0x00001d09       0x90 C:\Users\gregory.byrne\Desktop\Projects\Electrical Engineering\AVR\Avr\AVR Working\Webot\libWebbot-ATMega168.a(timerCapture.o)
                                0x530 (size before relaxing)
 .debug_str     0x00001d99       0x48 C:\Users\gregory.byrne\Desktop\Projects\Electrical Engineering\AVR\Avr\AVR Working\Webot\libWebbot-ATMega168.a(timerOverflow.o)
                                0x4f2 (size before relaxing)
 .debug_str     0x00001de1       0xca C:\Users\gregory.byrne\Desktop\Projects\Electrical Engineering\AVR\Avr\AVR Working\Webot\libWebbot-ATMega168.a(uart.o)
                                0x35e (size before relaxing)
 .debug_str     0x00001eab       0xa1 C:\Users\gregory.byrne\Desktop\Projects\Electrical Engineering\AVR\Avr\AVR Working\Webot\libWebbot-ATMega168.a(rprintfs.o)
                                0x144 (size before relaxing)
 .debug_str     0x00001f4c       0x95 C:\Users\gregory.byrne\Desktop\Projects\Electrical Engineering\AVR\Avr\AVR Working\Webot\libWebbot-ATMega168.a(scheduler.o)
                                0x5ed (size before relaxing)

.debug_loc      0x00000000     0x576b
 *(.debug_loc)
 .debug_loc     0x00000000       0x78 TheBoatTx.o
 .debug_loc     0x00000078      0x7c4 C:\Users\gregory.byrne\Desktop\Projects\Electrical Engineering\AVR\Avr\AVR Working\Webot\libWebbot-ATMega168.a(ps2.o)
 .debug_loc     0x0000083c      0xa49 C:\Users\gregory.byrne\Desktop\Projects\Electrical Engineering\AVR\Avr\AVR Working\Webot\libWebbot-ATMega168.a(_spi_common.o)
 .debug_loc     0x00001285      0x636 C:\Users\gregory.byrne\Desktop\Projects\Electrical Engineering\AVR\Avr\AVR Working\Webot\libWebbot-ATMega168.a(_uart_common.o)
 .debug_loc     0x000018bb      0x210 C:\Users\gregory.byrne\Desktop\Projects\Electrical Engineering\AVR\Avr\AVR Working\Webot\libWebbot-ATMega168.a(buffer.o)
 .debug_loc     0x00001acb       0xc0 C:\Users\gregory.byrne\Desktop\Projects\Electrical Engineering\AVR\Avr\AVR Working\Webot\libWebbot-ATMega168.a(core.o)
 .debug_loc     0x00001b8b       0xee C:\Users\gregory.byrne\Desktop\Projects\Electrical Engineering\AVR\Avr\AVR Working\Webot\libWebbot-ATMega168.a(core_interpU.o)
 .debug_loc     0x00001c79      0x572 C:\Users\gregory.byrne\Desktop\Projects\Electrical Engineering\AVR\Avr\AVR Working\Webot\libWebbot-ATMega168.a(iopin.o)
 .debug_loc     0x000021eb       0x67 C:\Users\gregory.byrne\Desktop\Projects\Electrical Engineering\AVR\Avr\AVR Working\Webot\libWebbot-ATMega168.a(led.o)
 .debug_loc     0x00002252      0x1ae C:\Users\gregory.byrne\Desktop\Projects\Electrical Engineering\AVR\Avr\AVR Working\Webot\libWebbot-ATMega168.a(rprintf.o)
 .debug_loc     0x00002400      0x7c1 C:\Users\gregory.byrne\Desktop\Projects\Electrical Engineering\AVR\Avr\AVR Working\Webot\libWebbot-ATMega168.a(spisw.o)
 .debug_loc     0x00002bc1     0x1fca C:\Users\gregory.byrne\Desktop\Projects\Electrical Engineering\AVR\Avr\AVR Working\Webot\libWebbot-ATMega168.a(timer.o)
 .debug_loc     0x00004b8b      0x151 C:\Users\gregory.byrne\Desktop\Projects\Electrical Engineering\AVR\Avr\AVR Working\Webot\libWebbot-ATMega168.a(timerCapture.o)
 .debug_loc     0x00004cdc      0x11b C:\Users\gregory.byrne\Desktop\Projects\Electrical Engineering\AVR\Avr\AVR Working\Webot\libWebbot-ATMega168.a(timerOverflow.o)
 .debug_loc     0x00004df7      0x203 C:\Users\gregory.byrne\Desktop\Projects\Electrical Engineering\AVR\Avr\AVR Working\Webot\libWebbot-ATMega168.a(uart.o)
 .debug_loc     0x00004ffa      0x3bb C:\Users\gregory.byrne\Desktop\Projects\Electrical Engineering\AVR\Avr\AVR Working\Webot\libWebbot-ATMega168.a(rprintfs.o)
 .debug_loc     0x000053b5      0x3b6 C:\Users\gregory.byrne\Desktop\Projects\Electrical Engineering\AVR\Avr\AVR Working\Webot\libWebbot-ATMega168.a(scheduler.o)

.debug_macinfo
 *(.debug_macinfo)
OUTPUT(TheBoatTx.elf elf32-avr)
LOAD linker stubs

.debug_ranges   0x00000000       0xa8
 .debug_ranges  0x00000000       0x18 C:\Users\gregory.byrne\Desktop\Projects\Electrical Engineering\AVR\Avr\AVR Working\Webot\libWebbot-ATMega168.a(ps2.o)
 .debug_ranges  0x00000018       0x30 C:\Users\gregory.byrne\Desktop\Projects\Electrical Engineering\AVR\Avr\AVR Working\Webot\libWebbot-ATMega168.a(spisw.o)
 .debug_ranges  0x00000048       0x48 C:\Users\gregory.byrne\Desktop\Projects\Electrical Engineering\AVR\Avr\AVR Working\Webot\libWebbot-ATMega168.a(timer.o)
 .debug_ranges  0x00000090       0x18 C:\Users\gregory.byrne\Desktop\Projects\Electrical Engineering\AVR\Avr\AVR Working\Webot\libWebbot-ATMega168.a(scheduler.o)
