Archive member included because of file (symbol)

c:/winavr-20100110/bin/../lib/gcc/avr/4.3.3/avr5\libgcc.a(_udivmodhi4.o)
                              lcm8b.o (__udivmodhi4)
c:/winavr-20100110/bin/../lib/gcc/avr/4.3.3/avr5\libgcc.a(_divmodhi4.o)
                              lcm8b.o (__divmodhi4)
c:/winavr-20100110/bin/../lib/gcc/avr/4.3.3/avr5\libgcc.a(_exit.o)
                              c:/winavr-20100110/bin/../lib/gcc/avr/4.3.3/../../../../avr/lib/avr5/crtm644pa.o (exit)
c:/winavr-20100110/bin/../lib/gcc/avr/4.3.3/avr5\libgcc.a(_copy_data.o)
                              main.o (__do_copy_data)
c:/winavr-20100110/bin/../lib/gcc/avr/4.3.3/avr5\libgcc.a(_clear_bss.o)
                              timer.o (__do_clear_bss)
c:/winavr-20100110/bin/../lib/gcc/avr/4.3.3/../../../../avr/lib/avr5\libc.a(strcmp.o)
                              timer.o (strcmp)
c:/winavr-20100110/bin/../lib/gcc/avr/4.3.3/../../../../avr/lib/avr5\libc.a(itoa.o)
                              timer.o (itoa)
c:/winavr-20100110/bin/../lib/gcc/avr/4.3.3/../../../../avr/lib/avr5\libc.a(strrev.o)
                              c:/winavr-20100110/bin/../lib/gcc/avr/4.3.3/../../../../avr/lib/avr5\libc.a(itoa.o) (strrev)

Allocating common symbols
Common symbol       size              file

line                0x80              timer.o

Discarded input sections

 .data          0x00000000        0x0 c:/winavr-20100110/bin/../lib/gcc/avr/4.3.3/../../../../avr/lib/avr5/crtm644pa.o
 .bss           0x00000000        0x0 c:/winavr-20100110/bin/../lib/gcc/avr/4.3.3/../../../../avr/lib/avr5/crtm644pa.o
 .text          0x00000000        0x0 adc.o
 .data          0x00000000        0x0 adc.o
 .bss           0x00000000        0x0 adc.o
 .text.adc_get_value
                0x00000000        0x0 adc.o
 .text          0x00000000        0x0 button.o
 .data          0x00000000        0x0 button.o
 .bss           0x00000000        0x0 button.o
 .text          0x00000000        0x0 lcm8b.o
 .data          0x00000000        0x0 lcm8b.o
 .bss           0x00000000        0x0 lcm8b.o
 .text.Lcm1_ShowString_xy
                0x00000000        0x0 lcm8b.o
 .text.Lcm1_Init
                0x00000000        0x0 lcm8b.o
 .text          0x00000000        0x0 led.o
 .data          0x00000000        0x0 led.o
 .bss           0x00000000        0x0 led.o
 .text          0x00000000        0x0 main.o
 .bss           0x00000000        0x0 main.o
 .text          0x00000000        0x0 program_Memory.o
 .data          0x00000000        0x0 program_Memory.o
 .bss           0x00000000        0x0 program_Memory.o
 .text          0x00000000        0x0 timer.o
 .bss           0x00000000        0x0 timer.o
 .bss.msCountedTimer1
                0x00000000        0x0 timer.o
 .text          0x00000000        0x0 uart.o
 .data          0x00000000        0x0 uart.o
 .bss           0x00000000        0x0 uart.o
 .text.uart0_puts_p
                0x00000000        0x0 uart.o
 .text          0x00000000        0x0 c:/winavr-20100110/bin/../lib/gcc/avr/4.3.3/avr5\libgcc.a(_udivmodhi4.o)
 .data          0x00000000        0x0 c:/winavr-20100110/bin/../lib/gcc/avr/4.3.3/avr5\libgcc.a(_udivmodhi4.o)
 .bss           0x00000000        0x0 c:/winavr-20100110/bin/../lib/gcc/avr/4.3.3/avr5\libgcc.a(_udivmodhi4.o)
 .text          0x00000000        0x0 c:/winavr-20100110/bin/../lib/gcc/avr/4.3.3/avr5\libgcc.a(_divmodhi4.o)
 .data          0x00000000        0x0 c:/winavr-20100110/bin/../lib/gcc/avr/4.3.3/avr5\libgcc.a(_divmodhi4.o)
 .bss           0x00000000        0x0 c:/winavr-20100110/bin/../lib/gcc/avr/4.3.3/avr5\libgcc.a(_divmodhi4.o)
 .text          0x00000000        0x0 c:/winavr-20100110/bin/../lib/gcc/avr/4.3.3/avr5\libgcc.a(_exit.o)
 .data          0x00000000        0x0 c:/winavr-20100110/bin/../lib/gcc/avr/4.3.3/avr5\libgcc.a(_exit.o)
 .bss           0x00000000        0x0 c:/winavr-20100110/bin/../lib/gcc/avr/4.3.3/avr5\libgcc.a(_exit.o)
 .text.libgcc   0x00000000        0x0 c:/winavr-20100110/bin/../lib/gcc/avr/4.3.3/avr5\libgcc.a(_exit.o)
 .text          0x00000000        0x0 c:/winavr-20100110/bin/../lib/gcc/avr/4.3.3/avr5\libgcc.a(_copy_data.o)
 .data          0x00000000        0x0 c:/winavr-20100110/bin/../lib/gcc/avr/4.3.3/avr5\libgcc.a(_copy_data.o)
 .bss           0x00000000        0x0 c:/winavr-20100110/bin/../lib/gcc/avr/4.3.3/avr5\libgcc.a(_copy_data.o)
 .text.libgcc   0x00000000        0x0 c:/winavr-20100110/bin/../lib/gcc/avr/4.3.3/avr5\libgcc.a(_copy_data.o)
 .text          0x00000000        0x0 c:/winavr-20100110/bin/../lib/gcc/avr/4.3.3/avr5\libgcc.a(_clear_bss.o)
 .data          0x00000000        0x0 c:/winavr-20100110/bin/../lib/gcc/avr/4.3.3/avr5\libgcc.a(_clear_bss.o)
 .bss           0x00000000        0x0 c:/winavr-20100110/bin/../lib/gcc/avr/4.3.3/avr5\libgcc.a(_clear_bss.o)
 .text.libgcc   0x00000000        0x0 c:/winavr-20100110/bin/../lib/gcc/avr/4.3.3/avr5\libgcc.a(_clear_bss.o)
 .text          0x00000000        0x0 c:/winavr-20100110/bin/../lib/gcc/avr/4.3.3/../../../../avr/lib/avr5\libc.a(strcmp.o)
 .data          0x00000000        0x0 c:/winavr-20100110/bin/../lib/gcc/avr/4.3.3/../../../../avr/lib/avr5\libc.a(strcmp.o)
 .bss           0x00000000        0x0 c:/winavr-20100110/bin/../lib/gcc/avr/4.3.3/../../../../avr/lib/avr5\libc.a(strcmp.o)
 .text          0x00000000        0x0 c:/winavr-20100110/bin/../lib/gcc/avr/4.3.3/../../../../avr/lib/avr5\libc.a(itoa.o)
 .data          0x00000000        0x0 c:/winavr-20100110/bin/../lib/gcc/avr/4.3.3/../../../../avr/lib/avr5\libc.a(itoa.o)
 .bss           0x00000000        0x0 c:/winavr-20100110/bin/../lib/gcc/avr/4.3.3/../../../../avr/lib/avr5\libc.a(itoa.o)
 .text          0x00000000        0x0 c:/winavr-20100110/bin/../lib/gcc/avr/4.3.3/../../../../avr/lib/avr5\libc.a(strrev.o)
 .data          0x00000000        0x0 c:/winavr-20100110/bin/../lib/gcc/avr/4.3.3/../../../../avr/lib/avr5\libc.a(strrev.o)
 .bss           0x00000000        0x0 c:/winavr-20100110/bin/../lib/gcc/avr/4.3.3/../../../../avr/lib/avr5\libc.a(strrev.o)

Memory Configuration

Name             Origin             Length             Attributes
text             0x00000000         0x00020000         xr
data             0x00800060         0x0000ffa0         rw !x
eeprom           0x00810000         0x00010000         rw !x
fuse             0x00820000         0x00000400         rw !x
lock             0x00830000         0x00000400         rw !x
signature        0x00840000         0x00000400         rw !x
*default*        0x00000000         0xffffffff

Linker script and memory map

Address of section .data set to 0x800100
LOAD c:/winavr-20100110/bin/../lib/gcc/avr/4.3.3/../../../../avr/lib/avr5/crtm644pa.o
LOAD adc.o
LOAD button.o
LOAD lcm8b.o
LOAD led.o
LOAD main.o
LOAD program_Memory.o
LOAD timer.o
LOAD uart.o
START GROUP
LOAD c:/winavr-20100110/bin/../lib/gcc/avr/4.3.3/../../../../avr/lib/avr5\libm.a
END GROUP
LOAD c:/winavr-20100110/bin/../lib/gcc/avr/4.3.3/avr5\libgcc.a
LOAD c:/winavr-20100110/bin/../lib/gcc/avr/4.3.3/../../../../avr/lib/avr5\libc.a
LOAD c:/winavr-20100110/bin/../lib/gcc/avr/4.3.3/avr5\libgcc.a

.hash
 *(.hash)

.dynsym
 *(.dynsym)

.dynstr
 *(.dynstr)

.gnu.version
 *(.gnu.version)

.gnu.version_d
 *(.gnu.version_d)

.gnu.version_r
 *(.gnu.version_r)

.rel.init
 *(.rel.init)

.rela.init
 *(.rela.init)

.rel.text
 *(.rel.text)
 *(.rel.text.*)
 *(.rel.gnu.linkonce.t*)

.rela.text
 *(.rela.text)
 *(.rela.text.*)
 *(.rela.gnu.linkonce.t*)

.rel.fini
 *(.rel.fini)

.rela.fini
 *(.rela.fini)

.rel.rodata
 *(.rel.rodata)
 *(.rel.rodata.*)
 *(.rel.gnu.linkonce.r*)

.rela.rodata
 *(.rela.rodata)
 *(.rela.rodata.*)
 *(.rela.gnu.linkonce.r*)

.rel.data
 *(.rel.data)
 *(.rel.data.*)
 *(.rel.gnu.linkonce.d*)

.rela.data
 *(.rela.data)
 *(.rela.data.*)
 *(.rela.gnu.linkonce.d*)

.rel.ctors
 *(.rel.ctors)

.rela.ctors
 *(.rela.ctors)

.rel.dtors
 *(.rel.dtors)

.rela.dtors
 *(.rela.dtors)

.rel.got
 *(.rel.got)

.rela.got
 *(.rela.got)

.rel.bss
 *(.rel.bss)

.rela.bss
 *(.rela.bss)

.rel.plt
 *(.rel.plt)

.rela.plt
 *(.rela.plt)

.text           0x00000000      0xe46
 *(.vectors)
 .vectors       0x00000000       0x7c c:/winavr-20100110/bin/../lib/gcc/avr/4.3.3/../../../../avr/lib/avr5/crtm644pa.o
                0x00000000                __vectors
                0x00000000                __vector_default
 *(.vectors)
 *(.progmem.gcc*)
 *(.progmem*)
 .progmem.data  0x0000007c       0x4e program_Memory.o
                0x0000007c                LCDanimation
                0x0000008a                LcdCustomChar
                0x000000ca                . = ALIGN (0x2)
                0x000000ca                __trampolines_start = .
 *(.trampolines)
 .trampolines   0x000000ca        0x0 linker stubs
 *(.trampolines*)
                0x000000ca                __trampolines_end = .
 *(.jumptables)
 *(.jumptables*)
 *(.lowtext)
 *(.lowtext*)
                0x000000ca                __ctors_start = .
 *(.ctors)
                0x000000ca                __ctors_end = .
                0x000000ca                __dtors_start = .
 *(.dtors)
                0x000000ca                __dtors_end = .
 SORT(*)(.ctors)
 SORT(*)(.dtors)
 *(.init0)
 .init0         0x000000ca        0x0 c:/winavr-20100110/bin/../lib/gcc/avr/4.3.3/../../../../avr/lib/avr5/crtm644pa.o
                0x000000ca                __init
 *(.init0)
 *(.init1)
 *(.init1)
 *(.init2)
 .init2         0x000000ca        0xc c:/winavr-20100110/bin/../lib/gcc/avr/4.3.3/../../../../avr/lib/avr5/crtm644pa.o
 *(.init2)
 *(.init3)
 *(.init3)
 *(.init4)
 .init4         0x000000d6       0x16 c:/winavr-20100110/bin/../lib/gcc/avr/4.3.3/avr5\libgcc.a(_copy_data.o)
                0x000000d6                __do_copy_data
 .init4         0x000000ec       0x10 c:/winavr-20100110/bin/../lib/gcc/avr/4.3.3/avr5\libgcc.a(_clear_bss.o)
                0x000000ec                __do_clear_bss
 *(.init4)
 *(.init5)
 *(.init5)
 *(.init6)
 *(.init6)
 *(.init7)
 *(.init7)
 *(.init8)
 *(.init8)
 *(.init9)
 .init9         0x000000fc        0x8 c:/winavr-20100110/bin/../lib/gcc/avr/4.3.3/../../../../avr/lib/avr5/crtm644pa.o
 *(.init9)
 *(.text)
 .text          0x00000104        0x4 c:/winavr-20100110/bin/../lib/gcc/avr/4.3.3/../../../../avr/lib/avr5/crtm644pa.o
                0x00000104                __vector_22
                0x00000104                __vector_28
                0x00000104                __vector_1
                0x00000104                __vector_24
                0x00000104                __vector_12
                0x00000104                __bad_interrupt
                0x00000104                __vector_6
                0x00000104                __vector_3
                0x00000104                __vector_23
                0x00000104                __vector_30
                0x00000104                __vector_25
                0x00000104                __vector_13
                0x00000104                __vector_17
                0x00000104                __vector_19
                0x00000104                __vector_7
                0x00000104                __vector_27
                0x00000104                __vector_5
                0x00000104                __vector_4
                0x00000104                __vector_9
                0x00000104                __vector_2
                0x00000104                __vector_29
                0x00000104                __vector_8
                0x00000104                __vector_26
                0x00000104                __vector_14
                0x00000104                __vector_10
                0x00000104                __vector_16
                0x00000108                . = ALIGN (0x2)
 *(.text.*)
 .text.adc_init
                0x00000108       0x26 adc.o
                0x00000108                adc_init
 .text.adc_get_value_ref
                0x0000012e       0x42 adc.o
                0x0000012e                adc_get_value_ref
 .text.initButtons
                0x00000170       0x12 button.o
                0x00000170                initButtons
 .text.buttonIsPressed
                0x00000182       0x50 button.o
                0x00000182                buttonIsPressed
 .text.Lcm1_CheckBusy
                0x000001d2       0x44 lcm8b.o
                0x000001d2                Lcm1_CheckBusy
 .text.Lcm1_Write_Instruction
                0x00000216       0x24 lcm8b.o
                0x00000216                Lcm1_Write_Instruction
 .text.Lcm1_WriteData
                0x0000023a       0x24 lcm8b.o
                0x0000023a                Lcm1_WriteData
 .text.Lcm1_ShowString
                0x0000025e       0x24 lcm8b.o
                0x0000025e                Lcm1_ShowString
 .text.Lcm1_SetCursor
                0x00000282       0x30 lcm8b.o
                0x00000282                Lcm1_SetCursor
 .text.Lcm1_Clearscreen
                0x000002b2        0x8 lcm8b.o
                0x000002b2                Lcm1_Clearscreen
 .text.LCDdefinechar
                0x000002ba       0x48 lcm8b.o
                0x000002ba                LCDdefinechar
 .text.oledMod_Init
                0x00000302      0x13c lcm8b.o
                0x00000302                oledMod_Init
 .text.LCDprogressBar
                0x0000043e       0xac lcm8b.o
                0x0000043e                LCDprogressBar
 .text.initLEDs
                0x000004ea       0x12 led.o
                0x000004ea                initLEDs
 .text.toggleLED
                0x000004fc       0x26 led.o
                0x000004fc                toggleLED
 .text.progress
                0x00000522       0x6e main.o
                0x00000522                progress
 .text.init     0x00000590       0x72 main.o
                0x00000590                init
 .text.main     0x00000602        0x8 main.o
                0x00000602                main
 .text.Timer0_Init
                0x0000060a       0x2a timer.o
                0x0000060a                Timer0_Init
 .text.Timer1_Init
                0x00000634       0x32 timer.o
                0x00000634                Timer1_Init
 .text.Timer2_Init
                0x00000666       0x24 timer.o
                0x00000666                Timer2_Init
 .text.__vector_15
                0x0000068a       0x4e timer.o
                0x0000068a                __vector_15
 .text.__vector_11
                0x000006d8       0xaa timer.o
                0x000006d8                __vector_11
 .text.__vector_18
                0x00000782      0x420 timer.o
                0x00000782                __vector_18
 .text.__vector_20
                0x00000ba2       0x64 uart.o
                0x00000ba2                __vector_20
 .text.__vector_21
                0x00000c06       0x56 uart.o
                0x00000c06                __vector_21
 .text.uart0_init
                0x00000c5c       0x34 uart.o
                0x00000c5c                uart0_init
 .text.uart0_getc
                0x00000c90       0x3e uart.o
                0x00000c90                uart0_getc
 .text.uart0_peek
                0x00000cce       0x3a uart.o
                0x00000cce                uart0_peek
 .text.uart0_putc
                0x00000d08       0x34 uart.o
                0x00000d08                uart0_putc
 .text.uart0_puts
                0x00000d3c       0x1e uart.o
                0x00000d3c                uart0_puts
 .text.uart0_available
                0x00000d5a       0x1c uart.o
                0x00000d5a                uart0_available
 .text.uart0_flush
                0x00000d76        0xa uart.o
                0x00000d76                uart0_flush
 .text.libgcc   0x00000d80       0x28 c:/winavr-20100110/bin/../lib/gcc/avr/4.3.3/avr5\libgcc.a(_udivmodhi4.o)
                0x00000d80                __udivmodhi4
 .text.libgcc   0x00000da8       0x26 c:/winavr-20100110/bin/../lib/gcc/avr/4.3.3/avr5\libgcc.a(_divmodhi4.o)
                0x00000da8                __divmodhi4
                0x00000da8                _div
 .text.avr-libc
                0x00000dce       0x12 c:/winavr-20100110/bin/../lib/gcc/avr/4.3.3/../../../../avr/lib/avr5\libc.a(strcmp.o)
                0x00000dce                strcmp
 .text.avr-libc
                0x00000de0       0x42 c:/winavr-20100110/bin/../lib/gcc/avr/4.3.3/../../../../avr/lib/avr5\libc.a(itoa.o)
                0x00000de0                itoa
 .text.avr-libc
                0x00000e22       0x20 c:/winavr-20100110/bin/../lib/gcc/avr/4.3.3/../../../../avr/lib/avr5\libc.a(strrev.o)
                0x00000e22                strrev
                0x00000e42                . = ALIGN (0x2)
 *(.fini9)
 .fini9         0x00000e42        0x0 c:/winavr-20100110/bin/../lib/gcc/avr/4.3.3/avr5\libgcc.a(_exit.o)
                0x00000e42                exit
                0x00000e42                _exit
 *(.fini9)
 *(.fini8)
 *(.fini8)
 *(.fini7)
 *(.fini7)
 *(.fini6)
 *(.fini6)
 *(.fini5)
 *(.fini5)
 *(.fini4)
 *(.fini4)
 *(.fini3)
 *(.fini3)
 *(.fini2)
 *(.fini2)
 *(.fini1)
 *(.fini1)
 *(.fini0)
 .fini0         0x00000e42        0x4 c:/winavr-20100110/bin/../lib/gcc/avr/4.3.3/avr5\libgcc.a(_exit.o)
 *(.fini0)
                0x00000e46                _etext = .

.data           0x00800100      0x10a load address 0x00000e46
                0x00800100                PROVIDE (__data_start, .)
 *(.data)
 .data          0x00800100       0x35 main.o
 .data          0x00800135       0xd0 timer.o
 *(.data*)
 .data.state    0x00800205        0x2 timer.o
                0x00800205                state
 .data.toggleMsTime
                0x00800207        0x2 timer.o
                0x00800207                toggleMsTime
 *(.rodata)
 *(.rodata*)
 *(.gnu.linkonce.d*)
                0x0080020a                . = ALIGN (0x2)
 *fill*         0x00800209        0x1 00
                0x0080020a                _edata = .
                0x0080020a                PROVIDE (__data_end, .)

.bss            0x0080020a      0x190
                0x0080020a                PROVIDE (__bss_start, .)
 *(.bss)
 *(.bss*)
 .bss.repeat_cnt0
                0x0080020a        0x2 timer.o
                0x0080020a                repeat_cnt0
 .bss.repeat_cnt1
                0x0080020c        0x2 timer.o
                0x0080020c                repeat_cnt1
 .bss.repeat_cnt2
                0x0080020e        0x2 timer.o
                0x0080020e                repeat_cnt2
 .bss.msCountedTimer0
                0x00800210        0x2 timer.o
                0x00800210                msCountedTimer0
 .bss.msCountedTimer2
                0x00800212        0x2 timer.o
                0x00800212                msCountedTimer2
 .bss.lineIndex
                0x00800214        0x1 timer.o
                0x00800214                lineIndex
 .bss.UART_TxBuf
                0x00800215       0x80 uart.o
 .bss.UART_RxBuf
                0x00800295       0x80 uart.o
 .bss.UART_TxHead
                0x00800315        0x1 uart.o
 .bss.UART_TxTail
                0x00800316        0x1 uart.o
 .bss.UART_RxHead
                0x00800317        0x1 uart.o
 .bss.UART_RxTail
                0x00800318        0x1 uart.o
 .bss.UART_LastRxError
                0x00800319        0x1 uart.o
 *(COMMON)
 COMMON         0x0080031a       0x80 timer.o
                0x0080031a                line
                0x0080039a                PROVIDE (__bss_end, .)
                0x00000e46                __data_load_start = LOADADDR (.data)
                0x00000f50                __data_load_end = (__data_load_start + SIZEOF (.data))

.noinit         0x0080039a        0x0
                0x0080039a                PROVIDE (__noinit_start, .)
 *(.noinit*)
                0x0080039a                PROVIDE (__noinit_end, .)
                0x0080039a                _end = .
                0x0080039a                PROVIDE (__heap_start, .)

.eeprom         0x00810000        0x0
 *(.eeprom*)
                0x00810000                __eeprom_end = .

.fuse
 *(.fuse)
 *(.lfuse)
 *(.hfuse)
 *(.efuse)

.lock
 *(.lock*)

.signature
 *(.signature*)

.stab
 *(.stab)

.stabstr
 *(.stabstr)

.stab.excl
 *(.stab.excl)

.stab.exclstr
 *(.stab.exclstr)

.stab.index
 *(.stab.index)

.stab.indexstr
 *(.stab.indexstr)

.comment
 *(.comment)

.debug
 *(.debug)

.line
 *(.line)

.debug_srcinfo
 *(.debug_srcinfo)

.debug_sfnames
 *(.debug_sfnames)

.debug_aranges  0x00000000      0x1d0
 *(.debug_aranges)
 .debug_aranges
                0x00000000       0x30 adc.o
 .debug_aranges
                0x00000030       0x28 button.o
 .debug_aranges
                0x00000058       0x70 lcm8b.o
 .debug_aranges
                0x000000c8       0x28 led.o
 .debug_aranges
                0x000000f0       0x30 main.o
 .debug_aranges
                0x00000120       0x48 timer.o
 .debug_aranges
                0x00000168       0x68 uart.o

.debug_pubnames
                0x00000000      0x3bc
 *(.debug_pubnames)
 .debug_pubnames
                0x00000000       0x47 adc.o
 .debug_pubnames
                0x00000047       0x36 button.o
 .debug_pubnames
                0x0000007d       0xea lcm8b.o
 .debug_pubnames
                0x00000167       0x2d led.o
 .debug_pubnames
                0x00000194       0x31 main.o
 .debug_pubnames
                0x000001c5       0x35 program_Memory.o
 .debug_pubnames
                0x000001fa      0x110 timer.o
 .debug_pubnames
                0x0000030a       0xb2 uart.o

.debug_info     0x00000000     0x1214
 *(.debug_info)
 .debug_info    0x00000000      0x1a2 adc.o
 .debug_info    0x000001a2       0xa8 button.o
 .debug_info    0x0000024a      0x6df lcm8b.o
 .debug_info    0x00000929       0xa4 led.o
 .debug_info    0x000009cd      0x233 main.o
 .debug_info    0x00000c00       0xc4 program_Memory.o
 .debug_info    0x00000cc4      0x209 timer.o
 .debug_info    0x00000ecd      0x347 uart.o
 *(.gnu.linkonce.wi.*)

.debug_abbrev   0x00000000      0x6ef
 *(.debug_abbrev)
 .debug_abbrev  0x00000000       0xe5 adc.o
 .debug_abbrev  0x000000e5       0x70 button.o
 .debug_abbrev  0x00000155      0x18c lcm8b.o
 .debug_abbrev  0x000002e1       0x6e led.o
 .debug_abbrev  0x0000034f      0x12a main.o
 .debug_abbrev  0x00000479       0x6a program_Memory.o
 .debug_abbrev  0x000004e3       0xe6 timer.o
 .debug_abbrev  0x000005c9      0x126 uart.o

.debug_line     0x00000000     0x13db
 *(.debug_line)
 .debug_line    0x00000000      0x1a1 adc.o
 .debug_line    0x000001a1       0xb3 button.o
 .debug_line    0x00000254      0x66e lcm8b.o
 .debug_line    0x000008c2       0xa8 led.o
 .debug_line    0x0000096a      0x261 main.o
 .debug_line    0x00000bcb       0x90 program_Memory.o
 .debug_line    0x00000c5b      0x468 timer.o
 .debug_line    0x000010c3      0x318 uart.o

.debug_frame    0x00000000      0x2c0
 *(.debug_frame)
 .debug_frame   0x00000000       0x40 adc.o
 .debug_frame   0x00000040       0x30 button.o
 .debug_frame   0x00000070       0xc0 lcm8b.o
 .debug_frame   0x00000130       0x30 led.o
 .debug_frame   0x00000160       0x40 main.o
 .debug_frame   0x000001a0       0x70 timer.o
 .debug_frame   0x00000210       0xb0 uart.o

.debug_str      0x00000000      0x4ae
 *(.debug_str)
 .debug_str     0x00000000      0x105 adc.o
                                0x13e (size before relaxing)
 .debug_str     0x00000105       0x31 button.o
                                 0xf8 (size before relaxing)
 .debug_str     0x00000136      0x13c lcm8b.o
                                0x255 (size before relaxing)
 .debug_str     0x00000272       0x25 led.o
                                 0xec (size before relaxing)
 .debug_str     0x00000297       0x11 main.o
                                0x131 (size before relaxing)
 .debug_str     0x000002a8       0x23 program_Memory.o
                                0x100 (size before relaxing)
 .debug_str     0x000002cb       0xd4 timer.o
                                0x19b (size before relaxing)
 .debug_str     0x0000039f      0x10f uart.o
                                0x1f9 (size before relaxing)

.debug_loc      0x00000000      0x7b9
 *(.debug_loc)
 .debug_loc     0x00000000       0x69 adc.o
 .debug_loc     0x00000069       0x38 button.o
 .debug_loc     0x000000a1      0x44f lcm8b.o
 .debug_loc     0x000004f0       0x38 led.o
 .debug_loc     0x00000528       0xbb main.o
 .debug_loc     0x000005e3       0x28 timer.o
 .debug_loc     0x0000060b      0x1ae uart.o

.debug_macinfo
 *(.debug_macinfo)
OUTPUT(644_testV1.elf elf32-avr)
LOAD linker stubs

.debug_ranges   0x00000000      0x260
 .debug_ranges  0x00000000       0x28 adc.o
 .debug_ranges  0x00000028       0x20 button.o
 .debug_ranges  0x00000048       0xb0 lcm8b.o
 .debug_ranges  0x000000f8       0x20 led.o
 .debug_ranges  0x00000118       0x70 main.o
 .debug_ranges  0x00000188       0x58 timer.o
 .debug_ranges  0x000001e0       0x80 uart.o
